Archive member included to satisfy reference by file (symbol)

lib/libhpm_sdk_gcc_lib.a(start.S.obj)
                              (--whole-archive)
lib/libhpm_sdk_gcc_lib.a(initfini.c.obj)
                              (--whole-archive)
lib/libhpm_sdk_gcc_lib.a(SEGGER_RTT_Syscalls_GCC.c.obj)
                              (--whole-archive)
lib/libhpm_sdk_lib.a(pinmux.c.obj)
                              (--whole-archive)
lib/libhpm_sdk_lib.a(board.c.obj)
                              (--whole-archive)
lib/libhpm_sdk_lib.a(reset.c.obj)
                              (--whole-archive)
lib/libhpm_sdk_lib.a(trap.c.obj)
                              (--whole-archive)
lib/libhpm_sdk_lib.a(system.c.obj)
                              (--whole-archive)
lib/libhpm_sdk_lib.a(hpm_sysctl_drv.c.obj)
                              (--whole-archive)
lib/libhpm_sdk_lib.a(hpm_l1c_drv.c.obj)
                              (--whole-archive)
lib/libhpm_sdk_lib.a(hpm_clock_drv.c.obj)
                              (--whole-archive)
lib/libhpm_sdk_lib.a(hpm_otp_drv.c.obj)
                              (--whole-archive)
lib/libhpm_sdk_lib.a(hpm_bootheader.c.obj)
                              (--whole-archive)
lib/libhpm_sdk_lib.a(hpm_uart_drv.c.obj)
                              (--whole-archive)
lib/libhpm_sdk_lib.a(hpm_i2c_drv.c.obj)
                              (--whole-archive)
lib/libhpm_sdk_lib.a(hpm_pmp_drv.c.obj)
                              (--whole-archive)
lib/libhpm_sdk_lib.a(hpm_gpio_drv.c.obj)
                              (--whole-archive)
lib/libhpm_sdk_lib.a(hpm_spi_drv.c.obj)
                              (--whole-archive)
lib/libhpm_sdk_lib.a(hpm_gptmr_drv.c.obj)
                              (--whole-archive)
lib/libhpm_sdk_lib.a(hpm_pllctlv2_drv.c.obj)
                              (--whole-archive)
lib/libhpm_sdk_lib.a(hpm_usb_drv.c.obj)
                              (--whole-archive)
lib/libhpm_sdk_lib.a(hpm_acmp_drv.c.obj)
                              (--whole-archive)
lib/libhpm_sdk_lib.a(hpm_adc16_drv.c.obj)
                              (--whole-archive)
lib/libhpm_sdk_lib.a(hpm_pcfg_drv.c.obj)
                              (--whole-archive)
lib/libhpm_sdk_lib.a(hpm_mchtmr_drv.c.obj)
                              (--whole-archive)
lib/libhpm_sdk_lib.a(hpm_tsns_drv.c.obj)
                              (--whole-archive)
lib/libhpm_sdk_lib.a(hpm_crc_drv.c.obj)
                              (--whole-archive)
lib/libhpm_sdk_lib.a(hpm_dmav2_drv.c.obj)
                              (--whole-archive)
lib/libhpm_sdk_lib.a(hpm_ewdg_drv.c.obj)
                              (--whole-archive)
lib/libhpm_sdk_lib.a(hpm_sbrk.c.obj)
                              (--whole-archive)
lib/libhpm_sdk_lib.a(hpm_swap.c.obj)
                              (--whole-archive)
lib/libhpm_sdk_lib.a(hpm_ffssi.c.obj)
                              (--whole-archive)
lib/libhpm_sdk_lib.a(hpm_crc32.c.obj)
                              (--whole-archive)
lib/libhpm_sdk_lib.a(hpm_usb_device.c.obj)
                              (--whole-archive)
lib/libhpm_sdk_lib.a(SEGGER_RTT.c.obj)
                              (--whole-archive)
lib/libhpm_sdk_lib.a(SEGGER_RTT_printf.c.obj)
                              (--whole-archive)
lib/libhpm_sdk_lib.a(usbd_core.c.obj)
                              (--whole-archive)
lib/libhpm_sdk_lib.a(usb_dc_hpm.c.obj)
                              (--whole-archive)
D:/tools/HPMicro/sdk_env/toolchains/rv32imac_zicsr_zifencei_multilib_b_ext-win/bin/../lib/gcc/riscv32-unknown-elf/13.2.0/rv32imac_zicsr_zifencei_zba_zbb_zbc_zbs/ilp32\libgcc.a(_divdi3.o)
                              lib/libhpm_sdk_lib.a(hpm_i2c_drv.c.obj) (__divdi3)
D:/tools/HPMicro/sdk_env/toolchains/rv32imac_zicsr_zifencei_multilib_b_ext-win/bin/../lib/gcc/riscv32-unknown-elf/13.2.0/rv32imac_zicsr_zifencei_zba_zbb_zbc_zbs/ilp32\libgcc.a(_udivdi3.o)
                              lib/libhpm_sdk_lib.a(hpm_i2c_drv.c.obj) (__udivdi3)
D:/tools/HPMicro/sdk_env/toolchains/rv32imac_zicsr_zifencei_multilib_b_ext-win/bin/../lib/gcc/riscv32-unknown-elf/13.2.0/rv32imac_zicsr_zifencei_zba_zbb_zbc_zbs/ilp32\libgcc.a(adddf3.o)
                              lib/libhpm_sdk_lib.a(hpm_pllctlv2_drv.c.obj) (__adddf3)
D:/tools/HPMicro/sdk_env/toolchains/rv32imac_zicsr_zifencei_multilib_b_ext-win/bin/../lib/gcc/riscv32-unknown-elf/13.2.0/rv32imac_zicsr_zifencei_zba_zbb_zbc_zbs/ilp32\libgcc.a(divdf3.o)
                              lib/libhpm_sdk_lib.a(hpm_pllctlv2_drv.c.obj) (__divdf3)
D:/tools/HPMicro/sdk_env/toolchains/rv32imac_zicsr_zifencei_multilib_b_ext-win/bin/../lib/gcc/riscv32-unknown-elf/13.2.0/rv32imac_zicsr_zifencei_zba_zbb_zbc_zbs/ilp32\libgcc.a(muldf3.o)
                              lib/libhpm_sdk_lib.a(hpm_pllctlv2_drv.c.obj) (__muldf3)
D:/tools/HPMicro/sdk_env/toolchains/rv32imac_zicsr_zifencei_multilib_b_ext-win/bin/../lib/gcc/riscv32-unknown-elf/13.2.0/rv32imac_zicsr_zifencei_zba_zbb_zbc_zbs/ilp32\libgcc.a(fixunsdfsi.o)
[...]
Memory Configuration

Name             Origin             Length             Attributes
XPI0             0x80000000         0x00100000         xr
ILM              0x00000000         0x00020000         xw
DLM              0x00080000         0x00020000         w
AHB_SRAM         0xf0400000         0x00008000         w
*default*        0x00000000         0xffffffff

Linker script and memory map

LOAD CMakeFiles/app.dir/application/source/main.c.obj
LOAD CMakeFiles/app.dir/application/source/usb_osbdm.c.obj
LOAD CMakeFiles/app.dir/middleware/easylogger/port/elog_port.c.obj
LOAD CMakeFiles/app.dir/middleware/easylogger/src/elog.c.obj
LOAD CMakeFiles/app.dir/middleware/easylogger/src/elog_utils.c.obj
LOAD CMakeFiles/app.dir/osbdm/board_id.c.obj
LOAD CMakeFiles/app.dir/osbdm/cmd_processing.c.obj
LOAD CMakeFiles/app.dir/osbdm/jtag_eppc.c.obj
LOAD CMakeFiles/app.dir/osbdm/util.c.obj
LOAD lib/libhpm_sdk_gcc_lib.a
LOAD lib/libhpm_sdk_lib.a
                0x00004000                        _heap_size = 0x4000
                0x00004000                        _stack_size = 0x4000
                0x00100000                        _flash_size = 0x100000
LOAD D:/tools/HPMicro/sdk_env/toolchains/rv32imac_zicsr_zifencei_multilib_b_ext-win/bin/../lib/gcc/riscv32-unknown-elf/13.2.0/rv32imac_zicsr_zifencei_zba_zbb_zbc_zbs/ilp32\libgcc.a
LOAD D:/tools/HPMicro/sdk_env/toolchains/rv32imac_zicsr_zifencei_multilib_b_ext-win/bin/../lib/gcc/riscv32-unknown-elf/13.2.0/../../../../riscv32-unknown-elf/lib/rv32imac_zicsr_zifencei_zba_zbb_zbc_zbs/ilp32\libg_nano.a
LOAD D:/tools/HPMicro/sdk_env/toolchains/rv32imac_zicsr_zifencei_multilib_b_ext-win/bin/../lib/gcc/riscv32-unknown-elf/13.2.0/../../../../riscv32-unknown-elf/lib/rv32imac_zicsr_zifencei_zba_zbb_zbc_zbs/ilp32\libc_nano.a
LOAD D:/tools/HPMicro/sdk_env/toolchains/rv32imac_zicsr_zifencei_multilib_b_ext-win/bin/../lib/gcc/riscv32-unknown-elf/13.2.0/rv32imac_zicsr_zifencei_zba_zbb_zbc_zbs/ilp32\libgcc.a
START GROUP
LOAD D:/tools/HPMicro/sdk_env/toolchains/rv32imac_zicsr_zifencei_multilib_b_ext-win/bin/../lib/gcc/riscv32-unknown-elf/13.2.0/rv32imac_zicsr_zifencei_zba_zbb_zbc_zbs/ilp32\libgcc.a
LOAD D:/tools/HPMicro/sdk_env/toolchains/rv32imac_zicsr_zifencei_multilib_b_ext-win/bin/../lib/gcc/riscv32-unknown-elf/13.2.0/../../../../riscv32-unknown-elf/lib/rv32imac_zicsr_zifencei_zba_zbb_zbc_zbs/ilp32\libc_nano.a
LOAD D:/tools/HPMicro/sdk_env/toolchains/rv32imac_zicsr_zifencei_multilib_b_ext-win/bin/../lib/gcc/riscv32-unknown-elf/13.2.0/../../../../riscv32-unknown-elf/lib/rv32imac_zicsr_zifencei_zba_zbb_zbc_zbs/ilp32\libgloss_nano.a
END GROUP
                0x00004000                        STACK_SIZE = _stack_size
                0x00004000                        HEAP_SIZE = _heap_size
                0x80000400                        __nor_cfg_option_load_addr__ = (ORIGIN (XPI0) + 0x400)
                0x80001000                        __boot_header_load_addr__ = (ORIGIN (XPI0) + 0x1000)
                0x80003000                        __app_load_addr__ = (ORIGIN (XPI0) + 0x3000)
                0x00000090                        __boot_header_length__ = (__boot_header_end__ - __boot_header_start__)
                0x00002000                        __app_offset__ = (__app_load_addr__ - __boot_header_load_addr__)

.nor_cfg_option
                0x80000400       0x10
 *(.nor_cfg_option)
 .nor_cfg_option
                0x80000400       0x10 lib/libhpm_sdk_lib.a(board.c.obj)
                0x80000400                option

.boot_header    0x80001000       0x90
                0x80001000                        __boot_header_start__ = .
 *(.boot_header)
 .boot_header   0x80001000       0x10 lib/libhpm_sdk_lib.a(hpm_bootheader.c.obj)
                0x80001000                header
 *(.fw_info_table)
 .fw_info_table
                0x80001010       0x80 lib/libhpm_sdk_lib.a(hpm_bootheader.c.obj)
                0x80001010                fw_info
 *(.dc_info)
                0x80001090                        __boot_header_end__ = .

.start          0x80003000       0x4a
                0x80003000                        . = ALIGN (0x8)
 *(.start)
 .start         0x80003000       0x4a lib/libhpm_sdk_gcc_lib.a(start.S.obj)
                0x80003000                _start
                0x80003048                exit
                0x8000304a                        __vector_load_addr__ = (ADDR (.start) + SIZEOF (.start))

.vectors        0x00000000      0x340 load address 0x8000304a
                0x00000000                        . = ALIGN (0x8)
                0x00000000                        __vector_ram_start__ = .
 *(.vector_table)
 .vector_table  0x00000000      0x124 lib/libhpm_sdk_gcc_lib.a(start.S.obj)
                0x00000000                __vector_table
 *(.isr_vector)
 .isr_vector    0x00000124        0x8 lib/libhpm_sdk_gcc_lib.a(start.S.obj)
                0x00000124                nmi_handler
                0x00000128                default_isr_17
                0x00000128                default_isr_9
                0x00000128                default_isr_61
                0x00000128                default_isr_35
                0x00000128                default_isr_41
                0x00000128                default_isr_66
                0x00000128                default_isr_23
                0x00000128                default_isr_5
                0x00000128                default_isr_68
                0x00000128                default_isr_25
                0x00000128                default_isr_31
                0x00000128                default_isr_53
                0x00000128                default_isr_27
                0x00000128                default_isr_71
                0x00000128                default_isr_3
                0x00000128                default_isr_38
                0x00000128                default_isr_1
                0x00000128                default_isr_63
                0x00000128                default_isr_20
                0x00000128                default_isr_13
                0x00000128                default_isr_40
                0x00000128                default_isr_58
                0x00000128                default_isr_10
                0x00000128                default_isr_55
                0x00000128                default_isr_46
                0x00000128                default_isr_30
                0x00000128                default_isr_4
                0x00000128                default_isr_48
                0x00000128                default_isr_33
                0x00000128                default_isr_16
                0x00000128                default_isr_28
                0x00000128                default_isr_62
                0x00000128                default_isr_52
                0x00000128                default_isr_50
                0x00000128                default_isr_69
                0x00000128                default_isr_26
                0x00000128                default_isr_32
                0x00000128                default_isr_70
                0x00000128                default_isr_43
                0x00000128                default_isr_11
                0x00000128                default_isr_56
                0x00000128                default_isr_8
                0x00000128                default_irq_handler
                0x00000128                default_isr_60
                0x00000128                default_isr_49
                0x00000128                default_isr_72
                0x00000128                default_isr_2
                0x00000128                default_isr_47
                0x00000128                default_isr_18
                0x00000128                default_isr_65
                0x00000128                default_isr_22
                0x00000128                default_isr_42
                0x00000128                default_isr_34
                0x00000128                default_isr_36
                0x00000128                default_isr_67
                0x00000128                default_isr_24
                0x00000128                default_isr_19
                0x00000128                default_isr_29
                0x00000128                default_isr_15
                0x00000128                default_isr_37
                0x00000128                default_isr_39
                0x00000128                default_isr_7
                0x00000128                default_isr_12
                0x00000128                default_isr_44
                0x00000128                default_isr_57
                0x00000128                default_isr_64
                0x00000128                default_isr_21
                0x00000128                default_isr_14
                0x00000128                default_isr_59
                0x00000128                default_isr_54
                0x00000128                default_isr_45
 .isr_vector    0x0000012c       0xa6 lib/libhpm_sdk_lib.a(board.c.obj)
                0x0000012c                board_timer_isr
                0x0000014a                default_isr_6
 *fill*         0x000001d2        0x2 
 .isr_vector    0x000001d4       0xce lib/libhpm_sdk_lib.a(trap.c.obj)
                0x000001d4                irq_handler_trap
 .isr_vector    0x000002a2       0x9a lib/libhpm_sdk_lib.a(usb_dc_hpm.c.obj)
                0x000002a2                isr_usbd0
                0x000002b2                default_isr_51
 *(.vector_s_table)
 *(.isr_s_vector)
                0x00000340                        . = ALIGN (0x8)
 *fill*         0x0000033c        0x4 
                0x00000340                        __vector_ram_end__ = .

.text           0x8000338a     0xcb56
                0x80003390                        . = ALIGN (0x8)
 *fill*         0x8000338a        0x6 
 *(.text)
 .text          0x80003390      0x5dc D:/tools/HPMicro/sdk_env/toolchains/rv32imac_zicsr_zifencei_multilib_b_ext-win/bin/../lib/gcc/riscv32-unknown-elf/13.2.0/rv32imac_zicsr_zifencei_zba_zbb_zbc_zbs/ilp32\libgcc.a(adddf3.o)
                0x80003390                __adddf3
 .text          0x8000396c      0x50a D:/tools/HPMicro/sdk_env/toolchains/rv32imac_zicsr_zifencei_multilib_b_ext-win/bin/../lib/gcc/riscv32-unknown-elf/13.2.0/rv32imac_zicsr_zifencei_zba_zbb_zbc_zbs/ilp32\libgcc.a(divdf3.o)
                0x8000396c                __divdf3
 .text          0x80003e76      0x446 D:/tools/HPMicro/sdk_env/toolchains/rv32imac_zicsr_zifencei_multilib_b_ext-win/bin/../lib/gcc/riscv32-unknown-elf/13.2.0/rv32imac_zicsr_zifencei_zba_zbb_zbc_zbs/ilp32\libgcc.a(muldf3.o)
                0x80003e76                __muldf3
 .text          0x800042bc       0x60 D:/tools/HPMicro/sdk_env/toolchains/rv32imac_zicsr_zifencei_multilib_b_ext-win/bin/../lib/gcc/riscv32-unknown-elf/13.2.0/rv32imac_zicsr_zifencei_zba_zbb_zbc_zbs/ilp32\libgcc.a(fixunsdfsi.o)
                0x800042bc                __fixunsdfsi
 .text          0x8000431c       0x42 D:/tools/HPMicro/sdk_env/toolchains/rv32imac_zicsr_zifencei_multilib_b_ext-win/bin/../lib/gcc/riscv32-unknown-elf/13.2.0/rv32imac_zicsr_zifencei_zba_zbb_zbc_zbs/ilp32\libgcc.a(floatunsidf.o)
                0x8000431c                __floatunsidf
 .text          0x8000435e       0x16 D:/tools/HPMicro/sdk_env/toolchains/rv32imac_zicsr_zifencei_multilib_b_ext-win/bin/../lib/gcc/riscv32-unknown-elf/13.2.0/../../../../riscv32-unknown-elf/lib/rv32imac_zicsr_zifencei_zba_zbb_zbc_zbs/ilp32\libg_nano.a(lib_a-memcpy-asm.o)
                0x8000435e                memcpy
 .text          0x80004374       0x10 D:/tools/HPMicro/sdk_env/toolchains/rv32imac_zicsr_zifencei_multilib_b_ext-win/bin/../lib/gcc/riscv32-unknown-elf/13.2.0/../../../../riscv32-unknown-elf/lib/rv32imac_zicsr_zifencei_zba_zbb_zbc_zbs/ilp32\libg_nano.a(lib_a-memset.o)
                0x80004374                memset
 .text          0x80004384       0x26 D:/tools/HPMicro/sdk_env/toolchains/rv32imac_zicsr_zifencei_multilib_b_ext-win/bin/../lib/gcc/riscv32-unknown-elf/13.2.0/../../../../riscv32-unknown-elf/lib/rv32imac_zicsr_zifencei_zba_zbb_zbc_zbs/ilp32\libg_nano.a(lib_a-memmove.o)
                0x80004384                memmove
 .text          0x800043aa       0x6a D:/tools/HPMicro/sdk_env/toolchains/rv32imac_zicsr_zifencei_multilib_b_ext-win/bin/../lib/gcc/riscv32-unknown-elf/13.2.0/rv32imac_zicsr_zifencei_zba_zbb_zbc_zbs/ilp32\libgcc.a(eqdf2.o)
                0x800043aa                __nedf2
                0x800043aa                __eqdf2
 .text          0x80004414       0x9a D:/tools/HPMicro/sdk_env/toolchains/rv32imac_zicsr_zifencei_multilib_b_ext-win/bin/../lib/gcc/riscv32-unknown-elf/13.2.0/rv32imac_zicsr_zifencei_zba_zbb_zbc_zbs/ilp32\libgcc.a(gedf2.o)
                0x80004414                __gedf2
                0x80004414                __gtdf2
 .text          0x800044ae       0x9a D:/tools/HPMicro/sdk_env/toolchains/rv32imac_zicsr_zifencei_multilib_b_ext-win/bin/../lib/gcc/riscv32-unknown-elf/13.2.0/rv32imac_zicsr_zifencei_zba_zbb_zbc_zbs/ilp32\libgcc.a(ledf2.o)
                0x800044ae                __ledf2
                0x800044ae                __ltdf2
 .text          0x80004548      0x5f0 D:/tools/HPMicro/sdk_env/toolchains/rv32imac_zicsr_zifencei_multilib_b_ext-win/bin/../lib/gcc/riscv32-unknown-elf/13.2.0/rv32imac_zicsr_zifencei_zba_zbb_zbc_zbs/ilp32\libgcc.a(subdf3.o)
                0x80004548                __subdf3
 .text          0x80004b38       0x38 D:/tools/HPMicro/sdk_env/toolchains/rv32imac_zicsr_zifencei_multilib_b_ext-win/bin/../lib/gcc/riscv32-unknown-elf/13.2.0/rv32imac_zicsr_zifencei_zba_zbb_zbc_zbs/ilp32\libgcc.a(unorddf2.o)
                0x80004b38                __unorddf2
 .text          0x80004b70       0x62 D:/tools/HPMicro/sdk_env/toolchains/rv32imac_zicsr_zifencei_multilib_b_ext-win/bin/../lib/gcc/riscv32-unknown-elf/13.2.0/rv32imac_zicsr_zifencei_zba_zbb_zbc_zbs/ilp32\libgcc.a(fixdfsi.o)
                0x80004b70                __fixdfsi
 .text          0x80004bd2       0x54 D:/tools/HPMicro/sdk_env/toolchains/rv32imac_zicsr_zifencei_multilib_b_ext-win/bin/../lib/gcc/riscv32-unknown-elf/13.2.0/rv32imac_zicsr_zifencei_zba_zbb_zbc_zbs/ilp32\libgcc.a(floatsidf.o)
                0x80004bd2                __floatsidf
 .text          0x80004c26       0x98 D:/tools/HPMicro/sdk_env/toolchains/rv32imac_zicsr_zifencei_multilib_b_ext-win/bin/../lib/gcc/riscv32-unknown-elf/13.2.0/rv32imac_zicsr_zifencei_zba_zbb_zbc_zbs/ilp32\libgcc.a(fixdfdi.o)
                0x80004c26                __fixdfdi
 .text          0x80004cbe      0x154 D:/tools/HPMicro/sdk_env/toolchains/rv32imac_zicsr_zifencei_multilib_b_ext-win/bin/../lib/gcc/riscv32-unknown-elf/13.2.0/rv32imac_zicsr_zifencei_zba_zbb_zbc_zbs/ilp32\libgcc.a(floatdidf.o)
                0x80004cbe                __floatdidf
 .text          0x80004e12      0x152 D:/tools/HPMicro/sdk_env/toolchains/rv32imac_zicsr_zifencei_multilib_b_ext-win/bin/../lib/gcc/riscv32-unknown-elf/13.2.0/rv32imac_zicsr_zifencei_zba_zbb_zbc_zbs/ilp32\libgcc.a(extenddftf2.o)
                0x80004e12                __extenddftf2
 .text          0x80004f64      0x112 D:/tools/HPMicro/sdk_env/toolchains/rv32imac_zicsr_zifencei_multilib_b_ext-win/bin/../lib/gcc/riscv32-unknown-elf/13.2.0/rv32imac_zicsr_zifencei_zba_zbb_zbc_zbs/ilp32\libgcc.a(truncdfsf2.o)
                0x80004f64                __truncdfsf2
 .text          0x80005076      0x240 D:/tools/HPMicro/sdk_env/toolchains/rv32imac_zicsr_zifencei_multilib_b_ext-win/bin/../lib/gcc/riscv32-unknown-elf/13.2.0/rv32imac_zicsr_zifencei_zba_zbb_zbc_zbs/ilp32\libgcc.a(trunctfdf2.o)
                0x80005076                __trunctfdf2
 .text          0x800052b6       0x28 D:/tools/HPMicro/sdk_env/toolchains/rv32imac_zicsr_zifencei_multilib_b_ext-win/bin/../lib/gcc/riscv32-unknown-elf/13.2.0/rv32imac_zicsr_zifencei_zba_zbb_zbc_zbs/ilp32\libgcc.a(_lshrdi3.o)
                0x800052b6                __lshrdi3
 .text          0x800052de       0x28 D:/tools/HPMicro/sdk_env/toolchains/rv32imac_zicsr_zifencei_multilib_b_ext-win/bin/../lib/gcc/riscv32-unknown-elf/13.2.0/rv32imac_zicsr_zifencei_zba_zbb_zbc_zbs/ilp32\libgcc.a(_ashldi3.o)
                0x800052de                __ashldi3
 *(.text*)
 .text.startup.main
                0x80005306       0x8c CMakeFiles/app.dir/application/source/main.c.obj
                0x80005306                main
 .text.__device_descriptor_callback
                0x80005392        0xa CMakeFiles/app.dir/application/source/usb_osbdm.c.obj
 .text.__config_descriptor_callback
                0x8000539c       0x24 CMakeFiles/app.dir/application/source/usb_osbdm.c.obj
 .text.__g_device_quality_descriptor_callback
                0x800053c0        0xa CMakeFiles/app.dir/application/source/usb_osbdm.c.obj
 .text.__other_speed_config_descriptor_callback
                0x800053ca       0x24 CMakeFiles/app.dir/application/source/usb_osbdm.c.obj
 .text.__string_descriptor_callback
                0x800053ee       0x1a CMakeFiles/app.dir/application/source/usb_osbdm.c.obj
 .text.__osbdm_ep_out_cb
                0x80005408       0x28 CMakeFiles/app.dir/application/source/usb_osbdm.c.obj
 .text.__usbd_event_handler
                0x80005430       0x1a CMakeFiles/app.dir/application/source/usb_osbdm.c.obj
 .text.__osbdm_ep_in_cb
                0x8000544a       0x3e CMakeFiles/app.dir/application/source/usb_osbdm.c.obj
 .text.usb_osbdm_ep_in_send
                0x80005488       0x24 CMakeFiles/app.dir/application/source/usb_osbdm.c.obj
                0x80005488                usb_osbdm_ep_in_send
 .text.usb_osbdm_init
                0x800054ac       0x58 CMakeFiles/app.dir/application/source/usb_osbdm.c.obj
                0x800054ac                usb_osbdm_init
 .text.read_board_id
                0x80005504        0xe CMakeFiles/app.dir/osbdm/board_id.c.obj
                0x80005504                read_board_id
 .text.read_osbdm_id
                0x80005512        0xe CMakeFiles/app.dir/osbdm/board_id.c.obj
                0x80005512                read_osbdm_id
 .text.debug_command_exec
                0x80005520      0x6ca CMakeFiles/app.dir/osbdm/cmd_processing.c.obj
                0x80005520                debug_command_exec
 .text.t_assert_ta
                0x80005bea        0x2 CMakeFiles/app.dir/osbdm/jtag_eppc.c.obj
                0x80005bea                t_assert_ta
 .text.t_write_ad
                0x80005bec        0x4 CMakeFiles/app.dir/osbdm/jtag_eppc.c.obj
                0x80005bec                t_write_ad
 .text.t_read_ad
                0x80005bf0        0x4 CMakeFiles/app.dir/osbdm/jtag_eppc.c.obj
                0x80005bf0                t_read_ad
 .text.t_halt   0x80005bf4        0x4 CMakeFiles/app.dir/osbdm/jtag_eppc.c.obj
                0x80005bf4                t_halt
 .text.t_go     0x80005bf8        0x4 CMakeFiles/app.dir/osbdm/jtag_eppc.c.obj
                0x80005bf8                t_go
 .text.t_step   0x80005bfc        0x4 CMakeFiles/app.dir/osbdm/jtag_eppc.c.obj
                0x80005bfc                t_step
 .text.t_read_mem
                0x80005c00        0x4 CMakeFiles/app.dir/osbdm/jtag_eppc.c.obj
                0x80005c00                t_read_mem
 .text.t_write_mem
                0x80005c04        0x4 CMakeFiles/app.dir/osbdm/jtag_eppc.c.obj
                0x80005c04                t_write_mem
 .text.t_fill_mem
                0x80005c08        0x4 CMakeFiles/app.dir/osbdm/jtag_eppc.c.obj
                0x80005c08                t_fill_mem
 .text.t_write_creg
                0x80005c0c        0x4 CMakeFiles/app.dir/osbdm/jtag_eppc.c.obj
                0x80005c0c                t_write_creg
 .text.t_read_creg
                0x80005c10        0x4 CMakeFiles/app.dir/osbdm/jtag_eppc.c.obj
                0x80005c10                t_read_creg
 .text.t_reset  0x80005c14        0x4 CMakeFiles/app.dir/osbdm/jtag_eppc.c.obj
                0x80005c14                t_reset
 .text.t_init   0x80005c18       0x1e CMakeFiles/app.dir/osbdm/jtag_eppc.c.obj
                0x80005c18                t_init
 .text.t_debug_init
                0x80005c36       0x1c CMakeFiles/app.dir/osbdm/jtag_eppc.c.obj
                0x80005c36                t_debug_init
 .text.t_stat   0x80005c52        0x4 CMakeFiles/app.dir/osbdm/jtag_eppc.c.obj
                0x80005c52                t_stat
 .text.t_get_ver
                0x80005c56       0x54 CMakeFiles/app.dir/osbdm/jtag_eppc.c.obj
                0x80005c56                t_get_ver
 .text.t_unsecure
                0x80005caa        0x4 CMakeFiles/app.dir/osbdm/jtag_eppc.c.obj
                0x80005caa                t_unsecure
 .text.t_flash_power
                0x80005cae        0x4 CMakeFiles/app.dir/osbdm/jtag_eppc.c.obj
                0x80005cae                t_flash_power
 .text.t_get_clock
                0x80005cb2        0x4 CMakeFiles/app.dir/osbdm/jtag_eppc.c.obj
                0x80005cb2                t_get_clock
 .text.t_flash_prog
                0x80005cb6        0x4 CMakeFiles/app.dir/osbdm/jtag_eppc.c.obj
                0x80005cb6                t_flash_prog
 .text.t_write_dreg
                0x80005cba        0x4 CMakeFiles/app.dir/osbdm/jtag_eppc.c.obj
                0x80005cba                t_write_dreg
 .text.t_read_dreg
                0x80005cbe        0x4 CMakeFiles/app.dir/osbdm/jtag_eppc.c.obj
                0x80005cbe                t_read_dreg
 .text.t_set_clock
                0x80005cc2        0x2 CMakeFiles/app.dir/osbdm/jtag_eppc.c.obj
                0x80005cc2                t_set_clock
 .text.t_special_feature
                0x80005cc4      0x526 CMakeFiles/app.dir/osbdm/jtag_eppc.c.obj
                0x80005cc4                t_special_feature
 .text.t_config
                0x800061ea        0x4 CMakeFiles/app.dir/osbdm/jtag_eppc.c.obj
                0x800061ea                t_config
 .text.ByteSwap16
                0x800061ee        0x8 CMakeFiles/app.dir/osbdm/util.c.obj
                0x800061ee                ByteSwap16
 .text.getbuf4  0x800061f6       0x1e CMakeFiles/app.dir/osbdm/util.c.obj
                0x800061f6                getbuf4
 .text.getbuf2little
                0x80006214        0xe CMakeFiles/app.dir/osbdm/util.c.obj
                0x80006214                getbuf2little
 .text.__libc_init_array
                0x80006222       0x62 lib/libhpm_sdk_gcc_lib.a(initfini.c.obj)
                0x80006222                __libc_init_array
 .text._write_r
                0x80006284       0x1c lib/libhpm_sdk_gcc_lib.a(SEGGER_RTT_Syscalls_GCC.c.obj)
                0x80006284                _write_r
 .text.init_py_pins_as_pgpio
                0x800062a0       0x1e lib/libhpm_sdk_lib.a(pinmux.c.obj)
                0x800062a0                init_py_pins_as_pgpio
 .text.init_usb_pins
                0x800062be       0x36 lib/libhpm_sdk_lib.a(pinmux.c.obj)
                0x800062be                init_usb_pins
 .text.board_print_banner
                0x800062f4       0x76 lib/libhpm_sdk_lib.a(board.c.obj)
                0x800062f4                board_print_banner
 .text.board_print_clock_freq
                0x8000636a       0x9c lib/libhpm_sdk_lib.a(board.c.obj)
                0x8000636a                board_print_clock_freq
 .text.board_init_usb_dp_dm_pins
                0x80006406       0xf2 lib/libhpm_sdk_lib.a(board.c.obj)
                0x80006406                board_init_usb_dp_dm_pins
 .text.board_init_clock
                0x800064f8      0x1e2 lib/libhpm_sdk_lib.a(board.c.obj)
                0x800064f8                board_init_clock
 .text.board_init
                0x800066da       0x12 lib/libhpm_sdk_lib.a(board.c.obj)
                0x800066da                board_init
 .text.board_init_usb_pins
                0x800066ec       0x36 lib/libhpm_sdk_lib.a(board.c.obj)
                0x800066ec                board_init_usb_pins
 .text._clean_up
                0x80006722       0x42 lib/libhpm_sdk_lib.a(reset.c.obj)
                0x80006722                _clean_up
 .text.c_startup
                0x80006764      0x64c lib/libhpm_sdk_lib.a(reset.c.obj)
                0x80006764                c_startup
 .text.reset_handler
                0x80006db0       0x12 lib/libhpm_sdk_lib.a(reset.c.obj)
                0x80006db0                reset_handler
 .text._init    0x80006dc2        0x2 lib/libhpm_sdk_lib.a(reset.c.obj)
                0x80006dc2                _init
 .text.syscall_handler
                0x80006dc4        0x2 lib/libhpm_sdk_lib.a(trap.c.obj)
                0x80006dc4                syscall_handler
 .text.mchtmr_isr
                0x80006dc6        0x2 lib/libhpm_sdk_lib.a(trap.c.obj)
                0x80006dc6                mchtmr_isr
 .text.swi_isr  0x80006dc8        0x2 lib/libhpm_sdk_lib.a(trap.c.obj)
                0x80006dc8                swi_isr
 .text.exception_handler
                0x80006dca        0x4 lib/libhpm_sdk_lib.a(trap.c.obj)
                0x80006dca                exception_handler
 .text.system_init
                0x80006dce       0x36 lib/libhpm_sdk_lib.a(system.c.obj)
                0x80006dce                system_init
 .text.sysctl_enable_group_resource
                0x80006e04       0x4c lib/libhpm_sdk_lib.a(hpm_sysctl_drv.c.obj)
                0x80006e04                sysctl_enable_group_resource
 .text.sysctl_check_group_resource_enable
                0x80006e50       0x1e lib/libhpm_sdk_lib.a(hpm_sysctl_drv.c.obj)
                0x80006e50                sysctl_check_group_resource_enable
 .text.sysctl_config_clock
                0x80006e6e       0x44 lib/libhpm_sdk_lib.a(hpm_sysctl_drv.c.obj)
                0x80006e6e                sysctl_config_clock
 .text.sysctl_config_cpu0_domain_clock
                0x80006eb2       0x62 lib/libhpm_sdk_lib.a(hpm_sysctl_drv.c.obj)
                0x80006eb2                sysctl_config_cpu0_domain_clock
 .text.l1c_dc_enable
                0x80006f14       0x1a lib/libhpm_sdk_lib.a(hpm_l1c_drv.c.obj)
                0x80006f14                l1c_dc_enable
 .text.l1c_ic_enable
                0x80006f2e       0x12 lib/libhpm_sdk_lib.a(hpm_l1c_drv.c.obj)
                0x80006f2e                l1c_ic_enable
 .text.l1c_dc_invalidate_all
                0x80006f40        0x8 lib/libhpm_sdk_lib.a(hpm_l1c_drv.c.obj)
                0x80006f40                l1c_dc_invalidate_all
 .text.get_frequency_for_source
                0x80006f48       0x6a lib/libhpm_sdk_lib.a(hpm_clock_drv.c.obj)
                0x80006f48                get_frequency_for_source
 .text.clock_get_frequency
                0x80006fb2      0x1b8 lib/libhpm_sdk_lib.a(hpm_clock_drv.c.obj)
                0x80006fb2                clock_get_frequency
 .text.clock_set_source_divider
                0x8000716a       0xb2 lib/libhpm_sdk_lib.a(hpm_clock_drv.c.obj)
                0x8000716a                clock_set_source_divider
 .text.clock_add_to_group
                0x8000721c       0x1a lib/libhpm_sdk_lib.a(hpm_clock_drv.c.obj)
                0x8000721c                clock_add_to_group
 .text.clock_remove_from_group
                0x80007236       0x1a lib/libhpm_sdk_lib.a(hpm_clock_drv.c.obj)
                0x80007236                clock_remove_from_group
 .text.clock_check_in_group
                0x80007250        0xe lib/libhpm_sdk_lib.a(hpm_clock_drv.c.obj)
                0x80007250                clock_check_in_group
 .text.clock_connect_group_to_cpu
                0x8000725e       0x10 lib/libhpm_sdk_lib.a(hpm_clock_drv.c.obj)
                0x8000725e                clock_connect_group_to_cpu
 .text.clock_cpu_delay_ms
                0x8000726e       0x8c lib/libhpm_sdk_lib.a(hpm_clock_drv.c.obj)
                0x8000726e                clock_cpu_delay_ms
 .text.clock_update_core_clock
                0x800072fa      0x106 lib/libhpm_sdk_lib.a(hpm_clock_drv.c.obj)
                0x800072fa                clock_update_core_clock
 .text.pllctlv2_init_pll_with_freq
                0x80007400       0x5c lib/libhpm_sdk_lib.a(hpm_pllctlv2_drv.c.obj)
                0x80007400                pllctlv2_init_pll_with_freq
 .text.pllctlv2_set_postdiv
                0x8000745c       0x2a lib/libhpm_sdk_lib.a(hpm_pllctlv2_drv.c.obj)
                0x8000745c                pllctlv2_set_postdiv
 .text.pllctlv2_get_pll_postdiv_freq_in_hz
                0x80007486       0xe2 lib/libhpm_sdk_lib.a(hpm_pllctlv2_drv.c.obj)
                0x80007486                pllctlv2_get_pll_postdiv_freq_in_hz
 .text.usb_phy_init
                0x80007568       0xb0 lib/libhpm_sdk_lib.a(hpm_usb_drv.c.obj)
                0x80007568                usb_phy_init
 .text.usb_dcd_bus_reset
                0x80007618       0x7a lib/libhpm_sdk_lib.a(hpm_usb_drv.c.obj)
                0x80007618                usb_dcd_bus_reset
 .text.usb_dcd_init
                0x80007692       0x86 lib/libhpm_sdk_lib.a(hpm_usb_drv.c.obj)
                0x80007692                usb_dcd_init
 .text.usb_dcd_connect
                0x80007718        0xe lib/libhpm_sdk_lib.a(hpm_usb_drv.c.obj)
                0x80007718                usb_dcd_connect
 .text.usb_dcd_edpt_open
                0x80007726       0x3a lib/libhpm_sdk_lib.a(hpm_usb_drv.c.obj)
                0x80007726                usb_dcd_edpt_open
 .text.usb_dcd_edpt_xfer
                0x80007760       0x14 lib/libhpm_sdk_lib.a(hpm_usb_drv.c.obj)
                0x80007760                usb_dcd_edpt_xfer
 .text.usb_dcd_edpt_stall
                0x80007774       0x1c lib/libhpm_sdk_lib.a(hpm_usb_drv.c.obj)
                0x80007774                usb_dcd_edpt_stall
 .text.usb_dcd_edpt_clear_stall
                0x80007790       0x3e lib/libhpm_sdk_lib.a(hpm_usb_drv.c.obj)
                0x80007790                usb_dcd_edpt_clear_stall
 .text.usb_dcd_edpt_close
                0x800077ce       0x68 lib/libhpm_sdk_lib.a(hpm_usb_drv.c.obj)
                0x800077ce                usb_dcd_edpt_close
 .text.pcfg_dcdc_set_voltage
                0x80007836       0x28 lib/libhpm_sdk_lib.a(hpm_pcfg_drv.c.obj)
                0x80007836                pcfg_dcdc_set_voltage
 .text._sbrk    0x8000785e       0x48 lib/libhpm_sdk_lib.a(hpm_sbrk.c.obj)
                0x8000785e                _sbrk
 .text.usb_device_qhd_get
                0x800078a6        0x8 lib/libhpm_sdk_lib.a(hpm_usb_device.c.obj)
                0x800078a6                usb_device_qhd_get
 .text.usb_device_qtd_get
                0x800078ae        0xe lib/libhpm_sdk_lib.a(hpm_usb_device.c.obj)
                0x800078ae                usb_device_qtd_get
 .text.usb_device_bus_reset
                0x800078bc       0x64 lib/libhpm_sdk_lib.a(hpm_usb_device.c.obj)
                0x800078bc                usb_device_bus_reset
 .text.usb_device_init
                0x80007920       0x56 lib/libhpm_sdk_lib.a(hpm_usb_device.c.obj)
                0x80007920                usb_device_init
 .text.usb_device_status_flags
                0x80007976        0x8 lib/libhpm_sdk_lib.a(hpm_usb_device.c.obj)
                0x80007976                usb_device_status_flags
 .text.usb_device_clear_status_flags
                0x8000797e        0x8 lib/libhpm_sdk_lib.a(hpm_usb_device.c.obj)
                0x8000797e                usb_device_clear_status_flags
 .text.usb_device_interrupts
                0x80007986        0x8 lib/libhpm_sdk_lib.a(hpm_usb_device.c.obj)
                0x80007986                usb_device_interrupts
 .text.usb_device_get_suspend_status
                0x8000798e        0xc lib/libhpm_sdk_lib.a(hpm_usb_device.c.obj)
                0x8000798e                usb_device_get_suspend_status
 .text.usb_device_get_address
                0x8000799a        0xa lib/libhpm_sdk_lib.a(hpm_usb_device.c.obj)
                0x8000799a                usb_device_get_address
 .text.usb_device_get_port_ccs
                0x800079a4        0xa lib/libhpm_sdk_lib.a(hpm_usb_device.c.obj)
                0x800079a4                usb_device_get_port_ccs
 .text.usb_device_get_edpt_complete_status
                0x800079ae        0x8 lib/libhpm_sdk_lib.a(hpm_usb_device.c.obj)
                0x800079ae                usb_device_get_edpt_complete_status
 .text.usb_device_clear_edpt_complete_status
                0x800079b6        0x8 lib/libhpm_sdk_lib.a(hpm_usb_device.c.obj)
                0x800079b6                usb_device_clear_edpt_complete_status
 .text.usb_device_get_setup_status
                0x800079be        0x8 lib/libhpm_sdk_lib.a(hpm_usb_device.c.obj)
                0x800079be                usb_device_get_setup_status
 .text.usb_device_clear_setup_status
                0x800079c6        0x8 lib/libhpm_sdk_lib.a(hpm_usb_device.c.obj)
                0x800079c6                usb_device_clear_setup_status
 .text.usb_device_edpt_open
                0x800079ce       0x80 lib/libhpm_sdk_lib.a(hpm_usb_device.c.obj)
                0x800079ce                usb_device_edpt_open
 .text.usb_device_edpt_xfer
                0x80007a4e      0x1d8 lib/libhpm_sdk_lib.a(hpm_usb_device.c.obj)
                0x80007a4e                usb_device_edpt_xfer
 .text.usb_device_edpt_stall
                0x80007c26        0x6 lib/libhpm_sdk_lib.a(hpm_usb_device.c.obj)
                0x80007c26                usb_device_edpt_stall
 .text.usb_device_edpt_clear_stall
                0x80007c2c        0x6 lib/libhpm_sdk_lib.a(hpm_usb_device.c.obj)
                0x80007c2c                usb_device_edpt_clear_stall
 .text.usb_device_edpt_close
                0x80007c32        0x6 lib/libhpm_sdk_lib.a(hpm_usb_device.c.obj)
                0x80007c32                usb_device_edpt_close
 .text.SEGGER_RTT_Write
                0x80007c38      0x2ac lib/libhpm_sdk_lib.a(SEGGER_RTT.c.obj)
                0x80007c38                SEGGER_RTT_Write
 .text.usbd_set_endpoint
                0x80007ee4       0xe2 lib/libhpm_sdk_lib.a(usbd_core.c.obj)
 .text.usbd_event_ep0_in_complete_handler
                0x80007fc6       0xa8 lib/libhpm_sdk_lib.a(usbd_core.c.obj)
                0x80007fc6                usbd_event_ep0_in_complete_handler
 .text.usbd_setup_request_handler
                0x8000806e     0x10a6 lib/libhpm_sdk_lib.a(usbd_core.c.obj)
 .text.usbd_event_ep0_out_complete_handler
                0x80009114       0x7c lib/libhpm_sdk_lib.a(usbd_core.c.obj)
                0x80009114                usbd_event_ep0_out_complete_handler
 .text.usbd_event_connect_handler
                0x80009190       0x1e lib/libhpm_sdk_lib.a(usbd_core.c.obj)
                0x80009190                usbd_event_connect_handler
 .text.usbd_event_disconnect_handler
                0x800091ae       0x1e lib/libhpm_sdk_lib.a(usbd_core.c.obj)
                0x800091ae                usbd_event_disconnect_handler
 .text.usbd_event_suspend_handler
                0x800091cc       0x1e lib/libhpm_sdk_lib.a(usbd_core.c.obj)
                0x800091cc                usbd_event_suspend_handler
 .text.usbd_event_reset_handler
                0x800091ea       0xbc lib/libhpm_sdk_lib.a(usbd_core.c.obj)
                0x800091ea                usbd_event_reset_handler
 .text.usbd_event_ep0_setup_complete_handler
                0x800092a6      0x170 lib/libhpm_sdk_lib.a(usbd_core.c.obj)
                0x800092a6                usbd_event_ep0_setup_complete_handler
 .text.usbd_event_ep_in_complete_handler
                0x80009416       0x2c lib/libhpm_sdk_lib.a(usbd_core.c.obj)
                0x80009416                usbd_event_ep_in_complete_handler
 .text.usbd_event_ep_out_complete_handler
                0x80009442       0x2c lib/libhpm_sdk_lib.a(usbd_core.c.obj)
                0x80009442                usbd_event_ep_out_complete_handler
 .text.usbd_desc_register
                0x8000946e       0x60 lib/libhpm_sdk_lib.a(usbd_core.c.obj)
                0x8000946e                usbd_desc_register
 .text.usbd_add_interface
                0x800094ce       0x34 lib/libhpm_sdk_lib.a(usbd_core.c.obj)
                0x800094ce                usbd_add_interface
 .text.usbd_add_endpoint
                0x80009502       0x62 lib/libhpm_sdk_lib.a(usbd_core.c.obj)
                0x80009502                usbd_add_endpoint
 .text.usbd_get_ep_mps
                0x80009564       0x54 lib/libhpm_sdk_lib.a(usbd_core.c.obj)
                0x80009564                usbd_get_ep_mps
 .text.usbd_initialize
                0x800095b8       0x94 lib/libhpm_sdk_lib.a(usbd_core.c.obj)
                0x800095b8                usbd_initialize
 .text.usbd_execute_test_mode
                0x8000964c       0x34 lib/libhpm_sdk_lib.a(usb_dc_hpm.c.obj)
                0x8000964c                usbd_execute_test_mode
 .text.usb_dc_init
                0x80009680       0xac lib/libhpm_sdk_lib.a(usb_dc_hpm.c.obj)
                0x80009680                usb_dc_init
 .text.usbd_set_address
                0x8000972c       0x26 lib/libhpm_sdk_lib.a(usb_dc_hpm.c.obj)
                0x8000972c                usbd_set_address
 .text.usbd_get_port_speed
                0x80009752       0x3a lib/libhpm_sdk_lib.a(usb_dc_hpm.c.obj)
                0x80009752                usbd_get_port_speed
 .text.usbd_ep_open
                0x8000978c       0xda lib/libhpm_sdk_lib.a(usb_dc_hpm.c.obj)
                0x8000978c                usbd_ep_open
 .text.usbd_ep_close
                0x80009866       0x54 lib/libhpm_sdk_lib.a(usb_dc_hpm.c.obj)
                0x80009866                usbd_ep_close
 .text.usbd_ep_set_stall
                0x800098ba       0x26 lib/libhpm_sdk_lib.a(usb_dc_hpm.c.obj)
                0x800098ba                usbd_ep_set_stall
 .text.usbd_ep_clear_stall
                0x800098e0       0x26 lib/libhpm_sdk_lib.a(usb_dc_hpm.c.obj)
                0x800098e0                usbd_ep_clear_stall
 .text.usbd_ep_start_write
                0x80009906       0x5e lib/libhpm_sdk_lib.a(usb_dc_hpm.c.obj)
                0x80009906                usbd_ep_start_write
 .text.usbd_ep_start_read
                0x80009964       0x62 lib/libhpm_sdk_lib.a(usb_dc_hpm.c.obj)
                0x80009964                usbd_ep_start_read
 .text.USBD_IRQHandler
                0x800099c6      0x25e lib/libhpm_sdk_lib.a(usb_dc_hpm.c.obj)
                0x800099c6                USBD_IRQHandler
 .text.__assert_func
                0x80009c24       0x3c D:/tools/HPMicro/sdk_env/toolchains/rv32imac_zicsr_zifencei_multilib_b_ext-win/bin/../lib/gcc/riscv32-unknown-elf/13.2.0/../../../../riscv32-unknown-elf/lib/rv32imac_zicsr_zifencei_zba_zbb_zbc_zbs/ilp32\libg_nano.a(lib_a-assert.o)
                0x80009c24                __assert_func
 .text.__errno  0x80009c60        0x6 D:/tools/HPMicro/sdk_env/toolchains/rv32imac_zicsr_zifencei_multilib_b_ext-win/bin/../lib/gcc/riscv32-unknown-elf/13.2.0/../../../../riscv32-unknown-elf/lib/rv32imac_zicsr_zifencei_zba_zbb_zbc_zbs/ilp32\libg_nano.a(lib_a-errno.o)
                0x80009c60                __errno
 .text.fprintf  0x80009c66       0x26 D:/tools/HPMicro/sdk_env/toolchains/rv32imac_zicsr_zifencei_multilib_b_ext-win/bin/../lib/gcc/riscv32-unknown-elf/13.2.0/../../../../riscv32-unknown-elf/lib/rv32imac_zicsr_zifencei_zba_zbb_zbc_zbs/ilp32\libg_nano.a(lib_a-fprintf.o)
                0x80009c66                fiprintf
                0x80009c66                fprintf
 .text.memchr   0x80009c8c       0x1a D:/tools/HPMicro/sdk_env/toolchains/rv32imac_zicsr_zifencei_multilib_b_ext-win/bin/../lib/gcc/riscv32-unknown-elf/13.2.0/../../../../riscv32-unknown-elf/lib/rv32imac_zicsr_zifencei_zba_zbb_zbc_zbs/ilp32\libg_nano.a(lib_a-memchr.o)
                0x80009c8c                memchr
 .text.__cvt    0x80009ca6       0xee D:/tools/HPMicro/sdk_env/toolchains/rv32imac_zicsr_zifencei_multilib_b_ext-win/bin/../lib/gcc/riscv32-unknown-elf/13.2.0/../../../../riscv32-unknown-elf/lib/rv32imac_zicsr_zifencei_zba_zbb_zbc_zbs/ilp32\libg_nano.a(lib_a-nano-vfprintf_float.o)
                0x80009ca6                __cvt
 .text.__exponent
                0x80009d94       0x9c D:/tools/HPMicro/sdk_env/toolchains/rv32imac_zicsr_zifencei_multilib_b_ext-win/bin/../lib/gcc/riscv32-unknown-elf/13.2.0/../../../../riscv32-unknown-elf/lib/rv32imac_zicsr_zifencei_zba_zbb_zbc_zbs/ilp32\libg_nano.a(lib_a-nano-vfprintf_float.o)
                0x80009d94                __exponent
 .text._printf_float
                0x80009e30      0x4ae D:/tools/HPMicro/sdk_env/toolchains/rv32imac_zicsr_zifencei_multilib_b_ext-win/bin/../lib/gcc/riscv32-unknown-elf/13.2.0/../../../../riscv32-unknown-elf/lib/rv32imac_zicsr_zifencei_zba_zbb_zbc_zbs/ilp32\libg_nano.a(lib_a-nano-vfprintf_float.o)
                0x80009e30                _printf_float
 .text._printf_common
                0x8000a2de      0x108 D:/tools/HPMicro/sdk_env/toolchains/rv32imac_zicsr_zifencei_multilib_b_ext-win/bin/../lib/gcc/riscv32-unknown-elf/13.2.0/../../../../riscv32-unknown-elf/lib/rv32imac_zicsr_zifencei_zba_zbb_zbc_zbs/ilp32\libg_nano.a(lib_a-nano-vfprintf_i.o)
                0x8000a2de                _printf_common
 .text._printf_i
                0x8000a3e6      0x25c D:/tools/HPMicro/sdk_env/toolchains/rv32imac_zicsr_zifencei_multilib_b_ext-win/bin/../lib/gcc/riscv32-unknown-elf/13.2.0/../../../../riscv32-unknown-elf/lib/rv32imac_zicsr_zifencei_zba_zbb_zbc_zbs/ilp32\libg_nano.a(lib_a-nano-vfprintf_i.o)
                0x8000a3e6                _printf_i
 .text.__sfputc_r
                0x8000a642       0x2a D:/tools/HPMicro/sdk_env/toolchains/rv32imac_zicsr_zifencei_multilib_b_ext-win/bin/../lib/gcc/riscv32-unknown-elf/13.2.0/../../../../riscv32-unknown-elf/lib/rv32imac_zicsr_zifencei_zba_zbb_zbc_zbs/ilp32\libg_nano.a(lib_a-nano-vfprintf.o)
 .text.__sfputs_r
                0x8000a66c       0x42 D:/tools/HPMicro/sdk_env/toolchains/rv32imac_zicsr_zifencei_multilib_b_ext-win/bin/../lib/gcc/riscv32-unknown-elf/13.2.0/../../../../riscv32-unknown-elf/lib/rv32imac_zicsr_zifencei_zba_zbb_zbc_zbs/ilp32\libg_nano.a(lib_a-nano-vfprintf.o)
                0x8000a66c                __sfputs_r
 .text._vfprintf_r
                0x8000a6ae      0x2a2 D:/tools/HPMicro/sdk_env/toolchains/rv32imac_zicsr_zifencei_multilib_b_ext-win/bin/../lib/gcc/riscv32-unknown-elf/13.2.0/../../../../riscv32-unknown-elf/lib/rv32imac_zicsr_zifencei_zba_zbb_zbc_zbs/ilp32\libg_nano.a(lib_a-nano-vfprintf.o)
                0x8000a6ae                _vfprintf_r
                0x8000a6ae                _vfiprintf_r
 .text._scanf_float
                0x8000a950      0x480 D:/tools/HPMicro/sdk_env/toolchains/rv32imac_zicsr_zifencei_multilib_b_ext-win/bin/../lib/gcc/riscv32-unknown-elf/13.2.0/../../../../riscv32-unknown-elf/lib/rv32imac_zicsr_zifencei_zba_zbb_zbc_zbs/ilp32\libg_nano.a(lib_a-nano-vfscanf_float.o)
                0x8000a950                _scanf_float
 .text.printf   0x8000add0       0x3c D:/tools/HPMicro/sdk_env/toolchains/rv32imac_zicsr_zifencei_multilib_b_ext-win/bin/../lib/gcc/riscv32-unknown-elf/13.2.0/../../../../riscv32-unknown-elf/lib/rv32imac_zicsr_zifencei_zba_zbb_zbc_zbs/ilp32\libg_nano.a(lib_a-printf.o)
                0x8000add0                iprintf
                0x8000add0                printf
 .text.nanf     0x8000ae0c        0xa D:/tools/HPMicro/sdk_env/toolchains/rv32imac_zicsr_zifencei_multilib_b_ext-win/bin/../lib/gcc/riscv32-unknown-elf/13.2.0/../../../../riscv32-unknown-elf/lib/rv32imac_zicsr_zifencei_zba_zbb_zbc_zbs/ilp32\libg_nano.a(lib_a-sf_nan.o)
                0x8000ae0c                nanf
 .text.sprintf  0x8000ae16       0x42 D:/tools/HPMicro/sdk_env/toolchains/rv32imac_zicsr_zifencei_multilib_b_ext-win/bin/../lib/gcc/riscv32-unknown-elf/13.2.0/../../../../riscv32-unknown-elf/lib/rv32imac_zicsr_zifencei_zba_zbb_zbc_zbs/ilp32\libg_nano.a(lib_a-sprintf.o)
                0x8000ae16                siprintf
                0x8000ae16                sprintf
 .text.strlen   0x8000ae58       0x12 D:/tools/HPMicro/sdk_env/toolchains/rv32imac_zicsr_zifencei_multilib_b_ext-win/bin/../lib/gcc/riscv32-unknown-elf/13.2.0/../../../../riscv32-unknown-elf/lib/rv32imac_zicsr_zifencei_zba_zbb_zbc_zbs/ilp32\libg_nano.a(lib_a-strlen.o)
                0x8000ae58                strlen
 .text.strncmp  0x8000ae6a       0x2c D:/tools/HPMicro/sdk_env/toolchains/rv32imac_zicsr_zifencei_multilib_b_ext-win/bin/../lib/gcc/riscv32-unknown-elf/13.2.0/../../../../riscv32-unknown-elf/lib/rv32imac_zicsr_zifencei_zba_zbb_zbc_zbs/ilp32\libg_nano.a(lib_a-strncmp.o)
                0x8000ae6a                strncmp
 .text.sulp     0x8000ae96       0x50 D:/tools/HPMicro/sdk_env/toolchains/rv32imac_zicsr_zifencei_multilib_b_ext-win/bin/../lib/gcc/riscv32-unknown-elf/13.2.0/../../../../riscv32-unknown-elf/lib/rv32imac_zicsr_zifencei_zba_zbb_zbc_zbs/ilp32\libg_nano.a(lib_a-strtod.o)
 .text._strtod_l
                0x8000aee6      0xc5a D:/tools/HPMicro/sdk_env/toolchains/rv32imac_zicsr_zifencei_multilib_b_ext-win/bin/../lib/gcc/riscv32-unknown-elf/13.2.0/../../../../riscv32-unknown-elf/lib/rv32imac_zicsr_zifencei_zba_zbb_zbc_zbs/ilp32\libg_nano.a(lib_a-strtod.o)
                0x8000aee6                _strtod_l
 .text._strtod_r
                0x8000bb40        0xc D:/tools/HPMicro/sdk_env/toolchains/rv32imac_zicsr_zifencei_multilib_b_ext-win/bin/../lib/gcc/riscv32-unknown-elf/13.2.0/../../../../riscv32-unknown-elf/lib/rv32imac_zicsr_zifencei_zba_zbb_zbc_zbs/ilp32\libg_nano.a(lib_a-strtod.o)
                0x8000bb40                _strtod_r
 .text._strtol_l.isra.0
                0x8000bb4c      0x136 D:/tools/HPMicro/sdk_env/toolchains/rv32imac_zicsr_zifencei_multilib_b_ext-win/bin/../lib/gcc/riscv32-unknown-elf/13.2.0/../../../../riscv32-unknown-elf/lib/rv32imac_zicsr_zifencei_zba_zbb_zbc_zbs/ilp32\libg_nano.a(lib_a-strtol.o)
 .text._strtol_r
                0x8000bc82        0x4 D:/tools/HPMicro/sdk_env/toolchains/rv32imac_zicsr_zifencei_multilib_b_ext-win/bin/../lib/gcc/riscv32-unknown-elf/13.2.0/../../../../riscv32-unknown-elf/lib/rv32imac_zicsr_zifencei_zba_zbb_zbc_zbs/ilp32\libg_nano.a(lib_a-strtol.o)
                0x8000bc82                _strtol_r
 .text.__swbuf_r
                0x8000bc86       0xc6 D:/tools/HPMicro/sdk_env/toolchains/rv32imac_zicsr_zifencei_multilib_b_ext-win/bin/../lib/gcc/riscv32-unknown-elf/13.2.0/../../../../riscv32-unknown-elf/lib/rv32imac_zicsr_zifencei_zba_zbb_zbc_zbs/ilp32\libg_nano.a(lib_a-wbuf.o)
                0x8000bc86                __swbuf_r
 .text.__swsetup_r
                0x8000bd4c      0x102 D:/tools/HPMicro/sdk_env/toolchains/rv32imac_zicsr_zifencei_multilib_b_ext-win/bin/../lib/gcc/riscv32-unknown-elf/13.2.0/../../../../riscv32-unknown-elf/lib/rv32imac_zicsr_zifencei_zba_zbb_zbc_zbs/ilp32\libg_nano.a(lib_a-wsetup.o)
                0x8000bd4c                __swsetup_r
 .text.abort    0x8000be4e       0x10 D:/tools/HPMicro/sdk_env/toolchains/rv32imac_zicsr_zifencei_multilib_b_ext-win/bin/../lib/gcc/riscv32-unknown-elf/13.2.0/../../../../riscv32-unknown-elf/lib/rv32imac_zicsr_zifencei_zba_zbb_zbc_zbs/ilp32\libg_nano.a(lib_a-abort.o)
                0x8000be4e                abort
 .text.quorem   0x8000be5e      0x12c D:/tools/HPMicro/sdk_env/toolchains/rv32imac_zicsr_zifencei_multilib_b_ext-win/bin/../lib/gcc/riscv32-unknown-elf/13.2.0/../../../../riscv32-unknown-elf/lib/rv32imac_zicsr_zifencei_zba_zbb_zbc_zbs/ilp32\libg_nano.a(lib_a-dtoa.o)
 .text._dtoa_r  0x8000bf8a      0xc1a D:/tools/HPMicro/sdk_env/toolchains/rv32imac_zicsr_zifencei_multilib_b_ext-win/bin/../lib/gcc/riscv32-unknown-elf/13.2.0/../../../../riscv32-unknown-elf/lib/rv32imac_zicsr_zifencei_zba_zbb_zbc_zbs/ilp32\libg_nano.a(lib_a-dtoa.o)
                0x8000bf8a                _dtoa_r
 .text.__sflush_r
                0x8000cba4      0x13a D:/tools/HPMicro/sdk_env/toolchains/rv32imac_zicsr_zifencei_multilib_b_ext-win/bin/../lib/gcc/riscv32-unknown-elf/13.2.0/../../../../riscv32-unknown-elf/lib/rv32imac_zicsr_zifencei_zba_zbb_zbc_zbs/ilp32\libg_nano.a(lib_a-fflush.o)
                0x8000cba4                __sflush_r
 .text._fflush_r
                0x8000ccde       0x66 D:/tools/HPMicro/sdk_env/toolchains/rv32imac_zicsr_zifencei_multilib_b_ext-win/bin/../lib/gcc/riscv32-unknown-elf/13.2.0/../../../../riscv32-unknown-elf/lib/rv32imac_zicsr_zifencei_zba_zbb_zbc_zbs/ilp32\libg_nano.a(lib_a-fflush.o)
                0x8000ccde                _fflush_r
 .text.std      0x8000cd44       0x6a D:/tools/HPMicro/sdk_env/toolchains/rv32imac_zicsr_zifencei_multilib_b_ext-win/bin/../lib/gcc/riscv32-unknown-elf/13.2.0/../../../../riscv32-unknown-elf/lib/rv32imac_zicsr_zifencei_zba_zbb_zbc_zbs/ilp32\libg_nano.a(lib_a-findfp.o)
 .text._cleanup_r
                0x8000cdae        0xa D:/tools/HPMicro/sdk_env/toolchains/rv32imac_zicsr_zifencei_multilib_b_ext-win/bin/../lib/gcc/riscv32-unknown-elf/13.2.0/../../../../riscv32-unknown-elf/lib/rv32imac_zicsr_zifencei_zba_zbb_zbc_zbs/ilp32\libg_nano.a(lib_a-findfp.o)
                0x8000cdae                _cleanup_r
 .text.__sfmoreglue
                0x8000cdb8       0x48 D:/tools/HPMicro/sdk_env/toolchains/rv32imac_zicsr_zifencei_multilib_b_ext-win/bin/../lib/gcc/riscv32-unknown-elf/13.2.0/../../../../riscv32-unknown-elf/lib/rv32imac_zicsr_zifencei_zba_zbb_zbc_zbs/ilp32\libg_nano.a(lib_a-findfp.o)
                0x8000cdb8                __sfmoreglue
 .text.__sinit  0x8000ce00       0x70 D:/tools/HPMicro/sdk_env/toolchains/rv32imac_zicsr_zifencei_multilib_b_ext-win/bin/../lib/gcc/riscv32-unknown-elf/13.2.0/../../../../riscv32-unknown-elf/lib/rv32imac_zicsr_zifencei_zba_zbb_zbc_zbs/ilp32\libg_nano.a(lib_a-findfp.o)
                0x8000ce00                __sinit
 .text.__sfp    0x8000ce70       0xa2 D:/tools/HPMicro/sdk_env/toolchains/rv32imac_zicsr_zifencei_multilib_b_ext-win/bin/../lib/gcc/riscv32-unknown-elf/13.2.0/../../../../riscv32-unknown-elf/lib/rv32imac_zicsr_zifencei_zba_zbb_zbc_zbs/ilp32\libg_nano.a(lib_a-findfp.o)
                0x8000ce70                __sfp
 .text._fwalk_reent
                0x8000cf12       0x6a D:/tools/HPMicro/sdk_env/toolchains/rv32imac_zicsr_zifencei_multilib_b_ext-win/bin/../lib/gcc/riscv32-unknown-elf/13.2.0/../../../../riscv32-unknown-elf/lib/rv32imac_zicsr_zifencei_zba_zbb_zbc_zbs/ilp32\libg_nano.a(lib_a-fwalk.o)
                0x8000cf12                _fwalk_reent
 .text.rshift   0x8000cf7c       0xb2 D:/tools/HPMicro/sdk_env/toolchains/rv32imac_zicsr_zifencei_multilib_b_ext-win/bin/../lib/gcc/riscv32-unknown-elf/13.2.0/../../../../riscv32-unknown-elf/lib/rv32imac_zicsr_zifencei_zba_zbb_zbc_zbs/ilp32\libg_nano.a(lib_a-gdtoa-gethex.o)
 .text.__hexdig_fun
                0x8000d02e       0x42 D:/tools/HPMicro/sdk_env/toolchains/rv32imac_zicsr_zifencei_multilib_b_ext-win/bin/../lib/gcc/riscv32-unknown-elf/13.2.0/../../../../riscv32-unknown-elf/lib/rv32imac_zicsr_zifencei_zba_zbb_zbc_zbs/ilp32\libg_nano.a(lib_a-gdtoa-gethex.o)
                0x8000d02e                __hexdig_fun
 .text.__gethex
                0x8000d070      0x4d4 D:/tools/HPMicro/sdk_env/toolchains/rv32imac_zicsr_zifencei_multilib_b_ext-win/bin/../lib/gcc/riscv32-unknown-elf/13.2.0/../../../../riscv32-unknown-elf/lib/rv32imac_zicsr_zifencei_zba_zbb_zbc_zbs/ilp32\libg_nano.a(lib_a-gdtoa-gethex.o)
                0x8000d070                __gethex
 .text.L_shift  0x8000d544       0x2a D:/tools/HPMicro/sdk_env/toolchains/rv32imac_zicsr_zifencei_multilib_b_ext-win/bin/../lib/gcc/riscv32-unknown-elf/13.2.0/../../../../riscv32-unknown-elf/lib/rv32imac_zicsr_zifencei_zba_zbb_zbc_zbs/ilp32\libg_nano.a(lib_a-gdtoa-hexnan.o)
 .text.__match  0x8000d56e       0x30 D:/tools/HPMicro/sdk_env/toolchains/rv32imac_zicsr_zifencei_multilib_b_ext-win/bin/../lib/gcc/riscv32-unknown-elf/13.2.0/../../../../riscv32-unknown-elf/lib/rv32imac_zicsr_zifencei_zba_zbb_zbc_zbs/ilp32\libg_nano.a(lib_a-gdtoa-hexnan.o)
                0x8000d56e                __match
 .text.__hexnan
                0x8000d59e      0x176 D:/tools/HPMicro/sdk_env/toolchains/rv32imac_zicsr_zifencei_multilib_b_ext-win/bin/../lib/gcc/riscv32-unknown-elf/13.2.0/../../../../riscv32-unknown-elf/lib/rv32imac_zicsr_zifencei_zba_zbb_zbc_zbs/ilp32\libg_nano.a(lib_a-gdtoa-hexnan.o)
                0x8000d59e                __hexnan
 .text._localeconv_r
                0x8000d714        0x6 D:/tools/HPMicro/sdk_env/toolchains/rv32imac_zicsr_zifencei_multilib_b_ext-win/bin/../lib/gcc/riscv32-unknown-elf/13.2.0/../../../../riscv32-unknown-elf/lib/rv32imac_zicsr_zifencei_zba_zbb_zbc_zbs/ilp32\libg_nano.a(lib_a-localeconv.o)
                0x8000d714                _localeconv_r
 .text.__swhatbuf_r
                0x8000d71a       0x5c D:/tools/HPMicro/sdk_env/toolchains/rv32imac_zicsr_zifencei_multilib_b_ext-win/bin/../lib/gcc/riscv32-unknown-elf/13.2.0/../../../../riscv32-unknown-elf/lib/rv32imac_zicsr_zifencei_zba_zbb_zbc_zbs/ilp32\libg_nano.a(lib_a-makebuf.o)
                0x8000d71a                __swhatbuf_r
 .text.__smakebuf_r
                0x8000d776       0xac D:/tools/HPMicro/sdk_env/toolchains/rv32imac_zicsr_zifencei_multilib_b_ext-win/bin/../lib/gcc/riscv32-unknown-elf/13.2.0/../../../../riscv32-unknown-elf/lib/rv32imac_zicsr_zifencei_zba_zbb_zbc_zbs/ilp32\libg_nano.a(lib_a-makebuf.o)
                0x8000d776                __smakebuf_r
 .text.malloc   0x8000d822        0xa D:/tools/HPMicro/sdk_env/toolchains/rv32imac_zicsr_zifencei_multilib_b_ext-win/bin/../lib/gcc/riscv32-unknown-elf/13.2.0/../../../../riscv32-unknown-elf/lib/rv32imac_zicsr_zifencei_zba_zbb_zbc_zbs/ilp32\libg_nano.a(lib_a-malloc.o)
                0x8000d822                malloc
 .text.__ascii_mbtowc
                0x8000d82c       0x3a D:/tools/HPMicro/sdk_env/toolchains/rv32imac_zicsr_zifencei_multilib_b_ext-win/bin/../lib/gcc/riscv32-unknown-elf/13.2.0/../../../../riscv32-unknown-elf/lib/rv32imac_zicsr_zifencei_zba_zbb_zbc_zbs/ilp32\libg_nano.a(lib_a-mbtowc_r.o)
                0x8000d82c                __ascii_mbtowc
 .text._Balloc  0x8000d866       0xaa D:/tools/HPMicro/sdk_env/toolchains/rv32imac_zicsr_zifencei_multilib_b_ext-win/bin/../lib/gcc/riscv32-unknown-elf/13.2.0/../../../../riscv32-unknown-elf/lib/rv32imac_zicsr_zifencei_zba_zbb_zbc_zbs/ilp32\libg_nano.a(lib_a-mprec.o)
                0x8000d866                _Balloc
 .text._Bfree   0x8000d910       0x60 D:/tools/HPMicro/sdk_env/toolchains/rv32imac_zicsr_zifencei_multilib_b_ext-win/bin/../lib/gcc/riscv32-unknown-elf/13.2.0/../../../../riscv32-unknown-elf/lib/rv32imac_zicsr_zifencei_zba_zbb_zbc_zbs/ilp32\libg_nano.a(lib_a-mprec.o)
                0x8000d910                _Bfree
 .text.__multadd
                0x8000d970       0xba D:/tools/HPMicro/sdk_env/toolchains/rv32imac_zicsr_zifencei_multilib_b_ext-win/bin/../lib/gcc/riscv32-unknown-elf/13.2.0/../../../../riscv32-unknown-elf/lib/rv32imac_zicsr_zifencei_zba_zbb_zbc_zbs/ilp32\libg_nano.a(lib_a-mprec.o)
                0x8000d970                __multadd
 .text.__s2b    0x8000da2a       0xc2 D:/tools/HPMicro/sdk_env/toolchains/rv32imac_zicsr_zifencei_multilib_b_ext-win/bin/../lib/gcc/riscv32-unknown-elf/13.2.0/../../../../riscv32-unknown-elf/lib/rv32imac_zicsr_zifencei_zba_zbb_zbc_zbs/ilp32\libg_nano.a(lib_a-mprec.o)
                0x8000da2a                __s2b
 .text.__hi0bits
                0x8000daec       0x46 D:/tools/HPMicro/sdk_env/toolchains/rv32imac_zicsr_zifencei_multilib_b_ext-win/bin/../lib/gcc/riscv32-unknown-elf/13.2.0/../../../../riscv32-unknown-elf/lib/rv32imac_zicsr_zifencei_zba_zbb_zbc_zbs/ilp32\libg_nano.a(lib_a-mprec.o)
                0x8000daec                __hi0bits
 .text.__lo0bits
                0x8000db32       0x68 D:/tools/HPMicro/sdk_env/toolchains/rv32imac_zicsr_zifencei_multilib_b_ext-win/bin/../lib/gcc/riscv32-unknown-elf/13.2.0/../../../../riscv32-unknown-elf/lib/rv32imac_zicsr_zifencei_zba_zbb_zbc_zbs/ilp32\libg_nano.a(lib_a-mprec.o)
                0x8000db32                __lo0bits
 .text.__i2b    0x8000db9a       0x38 D:/tools/HPMicro/sdk_env/toolchains/rv32imac_zicsr_zifencei_multilib_b_ext-win/bin/../lib/gcc/riscv32-unknown-elf/13.2.0/../../../../riscv32-unknown-elf/lib/rv32imac_zicsr_zifencei_zba_zbb_zbc_zbs/ilp32\libg_nano.a(lib_a-mprec.o)
                0x8000db9a                __i2b
 .text.__multiply
                0x8000dbd2      0x178 D:/tools/HPMicro/sdk_env/toolchains/rv32imac_zicsr_zifencei_multilib_b_ext-win/bin/../lib/gcc/riscv32-unknown-elf/13.2.0/../../../../riscv32-unknown-elf/lib/rv32imac_zicsr_zifencei_zba_zbb_zbc_zbs/ilp32\libg_nano.a(lib_a-mprec.o)
                0x8000dbd2                __multiply
 .text.__pow5mult
                0x8000dd4a       0xda D:/tools/HPMicro/sdk_env/toolchains/rv32imac_zicsr_zifencei_multilib_b_ext-win/bin/../lib/gcc/riscv32-unknown-elf/13.2.0/../../../../riscv32-unknown-elf/lib/rv32imac_zicsr_zifencei_zba_zbb_zbc_zbs/ilp32\libg_nano.a(lib_a-mprec.o)
                0x8000dd4a                __pow5mult
 .text.__lshift
                0x8000de24      0x102 D:/tools/HPMicro/sdk_env/toolchains/rv32imac_zicsr_zifencei_multilib_b_ext-win/bin/../lib/gcc/riscv32-unknown-elf/13.2.0/../../../../riscv32-unknown-elf/lib/rv32imac_zicsr_zifencei_zba_zbb_zbc_zbs/ilp32\libg_nano.a(lib_a-mprec.o)
                0x8000de24                __lshift
 .text.__mcmp   0x8000df26       0x36 D:/tools/HPMicro/sdk_env/toolchains/rv32imac_zicsr_zifencei_multilib_b_ext-win/bin/../lib/gcc/riscv32-unknown-elf/13.2.0/../../../../riscv32-unknown-elf/lib/rv32imac_zicsr_zifencei_zba_zbb_zbc_zbs/ilp32\libg_nano.a(lib_a-mprec.o)
                0x8000df26                __mcmp
 .text.__mdiff  0x8000df5c      0x16a D:/tools/HPMicro/sdk_env/toolchains/rv32imac_zicsr_zifencei_multilib_b_ext-win/bin/../lib/gcc/riscv32-unknown-elf/13.2.0/../../../../riscv32-unknown-elf/lib/rv32imac_zicsr_zifencei_zba_zbb_zbc_zbs/ilp32\libg_nano.a(lib_a-mprec.o)
                0x8000df5c                __mdiff
 .text.__ulp    0x8000e0c6       0x44 D:/tools/HPMicro/sdk_env/toolchains/rv32imac_zicsr_zifencei_multilib_b_ext-win/bin/../lib/gcc/riscv32-unknown-elf/13.2.0/../../../../riscv32-unknown-elf/lib/rv32imac_zicsr_zifencei_zba_zbb_zbc_zbs/ilp32\libg_nano.a(lib_a-mprec.o)
                0x8000e0c6                __ulp
 .text.__b2d    0x8000e10a       0xb6 D:/tools/HPMicro/sdk_env/toolchains/rv32imac_zicsr_zifencei_multilib_b_ext-win/bin/../lib/gcc/riscv32-unknown-elf/13.2.0/../../../../riscv32-unknown-elf/lib/rv32imac_zicsr_zifencei_zba_zbb_zbc_zbs/ilp32\libg_nano.a(lib_a-mprec.o)
                0x8000e10a                __b2d
 .text.__d2b    0x8000e1c0       0xdc D:/tools/HPMicro/sdk_env/toolchains/rv32imac_zicsr_zifencei_multilib_b_ext-win/bin/../lib/gcc/riscv32-unknown-elf/13.2.0/../../../../riscv32-unknown-elf/lib/rv32imac_zicsr_zifencei_zba_zbb_zbc_zbs/ilp32\libg_nano.a(lib_a-mprec.o)
                0x8000e1c0                __d2b
 .text.__ratio  0x8000e29c       0x72 D:/tools/HPMicro/sdk_env/toolchains/rv32imac_zicsr_zifencei_multilib_b_ext-win/bin/../lib/gcc/riscv32-unknown-elf/13.2.0/../../../../riscv32-unknown-elf/lib/rv32imac_zicsr_zifencei_zba_zbb_zbc_zbs/ilp32\libg_nano.a(lib_a-mprec.o)
                0x8000e29c                __ratio
 .text.__copybits
                0x8000e30e       0x4c D:/tools/HPMicro/sdk_env/toolchains/rv32imac_zicsr_zifencei_multilib_b_ext-win/bin/../lib/gcc/riscv32-unknown-elf/13.2.0/../../../../riscv32-unknown-elf/lib/rv32imac_zicsr_zifencei_zba_zbb_zbc_zbs/ilp32\libg_nano.a(lib_a-mprec.o)
                0x8000e30e                __copybits
 .text.__any_on
                0x8000e35a       0x44 D:/tools/HPMicro/sdk_env/toolchains/rv32imac_zicsr_zifencei_multilib_b_ext-win/bin/../lib/gcc/riscv32-unknown-elf/13.2.0/../../../../riscv32-unknown-elf/lib/rv32imac_zicsr_zifencei_zba_zbb_zbc_zbs/ilp32\libg_nano.a(lib_a-mprec.o)
                0x8000e35a                __any_on
 .text._calloc_r
                0x8000e39e       0x34 D:/tools/HPMicro/sdk_env/toolchains/rv32imac_zicsr_zifencei_multilib_b_ext-win/bin/../lib/gcc/riscv32-unknown-elf/13.2.0/../../../../riscv32-unknown-elf/lib/rv32imac_zicsr_zifencei_zba_zbb_zbc_zbs/ilp32\libg_nano.a(lib_a-nano-callocr.o)
                0x8000e39e                _calloc_r
 .text._free_r  0x8000e3d2       0xa6 D:/tools/HPMicro/sdk_env/toolchains/rv32imac_zicsr_zifencei_multilib_b_ext-win/bin/../lib/gcc/riscv32-unknown-elf/13.2.0/../../../../riscv32-unknown-elf/lib/rv32imac_zicsr_zifencei_zba_zbb_zbc_zbs/ilp32\libg_nano.a(lib_a-nano-freer.o)
                0x8000e3d2                _free_r
 .text._malloc_r
                0x8000e478       0xd8 D:/tools/HPMicro/sdk_env/toolchains/rv32imac_zicsr_zifencei_multilib_b_ext-win/bin/../lib/gcc/riscv32-unknown-elf/13.2.0/../../../../riscv32-unknown-elf/lib/rv32imac_zicsr_zifencei_zba_zbb_zbc_zbs/ilp32\libg_nano.a(lib_a-nano-mallocr.o)
                0x8000e478                _malloc_r
 .text._realloc_r
                0x8000e550       0x78 D:/tools/HPMicro/sdk_env/toolchains/rv32imac_zicsr_zifencei_multilib_b_ext-win/bin/../lib/gcc/riscv32-unknown-elf/13.2.0/../../../../riscv32-unknown-elf/lib/rv32imac_zicsr_zifencei_zba_zbb_zbc_zbs/ilp32\libg_nano.a(lib_a-nano-reallocr.o)
                0x8000e550                _realloc_r
 .text.__ssputs_r
                0x8000e5c8       0xe8 D:/tools/HPMicro/sdk_env/toolchains/rv32imac_zicsr_zifencei_multilib_b_ext-win/bin/../lib/gcc/riscv32-unknown-elf/13.2.0/../../../../riscv32-unknown-elf/lib/rv32imac_zicsr_zifencei_zba_zbb_zbc_zbs/ilp32\libg_nano.a(lib_a-nano-svfprintf.o)
                0x8000e5c8                __ssputs_r
 .text._svfprintf_r
                0x8000e6b0      0x278 D:/tools/HPMicro/sdk_env/toolchains/rv32imac_zicsr_zifencei_multilib_b_ext-win/bin/../lib/gcc/riscv32-unknown-elf/13.2.0/../../../../riscv32-unknown-elf/lib/rv32imac_zicsr_zifencei_zba_zbb_zbc_zbs/ilp32\libg_nano.a(lib_a-nano-svfprintf.o)
                0x8000e6b0                _svfiprintf_r
                0x8000e6b0                _svfprintf_r
 .text._sbrk_r  0x8000e928       0x30 D:/tools/HPMicro/sdk_env/toolchains/rv32imac_zicsr_zifencei_multilib_b_ext-win/bin/../lib/gcc/riscv32-unknown-elf/13.2.0/../../../../riscv32-unknown-elf/lib/rv32imac_zicsr_zifencei_zba_zbb_zbc_zbs/ilp32\libg_nano.a(lib_a-sbrkr.o)
                0x8000e928                _sbrk_r
 .text._raise_r
                0x8000e958       0x5e D:/tools/HPMicro/sdk_env/toolchains/rv32imac_zicsr_zifencei_multilib_b_ext-win/bin/../lib/gcc/riscv32-unknown-elf/13.2.0/../../../../riscv32-unknown-elf/lib/rv32imac_zicsr_zifencei_zba_zbb_zbc_zbs/ilp32\libg_nano.a(lib_a-signal.o)
                0x8000e958                _raise_r
 .text.raise    0x8000e9b6        0xa D:/tools/HPMicro/sdk_env/toolchains/rv32imac_zicsr_zifencei_multilib_b_ext-win/bin/../lib/gcc/riscv32-unknown-elf/13.2.0/../../../../riscv32-unknown-elf/lib/rv32imac_zicsr_zifencei_zba_zbb_zbc_zbs/ilp32\libg_nano.a(lib_a-signal.o)
                0x8000e9b6                raise
 .text._kill_r  0x8000e9c0       0x30 D:/tools/HPMicro/sdk_env/toolchains/rv32imac_zicsr_zifencei_multilib_b_ext-win/bin/../lib/gcc/riscv32-unknown-elf/13.2.0/../../../../riscv32-unknown-elf/lib/rv32imac_zicsr_zifencei_zba_zbb_zbc_zbs/ilp32\libg_nano.a(lib_a-signalr.o)
                0x8000e9c0                _kill_r
 .text._getpid_r
                0x8000e9f0        0x2 D:/tools/HPMicro/sdk_env/toolchains/rv32imac_zicsr_zifencei_multilib_b_ext-win/bin/../lib/gcc/riscv32-unknown-elf/13.2.0/../../../../riscv32-unknown-elf/lib/rv32imac_zicsr_zifencei_zba_zbb_zbc_zbs/ilp32\libg_nano.a(lib_a-signalr.o)
                0x8000e9f0                _getpid_r
 .text.nan      0x8000e9f2        0xe D:/tools/HPMicro/sdk_env/toolchains/rv32imac_zicsr_zifencei_multilib_b_ext-win/bin/../lib/gcc/riscv32-unknown-elf/13.2.0/../../../../riscv32-unknown-elf/lib/rv32imac_zicsr_zifencei_zba_zbb_zbc_zbs/ilp32\libg_nano.a(lib_a-s_nan.o)
                0x8000e9f2                nan
 .text.__sread  0x8000ea00       0x2e D:/tools/HPMicro/sdk_env/toolchains/rv32imac_zicsr_zifencei_multilib_b_ext-win/bin/../lib/gcc/riscv32-unknown-elf/13.2.0/../../../../riscv32-unknown-elf/lib/rv32imac_zicsr_zifencei_zba_zbb_zbc_zbs/ilp32\libg_nano.a(lib_a-stdio.o)
                0x8000ea00                __sread
 .text.__swrite
                0x8000ea2e       0x4e D:/tools/HPMicro/sdk_env/toolchains/rv32imac_zicsr_zifencei_multilib_b_ext-win/bin/../lib/gcc/riscv32-unknown-elf/13.2.0/../../../../riscv32-unknown-elf/lib/rv32imac_zicsr_zifencei_zba_zbb_zbc_zbs/ilp32\libg_nano.a(lib_a-stdio.o)
                0x8000ea2e                __swrite
 .text.__sseek  0x8000ea7c       0x34 D:/tools/HPMicro/sdk_env/toolchains/rv32imac_zicsr_zifencei_multilib_b_ext-win/bin/../lib/gcc/riscv32-unknown-elf/13.2.0/../../../../riscv32-unknown-elf/lib/rv32imac_zicsr_zifencei_zba_zbb_zbc_zbs/ilp32\libg_nano.a(lib_a-stdio.o)
                0x8000ea7c                __sseek
 .text.__sclose
                0x8000eab0        0x6 D:/tools/HPMicro/sdk_env/toolchains/rv32imac_zicsr_zifencei_multilib_b_ext-win/bin/../lib/gcc/riscv32-unknown-elf/13.2.0/../../../../riscv32-unknown-elf/lib/rv32imac_zicsr_zifencei_zba_zbb_zbc_zbs/ilp32\libg_nano.a(lib_a-stdio.o)
                0x8000eab0                __sclose
 .text.__ascii_wctomb
                0x8000eab6       0x20 D:/tools/HPMicro/sdk_env/toolchains/rv32imac_zicsr_zifencei_multilib_b_ext-win/bin/../lib/gcc/riscv32-unknown-elf/13.2.0/../../../../riscv32-unknown-elf/lib/rv32imac_zicsr_zifencei_zba_zbb_zbc_zbs/ilp32\libg_nano.a(lib_a-wctomb_r.o)
                0x8000eab6                __ascii_wctomb
 .text._close_r
                0x8000ead6       0x2e D:/tools/HPMicro/sdk_env/toolchains/rv32imac_zicsr_zifencei_multilib_b_ext-win/bin/../lib/gcc/riscv32-unknown-elf/13.2.0/../../../../riscv32-unknown-elf/lib/rv32imac_zicsr_zifencei_zba_zbb_zbc_zbs/ilp32\libg_nano.a(lib_a-closer.o)
                0x8000ead6                _close_r
 .text._fstat_r
                0x8000eb04       0x30 D:/tools/HPMicro/sdk_env/toolchains/rv32imac_zicsr_zifencei_multilib_b_ext-win/bin/../lib/gcc/riscv32-unknown-elf/13.2.0/../../../../riscv32-unknown-elf/lib/rv32imac_zicsr_zifencei_zba_zbb_zbc_zbs/ilp32\libg_nano.a(lib_a-fstatr.o)
                0x8000eb04                _fstat_r
 .text._isatty_r
                0x8000eb34       0x2e D:/tools/HPMicro/sdk_env/toolchains/rv32imac_zicsr_zifencei_multilib_b_ext-win/bin/../lib/gcc/riscv32-unknown-elf/13.2.0/../../../../riscv32-unknown-elf/lib/rv32imac_zicsr_zifencei_zba_zbb_zbc_zbs/ilp32\libg_nano.a(lib_a-isattyr.o)
                0x8000eb34                _isatty_r
 .text._lseek_r
                0x8000eb62       0x32 D:/tools/HPMicro/sdk_env/toolchains/rv32imac_zicsr_zifencei_multilib_b_ext-win/bin/../lib/gcc/riscv32-unknown-elf/13.2.0/../../../../riscv32-unknown-elf/lib/rv32imac_zicsr_zifencei_zba_zbb_zbc_zbs/ilp32\libg_nano.a(lib_a-lseekr.o)
                0x8000eb62                _lseek_r
 .text.__malloc_lock
                0x8000eb94        0x2 D:/tools/HPMicro/sdk_env/toolchains/rv32imac_zicsr_zifencei_multilib_b_ext-win/bin/../lib/gcc/riscv32-unknown-elf/13.2.0/../../../../riscv32-unknown-elf/lib/rv32imac_zicsr_zifencei_zba_zbb_zbc_zbs/ilp32\libg_nano.a(lib_a-mlock.o)
                0x8000eb94                __malloc_lock
 .text.__malloc_unlock
                0x8000eb96        0x2 D:/tools/HPMicro/sdk_env/toolchains/rv32imac_zicsr_zifencei_multilib_b_ext-win/bin/../lib/gcc/riscv32-unknown-elf/13.2.0/../../../../riscv32-unknown-elf/lib/rv32imac_zicsr_zifencei_zba_zbb_zbc_zbs/ilp32\libg_nano.a(lib_a-mlock.o)
                0x8000eb96                __malloc_unlock
 .text._malloc_usable_size_r
                0x8000eb98       0x14 D:/tools/HPMicro/sdk_env/toolchains/rv32imac_zicsr_zifencei_multilib_b_ext-win/bin/../lib/gcc/riscv32-unknown-elf/13.2.0/../../../../riscv32-unknown-elf/lib/rv32imac_zicsr_zifencei_zba_zbb_zbc_zbs/ilp32\libg_nano.a(lib_a-nano-msizer.o)
                0x8000eb98                _malloc_usable_size_r
 .text._read_r  0x8000ebac       0x32 D:/tools/HPMicro/sdk_env/toolchains/rv32imac_zicsr_zifencei_multilib_b_ext-win/bin/../lib/gcc/riscv32-unknown-elf/13.2.0/../../../../riscv32-unknown-elf/lib/rv32imac_zicsr_zifencei_zba_zbb_zbc_zbs/ilp32\libg_nano.a(lib_a-readr.o)
                0x8000ebac                _read_r
 .text._close   0x8000ebde       0x2a D:/tools/HPMicro/sdk_env/toolchains/rv32imac_zicsr_zifencei_multilib_b_ext-win/bin/../lib/gcc/riscv32-unknown-elf/13.2.0/../../../../riscv32-unknown-elf/lib/rv32imac_zicsr_zifencei_zba_zbb_zbc_zbs/ilp32\libgloss_nano.a(sys_close.o)
                0x8000ebde                _close
 .text._exit    0x8000ec08       0x22 D:/tools/HPMicro/sdk_env/toolchains/rv32imac_zicsr_zifencei_multilib_b_ext-win/bin/../lib/gcc/riscv32-unknown-elf/13.2.0/../../../../riscv32-unknown-elf/lib/rv32imac_zicsr_zifencei_zba_zbb_zbc_zbs/ilp32\libgloss_nano.a(sys_exit.o)
                0x8000ec08                _exit
 .text._fstat   0x8000ec2a       0x38 D:/tools/HPMicro/sdk_env/toolchains/rv32imac_zicsr_zifencei_multilib_b_ext-win/bin/../lib/gcc/riscv32-unknown-elf/13.2.0/../../../../riscv32-unknown-elf/lib/rv32imac_zicsr_zifencei_zba_zbb_zbc_zbs/ilp32\libgloss_nano.a(sys_fstat.o)
                0x8000ec2a                _fstat
 .text._getpid  0x8000ec62        0x4 D:/tools/HPMicro/sdk_env/toolchains/rv32imac_zicsr_zifencei_multilib_b_ext-win/bin/../lib/gcc/riscv32-unknown-elf/13.2.0/../../../../riscv32-unknown-elf/lib/rv32imac_zicsr_zifencei_zba_zbb_zbc_zbs/ilp32\libgloss_nano.a(sys_getpid.o)
                0x8000ec62                _getpid
 .text._isatty  0x8000ec66       0x20 D:/tools/HPMicro/sdk_env/toolchains/rv32imac_zicsr_zifencei_multilib_b_ext-win/bin/../lib/gcc/riscv32-unknown-elf/13.2.0/../../../../riscv32-unknown-elf/lib/rv32imac_zicsr_zifencei_zba_zbb_zbc_zbs/ilp32\libgloss_nano.a(sys_isatty.o)
                0x8000ec66                _isatty
 .text._kill    0x8000ec86       0x14 D:/tools/HPMicro/sdk_env/toolchains/rv32imac_zicsr_zifencei_multilib_b_ext-win/bin/../lib/gcc/riscv32-unknown-elf/13.2.0/../../../../riscv32-unknown-elf/lib/rv32imac_zicsr_zifencei_zba_zbb_zbc_zbs/ilp32\libgloss_nano.a(sys_kill.o)
                0x8000ec86                _kill
 .text._lseek   0x8000ec9a       0x2a D:/tools/HPMicro/sdk_env/toolchains/rv32imac_zicsr_zifencei_multilib_b_ext-win/bin/../lib/gcc/riscv32-unknown-elf/13.2.0/../../../../riscv32-unknown-elf/lib/rv32imac_zicsr_zifencei_zba_zbb_zbc_zbs/ilp32\libgloss_nano.a(sys_lseek.o)
                0x8000ec9a                _lseek
 .text._read    0x8000ecc4       0x2a D:/tools/HPMicro/sdk_env/toolchains/rv32imac_zicsr_zifencei_multilib_b_ext-win/bin/../lib/gcc/riscv32-unknown-elf/13.2.0/../../../../riscv32-unknown-elf/lib/rv32imac_zicsr_zifencei_zba_zbb_zbc_zbs/ilp32\libgloss_nano.a(sys_read.o)
                0x8000ecc4                _read
 .text._conv_stat
                0x8000ecee       0x4e D:/tools/HPMicro/sdk_env/toolchains/rv32imac_zicsr_zifencei_multilib_b_ext-win/bin/../lib/gcc/riscv32-unknown-elf/13.2.0/../../../../riscv32-unknown-elf/lib/rv32imac_zicsr_zifencei_zba_zbb_zbc_zbs/ilp32\libgloss_nano.a(sys_conv_stat.o)
                0x8000ecee                _conv_stat
 *(.rodata)
 *fill*         0x8000ed3c        0x0 
 .rodata        0x8000ed3c       0x3c D:/tools/HPMicro/sdk_env/toolchains/rv32imac_zicsr_zifencei_multilib_b_ext-win/bin/../lib/gcc/riscv32-unknown-elf/13.2.0/rv32imac_zicsr_zifencei_zba_zbb_zbc_zbs/ilp32\libgcc.a(divdf3.o)
 *(.rodata*)
 .rodata.__g_descriptor
                0x8000ed78       0x24 CMakeFiles/app.dir/application/source/usb_osbdm.c.obj
                0x8000ed78                __g_descriptor
 .rodata.str1.4
                0x8000ed9c      0x7f2 CMakeFiles/app.dir/application/source/usb_osbdm.c.obj
                                 0x3f (size before relaxing)
 *fill*         0x8000f58e        0x2 
 .rodata.__g_string_descriptors
                0x8000f590       0x10 CMakeFiles/app.dir/application/source/usb_osbdm.c.obj
 .rodata.__g_other_speed___g_config_descriptor_fs
                0x8000f5a0       0x20 CMakeFiles/app.dir/application/source/usb_osbdm.c.obj
 .rodata.__g_other_speed_config_descriptor_hs
                0x8000f5c0       0x20 CMakeFiles/app.dir/application/source/usb_osbdm.c.obj
 .rodata.__g_device_quality_descriptor
                0x8000f5e0        0xa CMakeFiles/app.dir/application/source/usb_osbdm.c.obj
 *fill*         0x8000f5ea        0x2 
 .rodata.__g_config_descriptor_fs
                0x8000f5ec       0x20 CMakeFiles/app.dir/application/source/usb_osbdm.c.obj
 .rodata.__g_config_descriptor_hs
                0x8000f60c       0x20 CMakeFiles/app.dir/application/source/usb_osbdm.c.obj
 .rodata.__g_device_descriptor
                0x8000f62c       0x12 CMakeFiles/app.dir/application/source/usb_osbdm.c.obj
 *fill*         0x8000f63e        0x2 
 .rodata.debug_command_exec
                0x8000f640      0x274 CMakeFiles/app.dir/osbdm/cmd_processing.c.obj
 .rodata.t_special_feature
                0x8000f8b4       0xd4 CMakeFiles/app.dir/osbdm/jtag_eppc.c.obj
 .rodata.board_print_banner.str1.4
                0x8000f988      0x28b lib/libhpm_sdk_lib.a(board.c.obj)
 .rodata.board_print_clock_freq.str1.4
                0x8000f988       0x87 lib/libhpm_sdk_lib.a(board.c.obj)
 .rodata.get_frequency_for_source
                0x8000f988       0x20 lib/libhpm_sdk_lib.a(hpm_clock_drv.c.obj)
 .rodata.clock_get_frequency
                0x8000f9a8       0x30 lib/libhpm_sdk_lib.a(hpm_clock_drv.c.obj)
 .rodata.clock_set_source_divider
                0x8000f9d8       0x30 lib/libhpm_sdk_lib.a(hpm_clock_drv.c.obj)
 .rodata.clock_update_core_clock
                0x8000fa08       0x20 lib/libhpm_sdk_lib.a(hpm_clock_drv.c.obj)
 .rodata.SEGGER_RTT_ReadUpBufferNoLock.str1.4
                0x8000fa28        0x9 lib/libhpm_sdk_lib.a(SEGGER_RTT.c.obj)
 .rodata.usbd_set_endpoint.str1.4
                0x8000fa28       0x35 lib/libhpm_sdk_lib.a(usbd_core.c.obj)
 .rodata.usbd_setup_request_handler.str1.4
                0x8000fa28      0x225 lib/libhpm_sdk_lib.a(usbd_core.c.obj)
 .rodata.usbd_setup_request_handler
                0x8000fa28       0x68 lib/libhpm_sdk_lib.a(usbd_core.c.obj)
 .rodata.usbd_event_ep0_setup_complete_handler.str1.4
                0x8000fa90       0x1b lib/libhpm_sdk_lib.a(usbd_core.c.obj)
 .rodata.usbd_initialize.str1.4
                0x8000fa90        0xf lib/libhpm_sdk_lib.a(usbd_core.c.obj)
 .rodata.USBD_IRQHandler.str1.4
                0x8000fa90       0x43 lib/libhpm_sdk_lib.a(usb_dc_hpm.c.obj)
 .rodata.__assert_func.str1.4
                0x8000fa90       0x43 D:/tools/HPMicro/sdk_env/toolchains/rv32imac_zicsr_zifencei_multilib_b_ext-win/bin/../lib/gcc/riscv32-unknown-elf/13.2.0/../../../../riscv32-unknown-elf/lib/rv32imac_zicsr_zifencei_zba_zbb_zbc_zbs/ilp32\libg_nano.a(lib_a-assert.o)
 .rodata._printf_float.str1.4
                0x8000fa90       0x12 D:/tools/HPMicro/sdk_env/toolchains/rv32imac_zicsr_zifencei_multilib_b_ext-win/bin/../lib/gcc/riscv32-unknown-elf/13.2.0/../../../../riscv32-unknown-elf/lib/rv32imac_zicsr_zifencei_zba_zbb_zbc_zbs/ilp32\libg_nano.a(lib_a-nano-vfprintf_float.o)
 .rodata._printf_i.str1.4
                0x8000fa90       0x25 D:/tools/HPMicro/sdk_env/toolchains/rv32imac_zicsr_zifencei_multilib_b_ext-win/bin/../lib/gcc/riscv32-unknown-elf/13.2.0/../../../../riscv32-unknown-elf/lib/rv32imac_zicsr_zifencei_zba_zbb_zbc_zbs/ilp32\libg_nano.a(lib_a-nano-vfprintf_i.o)
 .rodata._printf_i
                0x8000fa90       0x58 D:/tools/HPMicro/sdk_env/toolchains/rv32imac_zicsr_zifencei_multilib_b_ext-win/bin/../lib/gcc/riscv32-unknown-elf/13.2.0/../../../../riscv32-unknown-elf/lib/rv32imac_zicsr_zifencei_zba_zbb_zbc_zbs/ilp32\libg_nano.a(lib_a-nano-vfprintf_i.o)
 .rodata._vfprintf_r.str1.4
                0x8000fae8       0x13 D:/tools/HPMicro/sdk_env/toolchains/rv32imac_zicsr_zifencei_multilib_b_ext-win/bin/../lib/gcc/riscv32-unknown-elf/13.2.0/../../../../riscv32-unknown-elf/lib/rv32imac_zicsr_zifencei_zba_zbb_zbc_zbs/ilp32\libg_nano.a(lib_a-nano-vfprintf.o)
 .rodata._scanf_float.str1.4
                0x8000fae8        0x9 D:/tools/HPMicro/sdk_env/toolchains/rv32imac_zicsr_zifencei_multilib_b_ext-win/bin/../lib/gcc/riscv32-unknown-elf/13.2.0/../../../../riscv32-unknown-elf/lib/rv32imac_zicsr_zifencei_zba_zbb_zbc_zbs/ilp32\libg_nano.a(lib_a-nano-vfscanf_float.o)
 .rodata._scanf_float
                0x8000fae8       0x74 D:/tools/HPMicro/sdk_env/toolchains/rv32imac_zicsr_zifencei_multilib_b_ext-win/bin/../lib/gcc/riscv32-unknown-elf/13.2.0/../../../../riscv32-unknown-elf/lib/rv32imac_zicsr_zifencei_zba_zbb_zbc_zbs/ilp32\libg_nano.a(lib_a-nano-vfscanf_float.o)
 .rodata._strtod_l.str1.4
                0x8000fb5c       0x11 D:/tools/HPMicro/sdk_env/toolchains/rv32imac_zicsr_zifencei_multilib_b_ext-win/bin/../lib/gcc/riscv32-unknown-elf/13.2.0/../../../../riscv32-unknown-elf/lib/rv32imac_zicsr_zifencei_zba_zbb_zbc_zbs/ilp32\libg_nano.a(lib_a-strtod.o)
 .rodata._strtod_l
                0x8000fb5c       0x14 D:/tools/HPMicro/sdk_env/toolchains/rv32imac_zicsr_zifencei_multilib_b_ext-win/bin/../lib/gcc/riscv32-unknown-elf/13.2.0/../../../../riscv32-unknown-elf/lib/rv32imac_zicsr_zifencei_zba_zbb_zbc_zbs/ilp32\libg_nano.a(lib_a-strtod.o)
 .rodata.fpinan.0
                0x8000fb70       0x14 D:/tools/HPMicro/sdk_env/toolchains/rv32imac_zicsr_zifencei_multilib_b_ext-win/bin/../lib/gcc/riscv32-unknown-elf/13.2.0/../../../../riscv32-unknown-elf/lib/rv32imac_zicsr_zifencei_zba_zbb_zbc_zbs/ilp32\libg_nano.a(lib_a-strtod.o)
 .rodata.fpi.1  0x8000fb84       0x14 D:/tools/HPMicro/sdk_env/toolchains/rv32imac_zicsr_zifencei_multilib_b_ext-win/bin/../lib/gcc/riscv32-unknown-elf/13.2.0/../../../../riscv32-unknown-elf/lib/rv32imac_zicsr_zifencei_zba_zbb_zbc_zbs/ilp32\libg_nano.a(lib_a-strtod.o)
 *fill*         0x8000fb98        0x0 
 .rodata.tinytens
                0x8000fb98       0x28 D:/tools/HPMicro/sdk_env/toolchains/rv32imac_zicsr_zifencei_multilib_b_ext-win/bin/../lib/gcc/riscv32-unknown-elf/13.2.0/../../../../riscv32-unknown-elf/lib/rv32imac_zicsr_zifencei_zba_zbb_zbc_zbs/ilp32\libg_nano.a(lib_a-strtod.o)
 .rodata._ctype_
                0x8000fbc0      0x101 D:/tools/HPMicro/sdk_env/toolchains/rv32imac_zicsr_zifencei_multilib_b_ext-win/bin/../lib/gcc/riscv32-unknown-elf/13.2.0/../../../../riscv32-unknown-elf/lib/rv32imac_zicsr_zifencei_zba_zbb_zbc_zbs/ilp32\libg_nano.a(lib_a-ctype_.o)
                0x8000fbc0                _ctype_
 .rodata._dtoa_r.str1.4
                0x8000fcc1       0x89 D:/tools/HPMicro/sdk_env/toolchains/rv32imac_zicsr_zifencei_multilib_b_ext-win/bin/../lib/gcc/riscv32-unknown-elf/13.2.0/../../../../riscv32-unknown-elf/lib/rv32imac_zicsr_zifencei_zba_zbb_zbc_zbs/ilp32\libg_nano.a(lib_a-dtoa.o)
 *fill*         0x8000fcc1        0x3 
 .rodata.__sf_fake_stderr
                0x8000fcc4       0x20 D:/tools/HPMicro/sdk_env/toolchains/rv32imac_zicsr_zifencei_multilib_b_ext-win/bin/../lib/gcc/riscv32-unknown-elf/13.2.0/../../../../riscv32-unknown-elf/lib/rv32imac_zicsr_zifencei_zba_zbb_zbc_zbs/ilp32\libg_nano.a(lib_a-findfp.o)
                0x8000fcc4                __sf_fake_stderr
 .rodata.__sf_fake_stdout
                0x8000fce4       0x20 D:/tools/HPMicro/sdk_env/toolchains/rv32imac_zicsr_zifencei_multilib_b_ext-win/bin/../lib/gcc/riscv32-unknown-elf/13.2.0/../../../../riscv32-unknown-elf/lib/rv32imac_zicsr_zifencei_zba_zbb_zbc_zbs/ilp32\libg_nano.a(lib_a-findfp.o)
                0x8000fce4                __sf_fake_stdout
 .rodata.__sf_fake_stdin
                0x8000fd04       0x20 D:/tools/HPMicro/sdk_env/toolchains/rv32imac_zicsr_zifencei_multilib_b_ext-win/bin/../lib/gcc/riscv32-unknown-elf/13.2.0/../../../../riscv32-unknown-elf/lib/rv32imac_zicsr_zifencei_zba_zbb_zbc_zbs/ilp32\libg_nano.a(lib_a-findfp.o)
                0x8000fd04                __sf_fake_stdin
 .rodata.__gethex.str1.4
                0x8000fd24       0x65 D:/tools/HPMicro/sdk_env/toolchains/rv32imac_zicsr_zifencei_multilib_b_ext-win/bin/../lib/gcc/riscv32-unknown-elf/13.2.0/../../../../riscv32-unknown-elf/lib/rv32imac_zicsr_zifencei_zba_zbb_zbc_zbs/ilp32\libg_nano.a(lib_a-gdtoa-gethex.o)
 .rodata.str1.4
                0x8000fd24        0x5 D:/tools/HPMicro/sdk_env/toolchains/rv32imac_zicsr_zifencei_multilib_b_ext-win/bin/../lib/gcc/riscv32-unknown-elf/13.2.0/../../../../riscv32-unknown-elf/lib/rv32imac_zicsr_zifencei_zba_zbb_zbc_zbs/ilp32\libg_nano.a(lib_a-lnumeric.o)
 .rodata._C_numeric_locale
                0x8000fd24        0xc D:/tools/HPMicro/sdk_env/toolchains/rv32imac_zicsr_zifencei_multilib_b_ext-win/bin/../lib/gcc/riscv32-unknown-elf/13.2.0/../../../../riscv32-unknown-elf/lib/rv32imac_zicsr_zifencei_zba_zbb_zbc_zbs/ilp32\libg_nano.a(lib_a-lnumeric.o)
                0x8000fd24                _C_numeric_locale
 .rodata._setlocale_r.str1.4
                0x8000fd30        0xd D:/tools/HPMicro/sdk_env/toolchains/rv32imac_zicsr_zifencei_multilib_b_ext-win/bin/../lib/gcc/riscv32-unknown-elf/13.2.0/../../../../riscv32-unknown-elf/lib/rv32imac_zicsr_zifencei_zba_zbb_zbc_zbs/ilp32\libg_nano.a(lib_a-locale.o)
 .rodata.str1.4
                0x8000fd30        0x2 D:/tools/HPMicro/sdk_env/toolchains/rv32imac_zicsr_zifencei_multilib_b_ext-win/bin/../lib/gcc/riscv32-unknown-elf/13.2.0/../../../../riscv32-unknown-elf/lib/rv32imac_zicsr_zifencei_zba_zbb_zbc_zbs/ilp32\libg_nano.a(lib_a-locale.o)
 .rodata._Balloc.str1.4
                0x8000fd30       0x62 D:/tools/HPMicro/sdk_env/toolchains/rv32imac_zicsr_zifencei_multilib_b_ext-win/bin/../lib/gcc/riscv32-unknown-elf/13.2.0/../../../../riscv32-unknown-elf/lib/rv32imac_zicsr_zifencei_zba_zbb_zbc_zbs/ilp32\libg_nano.a(lib_a-mprec.o)
 .rodata.__multadd.str1.4
                0x8000fd30       0x11 D:/tools/HPMicro/sdk_env/toolchains/rv32imac_zicsr_zifencei_multilib_b_ext-win/bin/../lib/gcc/riscv32-unknown-elf/13.2.0/../../../../riscv32-unknown-elf/lib/rv32imac_zicsr_zifencei_zba_zbb_zbc_zbs/ilp32\libg_nano.a(lib_a-mprec.o)
 .rodata.p05.0  0x8000fd30        0xc D:/tools/HPMicro/sdk_env/toolchains/rv32imac_zicsr_zifencei_multilib_b_ext-win/bin/../lib/gcc/riscv32-unknown-elf/13.2.0/../../../../riscv32-unknown-elf/lib/rv32imac_zicsr_zifencei_zba_zbb_zbc_zbs/ilp32\libg_nano.a(lib_a-mprec.o)
 *fill*         0x8000fd3c        0x4 
 .rodata.__mprec_bigtens
                0x8000fd40       0x28 D:/tools/HPMicro/sdk_env/toolchains/rv32imac_zicsr_zifencei_multilib_b_ext-win/bin/../lib/gcc/riscv32-unknown-elf/13.2.0/../../../../riscv32-unknown-elf/lib/rv32imac_zicsr_zifencei_zba_zbb_zbc_zbs/ilp32\libg_nano.a(lib_a-mprec.o)
                0x8000fd40                __mprec_bigtens
 .rodata.__mprec_tens
                0x8000fd68       0xc8 D:/tools/HPMicro/sdk_env/toolchains/rv32imac_zicsr_zifencei_multilib_b_ext-win/bin/../lib/gcc/riscv32-unknown-elf/13.2.0/../../../../riscv32-unknown-elf/lib/rv32imac_zicsr_zifencei_zba_zbb_zbc_zbs/ilp32\libg_nano.a(lib_a-mprec.o)
                0x8000fd68                __mprec_tens
 .rodata._svfprintf_r.str1.4
                0x8000fe30       0x13 D:/tools/HPMicro/sdk_env/toolchains/rv32imac_zicsr_zifencei_multilib_b_ext-win/bin/../lib/gcc/riscv32-unknown-elf/13.2.0/../../../../riscv32-unknown-elf/lib/rv32imac_zicsr_zifencei_zba_zbb_zbc_zbs/ilp32\libg_nano.a(lib_a-nano-svfprintf.o)
 *(.srodata)
 *(.srodata*)
 .srodata.FIRMWARE_TYPE
                0x8000fe30        0x1 CMakeFiles/app.dir/osbdm/jtag_eppc.c.obj
                0x8000fe30                FIRMWARE_TYPE
 .srodata.TARGET_TYPE
                0x8000fe31        0x1 CMakeFiles/app.dir/osbdm/jtag_eppc.c.obj
                0x8000fe31                TARGET_TYPE
 *fill*         0x8000fe32        0x2 
 .srodata.s_wdgs
                0x8000fe34        0x8 lib/libhpm_sdk_lib.a(hpm_clock_drv.c.obj)
 .srodata.s_adc_clk_mux_node
                0x8000fe3c        0x8 lib/libhpm_sdk_lib.a(hpm_clock_drv.c.obj)
 *fill*         0x8000fe44        0x4 
 .srodata.cst8  0x8000fe48       0x90 lib/libhpm_sdk_lib.a(hpm_pllctlv2_drv.c.obj)
                                 0x18 (size before relaxing)
 .srodata._global_impure_ptr
                0x8000fed8        0x4 D:/tools/HPMicro/sdk_env/toolchains/rv32imac_zicsr_zifencei_multilib_b_ext-win/bin/../lib/gcc/riscv32-unknown-elf/13.2.0/../../../../riscv32-unknown-elf/lib/rv32imac_zicsr_zifencei_zba_zbb_zbc_zbs/ilp32\libg_nano.a(lib_a-impure.o)
                0x8000fed8                _global_impure_ptr
 .srodata.cst8  0x8000fedc        0x8 D:/tools/HPMicro/sdk_env/toolchains/rv32imac_zicsr_zifencei_multilib_b_ext-win/bin/../lib/gcc/riscv32-unknown-elf/13.2.0/../../../../riscv32-unknown-elf/lib/rv32imac_zicsr_zifencei_zba_zbb_zbc_zbs/ilp32\libg_nano.a(lib_a-nano-vfprintf_float.o)
 .srodata.cst4  0x8000fedc        0x4 D:/tools/HPMicro/sdk_env/toolchains/rv32imac_zicsr_zifencei_multilib_b_ext-win/bin/../lib/gcc/riscv32-unknown-elf/13.2.0/../../../../riscv32-unknown-elf/lib/rv32imac_zicsr_zifencei_zba_zbb_zbc_zbs/ilp32\libg_nano.a(lib_a-sf_nan.o)
 .srodata.cst8  0x8000fee0       0x48 D:/tools/HPMicro/sdk_env/toolchains/rv32imac_zicsr_zifencei_multilib_b_ext-win/bin/../lib/gcc/riscv32-unknown-elf/13.2.0/../../../../riscv32-unknown-elf/lib/rv32imac_zicsr_zifencei_zba_zbb_zbc_zbs/ilp32\libg_nano.a(lib_a-strtod.o)
 .srodata.cst8  0x8000fee0       0x48 D:/tools/HPMicro/sdk_env/toolchains/rv32imac_zicsr_zifencei_multilib_b_ext-win/bin/../lib/gcc/riscv32-unknown-elf/13.2.0/../../../../riscv32-unknown-elf/lib/rv32imac_zicsr_zifencei_zba_zbb_zbc_zbs/ilp32\libg_nano.a(lib_a-dtoa.o)
 .srodata.cst8  0x8000fee0        0x8 D:/tools/HPMicro/sdk_env/toolchains/rv32imac_zicsr_zifencei_multilib_b_ext-win/bin/../lib/gcc/riscv32-unknown-elf/13.2.0/../../../../riscv32-unknown-elf/lib/rv32imac_zicsr_zifencei_zba_zbb_zbc_zbs/ilp32\libg_nano.a(lib_a-s_nan.o)
 *(.hash)
 *(.dyn*)
 *(.gnu*)
 *(.pl*)
 *(.init)
 *(.fini)
                0x8000ff28                        . = ALIGN (0x8)
                0x8000fee0                        __usbh_class_info_start__ = .
 *(.usbh_class_info)
                0x8000fee0                        __usbh_class_info_end__ = .
                0x8000ff28                        . = ALIGN (0x4)
                0x8000fee0                        __fsymtab_start = .
 *(FSymTab)
                0x8000fee0                        __fsymtab_end = .
                0x8000ff28                        . = ALIGN (0x4)
                0x8000fee0                        __vsymtab_start = .
 *(VSymTab)
                0x8000fee0                        __vsymtab_end = .
                0x8000ff28                        . = ALIGN (0x4)
                0x8000ff28                        . = ALIGN (0x4)
                0x8000fee0                        __rt_init_start = .
 *(SORT_BY_NAME(.rti_fn*))
                0x8000fee0                        __rt_init_end = .
                0x8000ff28                        . = ALIGN (0x4)
                0x8000ff28                        . = ALIGN (0x4)
                0x8000fee0                        __rtmsymtab_start = .
 *(RTMSymTab)
                0x8000fee0                        __rtmsymtab_end = .
                0x8000ff28                        . = ALIGN (0x8)

.eh_frame       0x8000fee0        0x0
                0x8000fee0                        __eh_frame_start = .
 *(.eh_frame)
 .eh_frame      0x8000fee0        0x0 D:/tools/HPMicro/sdk_env/toolchains/rv32imac_zicsr_zifencei_multilib_b_ext-win/bin/../lib/gcc/riscv32-unknown-elf/13.2.0/rv32imac_zicsr_zifencei_zba_zbb_zbc_zbs/ilp32\libgcc.a(_divdi3.o)
                                 0x28 (size before relaxing)
 .eh_frame      0x8000fee0        0x0 D:/tools/HPMicro/sdk_env/toolchains/rv32imac_zicsr_zifencei_multilib_b_ext-win/bin/../lib/gcc/riscv32-unknown-elf/13.2.0/rv32imac_zicsr_zifencei_zba_zbb_zbc_zbs/ilp32\libgcc.a(_udivdi3.o)
                                 0x28 (size before relaxing)
                0x8000fee0                        __eh_frame_end = .

.eh_frame_hdr   0x8000fee0        0x0
 *(.eh_frame_hdr)
                0x00000000                        __eh_frame_hdr_start = (SIZEOF (.eh_frame_hdr) > 0x0)?ADDR (.eh_frame_hdr):0x0
                0x00000000                        __eh_frame_hdr_end = (SIZEOF (.eh_frame_hdr) > 0x0)?.:0x0

.rel            0x8000fee0        0x0
 *(.rel*)
 .rela.start    0x8000fee0        0x0 CMakeFiles/app.dir/application/source/main.c.obj
 .rela.vector_table
                0x8000fee0        0x0 CMakeFiles/app.dir/application/source/main.c.obj
 .rela.text.__libc_init_array
                0x8000fee0        0x0 CMakeFiles/app.dir/application/source/main.c.obj
 .rela.text.c_startup
                0x8000fee0        0x0 CMakeFiles/app.dir/application/source/main.c.obj
 .rela.isr_vector
                0x8000fee0        0x0 CMakeFiles/app.dir/application/source/main.c.obj
 .rela.fw_info_table
                0x8000fee0        0x0 CMakeFiles/app.dir/application/source/main.c.obj
 .rela.text._sbrk
                0x8000fee0        0x0 CMakeFiles/app.dir/application/source/main.c.obj
 .rela.text._vfprintf_r
                0x8000fee0        0x0 CMakeFiles/app.dir/application/source/main.c.obj
 .rela.text._svfprintf_r
                0x8000fee0        0x0 CMakeFiles/app.dir/application/source/main.c.obj
                [!provide]                        PROVIDE (__etext = .)
                [!provide]                        PROVIDE (_etext = .)
                0x8000fee0                        PROVIDE (etext = .)
                0x8000fee0                        __data_load_addr__ = etext

.data           0x00080000      0x1e8 load address 0x8000fee0
                0x00080000                        . = ALIGN (0x8)
                0x00080000                        __data_start__ = .
                0x00080800                        __global_pointer$ = (. + 0x800)
 *(.data)
 *(.data*)
 .data.impure_data
                0x00080000       0x60 D:/tools/HPMicro/sdk_env/toolchains/rv32imac_zicsr_zifencei_multilib_b_ext-win/bin/../lib/gcc/riscv32-unknown-elf/13.2.0/../../../../riscv32-unknown-elf/lib/rv32imac_zicsr_zifencei_zba_zbb_zbc_zbs/ilp32\libg_nano.a(lib_a-impure.o)
 .data.__global_locale
                0x00080060      0x16c D:/tools/HPMicro/sdk_env/toolchains/rv32imac_zicsr_zifencei_multilib_b_ext-win/bin/../lib/gcc/riscv32-unknown-elf/13.2.0/../../../../riscv32-unknown-elf/lib/rv32imac_zicsr_zifencei_zba_zbb_zbc_zbs/ilp32\libg_nano.a(lib_a-locale.o)
                0x00080060                __global_locale
 *(.sdata)
 *(.sdata*)
 .sdata.__g_osbdm_ep_out
                0x000801cc        0x8 CMakeFiles/app.dir/application/source/usb_osbdm.c.obj
 .sdata.__g_osbdm_ep_in
                0x000801d4        0x8 CMakeFiles/app.dir/application/source/usb_osbdm.c.obj
 .sdata._impure_ptr
                0x000801dc        0x4 D:/tools/HPMicro/sdk_env/toolchains/rv32imac_zicsr_zifencei_multilib_b_ext-win/bin/../lib/gcc/riscv32-unknown-elf/13.2.0/../../../../riscv32-unknown-elf/lib/rv32imac_zicsr_zifencei_zba_zbb_zbc_zbs/ilp32\libg_nano.a(lib_a-impure.o)
                0x000801dc                _impure_ptr
 .sdata.numempty
                0x000801e0        0x2 D:/tools/HPMicro/sdk_env/toolchains/rv32imac_zicsr_zifencei_multilib_b_ext-win/bin/../lib/gcc/riscv32-unknown-elf/13.2.0/../../../../riscv32-unknown-elf/lib/rv32imac_zicsr_zifencei_zba_zbb_zbc_zbs/ilp32\libg_nano.a(lib_a-lnumeric.o)
 *(.jcr)
 *(.dynamic)
 *(.got*)
 *(.got)
 *(.gcc_except_table)
 *(.gcc_except_table.*)
                0x000801e8                        . = ALIGN (0x8)
 *fill*         0x000801e2        0x6 
                0x000801e8                        PROVIDE (__preinit_array_start = .)
 *(.preinit_array)
                0x000801e8                        PROVIDE (__preinit_array_end = .)
                0x000801e8                        . = ALIGN (0x8)
                0x000801e8                        PROVIDE (__init_array_start = .)
 *(SORT_BY_INIT_PRIORITY(.init_array.*))
 *(.init_array)
                0x000801e8                        PROVIDE (__init_array_end = .)
                0x000801e8                        . = ALIGN (0x8)
                [!provide]                        PROVIDE (__finit_array_start = .)
 *(SORT_BY_INIT_PRIORITY(.finit_array.*))
 *(.finit_array)
                [!provide]                        PROVIDE (__finit_array_end = .)
                0x000801e8                        . = ALIGN (0x8)
 *crtbegin*.o(.ctors)
 *(EXCLUDE_FILE(*crtend*.o) .ctors)
 *(SORT_BY_NAME(.ctors.*))
 *(.ctors)
                0x000801e8                        . = ALIGN (0x8)
 *crtbegin*.o(.dtors)
 *(EXCLUDE_FILE(*crtend*.o) .dtors)
 *(SORT_BY_NAME(.dtors.*))
 *(.dtors)
                0x000801e8                        . = ALIGN (0x8)
                0x000801e8                        __data_end__ = .
                [!provide]                        PROVIDE (__edata = .)
                [!provide]                        PROVIDE (_edata = .)
                [!provide]                        PROVIDE (edata = .)
                0x800100c8                        __fast_load_addr__ = (etext + SIZEOF (.data))

.fast           0x00000340        0x0 load address 0x800100c8
                0x00000340                        . = ALIGN (0x8)
                0x00000340                        PROVIDE (__ramfunc_start__ = .)
 *(.fast)
 *(.fast.*)
                0x00000340                        . = ALIGN (0x8)
                0x00000340                        PROVIDE (__ramfunc_end__ = .)
                0x800100c8                        __tdata_load_addr__ = ((etext + SIZEOF (.data)) + SIZEOF (.fast))

.tdata          0x000801e8        0x0 load address 0x800100c8
                0x000801e8                        . = ALIGN (0x8)
                0x000801e8                        PROVIDE (__tdata_start__ = .)
 *(.tdata)
 *(.tdata.*)
 *(.gnu.linkonce.td.*)
                0x000801e8                        . = ALIGN (0x8)
                0x000801e8                        PROVIDE (__tdata_end__ = .)

.tbss           0x000801e8        0x0
                0x000801e8                        . = ALIGN (0x8)
                [!provide]                        PROVIDE (__tbss_start__ = .)
                0x000801e8                        __thread_pointer$ = .
 *(.tbss)
 *(.tbss.*)
 *(.gnu.linkonce.tb.*)
 *(.tcommon)
                0x000801e8                        . = ALIGN (0x8)
                [!provide]                        PROVIDE (__tbss_end__ = .)
                0x800100c8                        __noncacheable_init_load_addr__ = (((etext + SIZEOF (.data)) + SIZEOF (.fast)) + SIZEOF (.tdata))

.noncacheable.init
                0x000801e8        0x0 load address 0x800100c8
                0x000801e8                        . = ALIGN (0x8)
                0x000801e8                        __noncacheable_init_start__ = .
 *(.noncacheable.init)
                0x000801e8                        __noncacheable_init_end__ = .
                0x000801e8                        . = ALIGN (0x8)