Archive member included to satisfy reference by file (symbol)

lib/libhpm_sdk_gcc_lib.a(start.S.obj)
                              (--whole-archive)
lib/libhpm_sdk_gcc_lib.a(initfini.c.obj)
                              (--whole-archive)
lib/libhpm_sdk_gcc_lib.a(SEGGER_RTT_Syscalls_GCC.c.obj)
                              (--whole-archive)
lib/libhpm_sdk_lib.a(pinmux.c.obj)
                              (--whole-archive)
lib/libhpm_sdk_lib.a(board.c.obj)
                              (--whole-archive)
lib/libhpm_sdk_lib.a(reset.c.obj)
                              (--whole-archive)
lib/libhpm_sdk_lib.a(trap.c.obj)
                              (--whole-archive)
lib/libhpm_sdk_lib.a(system.c.obj)
                              (--whole-archive)
lib/libhpm_sdk_lib.a(hpm_sysctl_drv.c.obj)
                              (--whole-archive)
lib/libhpm_sdk_lib.a(hpm_l1c_drv.c.obj)
                              (--whole-archive)
lib/libhpm_sdk_lib.a(hpm_clock_drv.c.obj)
                              (--whole-archive)
lib/libhpm_sdk_lib.a(hpm_otp_drv.c.obj)
                              (--whole-archive)
lib/libhpm_sdk_lib.a(hpm_bootheader.c.obj)
                              (--whole-archive)
lib/libhpm_sdk_lib.a(hpm_uart_drv.c.obj)
                              (--whole-archive)
lib/libhpm_sdk_lib.a(hpm_i2c_drv.c.obj)
                              (--whole-archive)
lib/libhpm_sdk_lib.a(hpm_pmp_drv.c.obj)
                              (--whole-archive)
lib/libhpm_sdk_lib.a(hpm_gpio_drv.c.obj)
                              (--whole-archive)
lib/libhpm_sdk_lib.a(hpm_spi_drv.c.obj)
                              (--whole-archive)
lib/libhpm_sdk_lib.a(hpm_gptmr_drv.c.obj)
                              (--whole-archive)
lib/libhpm_sdk_lib.a(hpm_pllctlv2_drv.c.obj)
                              (--whole-archive)
lib/libhpm_sdk_lib.a(hpm_usb_drv.c.obj)
                              (--whole-archive)
lib/libhpm_sdk_lib.a(hpm_acmp_drv.c.obj)
                              (--whole-archive)
lib/libhpm_sdk_lib.a(hpm_adc16_drv.c.obj)
                              (--whole-archive)
lib/libhpm_sdk_lib.a(hpm_pcfg_drv.c.obj)
                              (--whole-archive)
lib/libhpm_sdk_lib.a(hpm_mchtmr_drv.c.obj)
                              (--whole-archive)
lib/libhpm_sdk_lib.a(hpm_tsns_drv.c.obj)
                              (--whole-archive)
lib/libhpm_sdk_lib.a(hpm_crc_drv.c.obj)
                              (--whole-archive)
lib/libhpm_sdk_lib.a(hpm_dmav2_drv.c.obj)
                              (--whole-archive)
lib/libhpm_sdk_lib.a(hpm_ewdg_drv.c.obj)
                              (--whole-archive)
lib/libhpm_sdk_lib.a(hpm_sbrk.c.obj)
                              (--whole-archive)
lib/libhpm_sdk_lib.a(hpm_swap.c.obj)
                              (--whole-archive)
lib/libhpm_sdk_lib.a(hpm_ffssi.c.obj)
                              (--whole-archive)
lib/libhpm_sdk_lib.a(hpm_crc32.c.obj)
                              (--whole-archive)
lib/libhpm_sdk_lib.a(hpm_usb_device.c.obj)
                              (--whole-archive)
lib/libhpm_sdk_lib.a(SEGGER_RTT.c.obj)
                              (--whole-archive)
lib/libhpm_sdk_lib.a(SEGGER_RTT_printf.c.obj)
                              (--whole-archive)
lib/libhpm_sdk_lib.a(usbd_core.c.obj)
                              (--whole-archive)
lib/libhpm_sdk_lib.a(usb_dc_hpm.c.obj)
                              (--whole-archive)
D:/tools/HPMicro/sdk_env/toolchains/rv32imac_zicsr_zifencei_multilib_b_ext-win/bin/../lib/gcc/riscv32-unknown-elf/13.2.0/rv32imac_zicsr_zifencei_zba_zbb_zbc_zbs/ilp32\libgcc.a(_divdi3.o)
                              lib/libhpm_sdk_lib.a(hpm_i2c_drv.c.obj) (__divdi3)
D:/tools/HPMicro/sdk_env/toolchains/rv32imac_zicsr_zifencei_multilib_b_ext-win/bin/../lib/gcc/riscv32-unknown-elf/13.2.0/rv32imac_zicsr_zifencei_zba_zbb_zbc_zbs/ilp32\libgcc.a(_udivdi3.o)
                              lib/libhpm_sdk_lib.a(hpm_i2c_drv.c.obj) (__udivdi3)
D:/tools/HPMicro/sdk_env/toolchains/rv32imac_zicsr_zifencei_multilib_b_ext-win/bin/../lib/gcc/riscv32-unknown-elf/13.2.0/rv32imac_zicsr_zifencei_zba_zbb_zbc_zbs/ilp32\libgcc.a(adddf3.o)
                              lib/libhpm_sdk_lib.a(hpm_pllctlv2_drv.c.obj) (__adddf3)
D:/tools/HPMicro/sdk_env/toolchains/rv32imac_zicsr_zifencei_multilib_b_ext-win/bin/../lib/gcc/riscv32-unknown-elf/13.2.0/rv32imac_zicsr_zifencei_zba_zbb_zbc_zbs/ilp32\libgcc.a(divdf3.o)
                              lib/libhpm_sdk_lib.a(hpm_pllctlv2_drv.c.obj) (__divdf3)
D:/tools/HPMicro/sdk_env/toolchains/rv32imac_zicsr_zifencei_multilib_b_ext-win/bin/../lib/gcc/riscv32-unknown-elf/13.2.0/rv32imac_zicsr_zifencei_zba_zbb_zbc_zbs/ilp32\libgcc.a(muldf3.o)
                              lib/libhpm_sdk_lib.a(hpm_pllctlv2_drv.c.obj) (__muldf3)
D:/tools/HPMicro/sdk_env/toolchains/rv32imac_zicsr_zifencei_multilib_b_ext-win/bin/../lib/gcc/riscv32-unknown-elf/13.2.0/rv32imac_zicsr_zifencei_zba_zbb_zbc_zbs/ilp32\libgcc.a(fixunsdfsi.o)
[...]
Memory Configuration

Name             Origin             Length             Attributes
XPI0             0x80000000         0x00100000         xr
ILM              0x00000000         0x00020000         xw
DLM              0x00080000         0x00020000         w
AHB_SRAM         0xf0400000         0x00008000         w
*default*        0x00000000         0xffffffff

Linker script and memory map

LOAD CMakeFiles/app.dir/application/source/main.c.obj
LOAD CMakeFiles/app.dir/application/source/usb_osbdm.c.obj
LOAD CMakeFiles/app.dir/board/source/board_custom.c.obj
LOAD CMakeFiles/app.dir/middleware/easylogger/port/elog_port.c.obj
LOAD CMakeFiles/app.dir/middleware/easylogger/src/elog.c.obj
LOAD CMakeFiles/app.dir/middleware/easylogger/src/elog_utils.c.obj
LOAD CMakeFiles/app.dir/osbdm/board_id.c.obj
LOAD CMakeFiles/app.dir/osbdm/cmd_processing.c.obj
LOAD CMakeFiles/app.dir/osbdm/jtag_eppc.c.obj
LOAD CMakeFiles/app.dir/osbdm/util.c.obj
LOAD lib/libhpm_sdk_gcc_lib.a
LOAD lib/libhpm_sdk_lib.a
                0x00004000                        _heap_size = 0x4000
                0x00004000                        _stack_size = 0x4000
                0x00100000                        _flash_size = 0x100000
LOAD D:/tools/HPMicro/sdk_env/toolchains/rv32imac_zicsr_zifencei_multilib_b_ext-win/bin/../lib/gcc/riscv32-unknown-elf/13.2.0/rv32imac_zicsr_zifencei_zba_zbb_zbc_zbs/ilp32\libgcc.a
LOAD D:/tools/HPMicro/sdk_env/toolchains/rv32imac_zicsr_zifencei_multilib_b_ext-win/bin/../lib/gcc/riscv32-unknown-elf/13.2.0/../../../../riscv32-unknown-elf/lib/rv32imac_zicsr_zifencei_zba_zbb_zbc_zbs/ilp32\libg_nano.a
LOAD D:/tools/HPMicro/sdk_env/toolchains/rv32imac_zicsr_zifencei_multilib_b_ext-win/bin/../lib/gcc/riscv32-unknown-elf/13.2.0/../../../../riscv32-unknown-elf/lib/rv32imac_zicsr_zifencei_zba_zbb_zbc_zbs/ilp32\libc_nano.a
LOAD D:/tools/HPMicro/sdk_env/toolchains/rv32imac_zicsr_zifencei_multilib_b_ext-win/bin/../lib/gcc/riscv32-unknown-elf/13.2.0/rv32imac_zicsr_zifencei_zba_zbb_zbc_zbs/ilp32\libgcc.a
START GROUP
LOAD D:/tools/HPMicro/sdk_env/toolchains/rv32imac_zicsr_zifencei_multilib_b_ext-win/bin/../lib/gcc/riscv32-unknown-elf/13.2.0/rv32imac_zicsr_zifencei_zba_zbb_zbc_zbs/ilp32\libgcc.a
LOAD D:/tools/HPMicro/sdk_env/toolchains/rv32imac_zicsr_zifencei_multilib_b_ext-win/bin/../lib/gcc/riscv32-unknown-elf/13.2.0/../../../../riscv32-unknown-elf/lib/rv32imac_zicsr_zifencei_zba_zbb_zbc_zbs/ilp32\libc_nano.a
LOAD D:/tools/HPMicro/sdk_env/toolchains/rv32imac_zicsr_zifencei_multilib_b_ext-win/bin/../lib/gcc/riscv32-unknown-elf/13.2.0/../../../../riscv32-unknown-elf/lib/rv32imac_zicsr_zifencei_zba_zbb_zbc_zbs/ilp32\libgloss_nano.a
END GROUP
                0x00004000                        STACK_SIZE = _stack_size
                0x00004000                        HEAP_SIZE = _heap_size
                0x80000400                        __nor_cfg_option_load_addr__ = (ORIGIN (XPI0) + 0x400)
                0x80001000                        __boot_header_load_addr__ = (ORIGIN (XPI0) + 0x1000)
                0x80003000                        __app_load_addr__ = (ORIGIN (XPI0) + 0x3000)
                0x00000090                        __boot_header_length__ = (__boot_header_end__ - __boot_header_start__)
                0x00002000                        __app_offset__ = (__app_load_addr__ - __boot_header_load_addr__)

.nor_cfg_option
                0x80000400       0x10
 *(.nor_cfg_option)
 .nor_cfg_option
                0x80000400       0x10 lib/libhpm_sdk_lib.a(board.c.obj)
                0x80000400                option

.boot_header    0x80001000       0x90
                0x80001000                        __boot_header_start__ = .
 *(.boot_header)
 .boot_header   0x80001000       0x10 lib/libhpm_sdk_lib.a(hpm_bootheader.c.obj)
                0x80001000                header
 *(.fw_info_table)
 .fw_info_table
                0x80001010       0x80 lib/libhpm_sdk_lib.a(hpm_bootheader.c.obj)
                0x80001010                fw_info
 *(.dc_info)
                0x80001090                        __boot_header_end__ = .

.start          0x80003000       0x4a
                0x80003000                        . = ALIGN (0x8)
 *(.start)
 .start         0x80003000       0x4a lib/libhpm_sdk_gcc_lib.a(start.S.obj)
                0x80003000                _start
                0x80003048                exit
                0x8000304a                        __vector_load_addr__ = (ADDR (.start) + SIZEOF (.start))

.vectors        0x00000000      0x340 load address 0x8000304a
                0x00000000                        . = ALIGN (0x8)
                0x00000000                        __vector_ram_start__ = .
 *(.vector_table)
 .vector_table  0x00000000      0x124 lib/libhpm_sdk_gcc_lib.a(start.S.obj)
                0x00000000                __vector_table
 *(.isr_vector)
 .isr_vector    0x00000124        0x8 lib/libhpm_sdk_gcc_lib.a(start.S.obj)
                0x00000124                nmi_handler
                0x00000128                default_isr_17
                0x00000128                default_isr_9
                0x00000128                default_isr_61
                0x00000128                default_isr_35
                0x00000128                default_isr_41
                0x00000128                default_isr_66
                0x00000128                default_isr_23
                0x00000128                default_isr_5
                0x00000128                default_isr_68
                0x00000128                default_isr_25
                0x00000128                default_isr_31
                0x00000128                default_isr_53
                0x00000128                default_isr_27
                0x00000128                default_isr_71
                0x00000128                default_isr_3
                0x00000128                default_isr_38
                0x00000128                default_isr_1
                0x00000128                default_isr_63
                0x00000128                default_isr_20
                0x00000128                default_isr_13
                0x00000128                default_isr_40
                0x00000128                default_isr_58
                0x00000128                default_isr_10
                0x00000128                default_isr_55
                0x00000128                default_isr_46
                0x00000128                default_isr_30
                0x00000128                default_isr_4
                0x00000128                default_isr_48
                0x00000128                default_isr_33
                0x00000128                default_isr_16
                0x00000128                default_isr_28
                0x00000128                default_isr_62
                0x00000128                default_isr_52
                0x00000128                default_isr_50
                0x00000128                default_isr_69
                0x00000128                default_isr_26
                0x00000128                default_isr_32
                0x00000128                default_isr_70
                0x00000128                default_isr_43
                0x00000128                default_isr_11
                0x00000128                default_isr_56
                0x00000128                default_isr_8
                0x00000128                default_irq_handler
                0x00000128                default_isr_60
                0x00000128                default_isr_49
                0x00000128                default_isr_72
                0x00000128                default_isr_2
                0x00000128                default_isr_47
                0x00000128                default_isr_18
                0x00000128                default_isr_65
                0x00000128                default_isr_22
                0x00000128                default_isr_42
                0x00000128                default_isr_34
                0x00000128                default_isr_36
                0x00000128                default_isr_67
                0x00000128                default_isr_24
                0x00000128                default_isr_19
                0x00000128                default_isr_29
                0x00000128                default_isr_15
                0x00000128                default_isr_37
                0x00000128                default_isr_39
                0x00000128                default_isr_7
                0x00000128                default_isr_12
                0x00000128                default_isr_44
                0x00000128                default_isr_57
                0x00000128                default_isr_64
                0x00000128                default_isr_21
                0x00000128                default_isr_14
                0x00000128                default_isr_59
                0x00000128                default_isr_54
                0x00000128                default_isr_45
 .isr_vector    0x0000012c       0xa6 lib/libhpm_sdk_lib.a(board.c.obj)
                0x0000012c                board_timer_isr
                0x0000014a                default_isr_6
 *fill*         0x000001d2        0x2 
 .isr_vector    0x000001d4       0xce lib/libhpm_sdk_lib.a(trap.c.obj)
                0x000001d4                irq_handler_trap
 .isr_vector    0x000002a2       0x9a lib/libhpm_sdk_lib.a(usb_dc_hpm.c.obj)
                0x000002a2                isr_usbd0
                0x000002b2                default_isr_51
 *(.vector_s_table)
 *(.isr_s_vector)
                0x00000340                        . = ALIGN (0x8)
 *fill*         0x0000033c        0x4 
                0x00000340                        __vector_ram_end__ = .

.text           0x8000338a     0xd396
                0x80003390                        . = ALIGN (0x8)
 *fill*         0x8000338a        0x6 
 *(.text)
 .text          0x80003390      0x350 D:/tools/HPMicro/sdk_env/toolchains/rv32imac_zicsr_zifencei_multilib_b_ext-win/bin/../lib/gcc/riscv32-unknown-elf/13.2.0/rv32imac_zicsr_zifencei_zba_zbb_zbc_zbs/ilp32\libgcc.a(_udivdi3.o)
                0x80003390                __udivdi3
 .text          0x800036e0      0x5dc D:/tools/HPMicro/sdk_env/toolchains/rv32imac_zicsr_zifencei_multilib_b_ext-win/bin/../lib/gcc/riscv32-unknown-elf/13.2.0/rv32imac_zicsr_zifencei_zba_zbb_zbc_zbs/ilp32\libgcc.a(adddf3.o)
                0x800036e0                __adddf3
 .text          0x80003cbc      0x50a D:/tools/HPMicro/sdk_env/toolchains/rv32imac_zicsr_zifencei_multilib_b_ext-win/bin/../lib/gcc/riscv32-unknown-elf/13.2.0/rv32imac_zicsr_zifencei_zba_zbb_zbc_zbs/ilp32\libgcc.a(divdf3.o)
                0x80003cbc                __divdf3
 .text          0x800041c6      0x446 D:/tools/HPMicro/sdk_env/toolchains/rv32imac_zicsr_zifencei_multilib_b_ext-win/bin/../lib/gcc/riscv32-unknown-elf/13.2.0/rv32imac_zicsr_zifencei_zba_zbb_zbc_zbs/ilp32\libgcc.a(muldf3.o)
                0x800041c6                __muldf3
 .text          0x8000460c       0x60 D:/tools/HPMicro/sdk_env/toolchains/rv32imac_zicsr_zifencei_multilib_b_ext-win/bin/../lib/gcc/riscv32-unknown-elf/13.2.0/rv32imac_zicsr_zifencei_zba_zbb_zbc_zbs/ilp32\libgcc.a(fixunsdfsi.o)
                0x8000460c                __fixunsdfsi
 .text          0x8000466c       0x42 D:/tools/HPMicro/sdk_env/toolchains/rv32imac_zicsr_zifencei_multilib_b_ext-win/bin/../lib/gcc/riscv32-unknown-elf/13.2.0/rv32imac_zicsr_zifencei_zba_zbb_zbc_zbs/ilp32\libgcc.a(floatunsidf.o)
                0x8000466c                __floatunsidf
 .text          0x800046ae       0x16 D:/tools/HPMicro/sdk_env/toolchains/rv32imac_zicsr_zifencei_multilib_b_ext-win/bin/../lib/gcc/riscv32-unknown-elf/13.2.0/../../../../riscv32-unknown-elf/lib/rv32imac_zicsr_zifencei_zba_zbb_zbc_zbs/ilp32\libg_nano.a(lib_a-memcpy-asm.o)
                0x800046ae                memcpy
 .text          0x800046c4       0x10 D:/tools/HPMicro/sdk_env/toolchains/rv32imac_zicsr_zifencei_multilib_b_ext-win/bin/../lib/gcc/riscv32-unknown-elf/13.2.0/../../../../riscv32-unknown-elf/lib/rv32imac_zicsr_zifencei_zba_zbb_zbc_zbs/ilp32\libg_nano.a(lib_a-memset.o)
                0x800046c4                memset
 .text          0x800046d4       0x26 D:/tools/HPMicro/sdk_env/toolchains/rv32imac_zicsr_zifencei_multilib_b_ext-win/bin/../lib/gcc/riscv32-unknown-elf/13.2.0/../../../../riscv32-unknown-elf/lib/rv32imac_zicsr_zifencei_zba_zbb_zbc_zbs/ilp32\libg_nano.a(lib_a-memmove.o)
                0x800046d4                memmove
 .text          0x800046fa       0x6a D:/tools/HPMicro/sdk_env/toolchains/rv32imac_zicsr_zifencei_multilib_b_ext-win/bin/../lib/gcc/riscv32-unknown-elf/13.2.0/rv32imac_zicsr_zifencei_zba_zbb_zbc_zbs/ilp32\libgcc.a(eqdf2.o)
                0x800046fa                __nedf2
                0x800046fa                __eqdf2
 .text          0x80004764       0x9a D:/tools/HPMicro/sdk_env/toolchains/rv32imac_zicsr_zifencei_multilib_b_ext-win/bin/../lib/gcc/riscv32-unknown-elf/13.2.0/rv32imac_zicsr_zifencei_zba_zbb_zbc_zbs/ilp32\libgcc.a(gedf2.o)
                0x80004764                __gedf2
                0x80004764                __gtdf2
 .text          0x800047fe       0x9a D:/tools/HPMicro/sdk_env/toolchains/rv32imac_zicsr_zifencei_multilib_b_ext-win/bin/../lib/gcc/riscv32-unknown-elf/13.2.0/rv32imac_zicsr_zifencei_zba_zbb_zbc_zbs/ilp32\libgcc.a(ledf2.o)
                0x800047fe                __ledf2
                0x800047fe                __ltdf2
 .text          0x80004898      0x5f0 D:/tools/HPMicro/sdk_env/toolchains/rv32imac_zicsr_zifencei_multilib_b_ext-win/bin/../lib/gcc/riscv32-unknown-elf/13.2.0/rv32imac_zicsr_zifencei_zba_zbb_zbc_zbs/ilp32\libgcc.a(subdf3.o)
                0x80004898                __subdf3
 .text          0x80004e88       0x38 D:/tools/HPMicro/sdk_env/toolchains/rv32imac_zicsr_zifencei_multilib_b_ext-win/bin/../lib/gcc/riscv32-unknown-elf/13.2.0/rv32imac_zicsr_zifencei_zba_zbb_zbc_zbs/ilp32\libgcc.a(unorddf2.o)
                0x80004e88                __unorddf2
 .text          0x80004ec0       0x62 D:/tools/HPMicro/sdk_env/toolchains/rv32imac_zicsr_zifencei_multilib_b_ext-win/bin/../lib/gcc/riscv32-unknown-elf/13.2.0/rv32imac_zicsr_zifencei_zba_zbb_zbc_zbs/ilp32\libgcc.a(fixdfsi.o)
                0x80004ec0                __fixdfsi
 .text          0x80004f22       0x54 D:/tools/HPMicro/sdk_env/toolchains/rv32imac_zicsr_zifencei_multilib_b_ext-win/bin/../lib/gcc/riscv32-unknown-elf/13.2.0/rv32imac_zicsr_zifencei_zba_zbb_zbc_zbs/ilp32\libgcc.a(floatsidf.o)
                0x80004f22                __floatsidf
 .text          0x80004f76       0x98 D:/tools/HPMicro/sdk_env/toolchains/rv32imac_zicsr_zifencei_multilib_b_ext-win/bin/../lib/gcc/riscv32-unknown-elf/13.2.0/rv32imac_zicsr_zifencei_zba_zbb_zbc_zbs/ilp32\libgcc.a(fixdfdi.o)
                0x80004f76                __fixdfdi
 .text          0x8000500e      0x154 D:/tools/HPMicro/sdk_env/toolchains/rv32imac_zicsr_zifencei_multilib_b_ext-win/bin/../lib/gcc/riscv32-unknown-elf/13.2.0/rv32imac_zicsr_zifencei_zba_zbb_zbc_zbs/ilp32\libgcc.a(floatdidf.o)
                0x8000500e                __floatdidf
 .text          0x80005162      0x152 D:/tools/HPMicro/sdk_env/toolchains/rv32imac_zicsr_zifencei_multilib_b_ext-win/bin/../lib/gcc/riscv32-unknown-elf/13.2.0/rv32imac_zicsr_zifencei_zba_zbb_zbc_zbs/ilp32\libgcc.a(extenddftf2.o)
                0x80005162                __extenddftf2
 .text          0x800052b4      0x112 D:/tools/HPMicro/sdk_env/toolchains/rv32imac_zicsr_zifencei_multilib_b_ext-win/bin/../lib/gcc/riscv32-unknown-elf/13.2.0/rv32imac_zicsr_zifencei_zba_zbb_zbc_zbs/ilp32\libgcc.a(truncdfsf2.o)
                0x800052b4                __truncdfsf2
 .text          0x800053c6      0x240 D:/tools/HPMicro/sdk_env/toolchains/rv32imac_zicsr_zifencei_multilib_b_ext-win/bin/../lib/gcc/riscv32-unknown-elf/13.2.0/rv32imac_zicsr_zifencei_zba_zbb_zbc_zbs/ilp32\libgcc.a(trunctfdf2.o)
                0x800053c6                __trunctfdf2
 .text          0x80005606       0x28 D:/tools/HPMicro/sdk_env/toolchains/rv32imac_zicsr_zifencei_multilib_b_ext-win/bin/../lib/gcc/riscv32-unknown-elf/13.2.0/rv32imac_zicsr_zifencei_zba_zbb_zbc_zbs/ilp32\libgcc.a(_lshrdi3.o)
                0x80005606                __lshrdi3
 .text          0x8000562e       0x28 D:/tools/HPMicro/sdk_env/toolchains/rv32imac_zicsr_zifencei_multilib_b_ext-win/bin/../lib/gcc/riscv32-unknown-elf/13.2.0/rv32imac_zicsr_zifencei_zba_zbb_zbc_zbs/ilp32\libgcc.a(_ashldi3.o)
                0x8000562e                __ashldi3
 *(.text*)
 .text.startup.main
                0x80005656      0x182 CMakeFiles/app.dir/application/source/main.c.obj
                0x80005656                main
 .text.__device_descriptor_callback
                0x800057d8        0xa CMakeFiles/app.dir/application/source/usb_osbdm.c.obj
 .text.__config_descriptor_callback
                0x800057e2       0x24 CMakeFiles/app.dir/application/source/usb_osbdm.c.obj
 .text.__g_device_quality_descriptor_callback
                0x80005806        0xa CMakeFiles/app.dir/application/source/usb_osbdm.c.obj
 .text.__other_speed_config_descriptor_callback
                0x80005810       0x24 CMakeFiles/app.dir/application/source/usb_osbdm.c.obj
 .text.__string_descriptor_callback
                0x80005834       0x1a CMakeFiles/app.dir/application/source/usb_osbdm.c.obj
 .text.__osbdm_ep_out_cb
                0x8000584e       0x1c CMakeFiles/app.dir/application/source/usb_osbdm.c.obj
 .text.__usbd_event_handler
                0x8000586a       0x1a CMakeFiles/app.dir/application/source/usb_osbdm.c.obj
 .text.__osbdm_ep_in_cb
                0x80005884       0x3e CMakeFiles/app.dir/application/source/usb_osbdm.c.obj
 .text.usb_osbdm_ep_in_send
                0x800058c2        0xe CMakeFiles/app.dir/application/source/usb_osbdm.c.obj
                0x800058c2                usb_osbdm_ep_in_send
 .text.usb_osbdm_init
                0x800058d0       0x4a CMakeFiles/app.dir/application/source/usb_osbdm.c.obj
                0x800058d0                usb_osbdm_init
 .text.vref_voltage_get
                0x8000591a       0x54 CMakeFiles/app.dir/board/source/board_custom.c.obj
                0x8000591a                vref_voltage_get
 .text.vio_pwm_duty_set
                0x8000596e       0x24 CMakeFiles/app.dir/board/source/board_custom.c.obj
                0x8000596e                vio_pwm_duty_set
 .text.board_custom_init
                0x80005992      0x63e CMakeFiles/app.dir/board/source/board_custom.c.obj
                0x80005992                board_custom_init
 .text.read_board_id
                0x80005fd0        0xe CMakeFiles/app.dir/osbdm/board_id.c.obj
                0x80005fd0                read_board_id
 .text.read_osbdm_id
                0x80005fde        0xe CMakeFiles/app.dir/osbdm/board_id.c.obj
                0x80005fde                read_osbdm_id
 .text.debug_command_exec
                0x80005fec      0x6ce CMakeFiles/app.dir/osbdm/cmd_processing.c.obj
                0x80005fec                debug_command_exec
 .text.t_assert_ta
                0x800066ba        0x2 CMakeFiles/app.dir/osbdm/jtag_eppc.c.obj
                0x800066ba                t_assert_ta
 .text.t_write_ad
                0x800066bc        0x4 CMakeFiles/app.dir/osbdm/jtag_eppc.c.obj
                0x800066bc                t_write_ad
 .text.t_read_ad
                0x800066c0        0x4 CMakeFiles/app.dir/osbdm/jtag_eppc.c.obj
                0x800066c0                t_read_ad
 .text.t_halt   0x800066c4        0x4 CMakeFiles/app.dir/osbdm/jtag_eppc.c.obj
                0x800066c4                t_halt
 .text.t_go     0x800066c8        0x4 CMakeFiles/app.dir/osbdm/jtag_eppc.c.obj
                0x800066c8                t_go
 .text.t_step   0x800066cc        0x4 CMakeFiles/app.dir/osbdm/jtag_eppc.c.obj
                0x800066cc                t_step
 .text.t_read_mem
                0x800066d0        0x4 CMakeFiles/app.dir/osbdm/jtag_eppc.c.obj
                0x800066d0                t_read_mem
 .text.t_write_mem
                0x800066d4        0x4 CMakeFiles/app.dir/osbdm/jtag_eppc.c.obj
                0x800066d4                t_write_mem
 .text.t_fill_mem
                0x800066d8        0x4 CMakeFiles/app.dir/osbdm/jtag_eppc.c.obj
                0x800066d8                t_fill_mem
 .text.t_write_creg
                0x800066dc        0x4 CMakeFiles/app.dir/osbdm/jtag_eppc.c.obj
                0x800066dc                t_write_creg
 .text.t_read_creg
                0x800066e0        0x4 CMakeFiles/app.dir/osbdm/jtag_eppc.c.obj
                0x800066e0                t_read_creg
 .text.t_reset  0x800066e4        0x4 CMakeFiles/app.dir/osbdm/jtag_eppc.c.obj
                0x800066e4                t_reset
 .text.t_init   0x800066e8       0x1e CMakeFiles/app.dir/osbdm/jtag_eppc.c.obj
                0x800066e8                t_init
 .text.t_debug_init
                0x80006706       0x1c CMakeFiles/app.dir/osbdm/jtag_eppc.c.obj
                0x80006706                t_debug_init
 .text.t_stat   0x80006722        0x4 CMakeFiles/app.dir/osbdm/jtag_eppc.c.obj
                0x80006722                t_stat
 .text.t_get_ver
                0x80006726       0x54 CMakeFiles/app.dir/osbdm/jtag_eppc.c.obj
                0x80006726                t_get_ver
 .text.t_unsecure
                0x8000677a        0x4 CMakeFiles/app.dir/osbdm/jtag_eppc.c.obj
                0x8000677a                t_unsecure
 .text.t_flash_power
                0x8000677e        0x4 CMakeFiles/app.dir/osbdm/jtag_eppc.c.obj
                0x8000677e                t_flash_power
 .text.t_get_clock
                0x80006782        0x4 CMakeFiles/app.dir/osbdm/jtag_eppc.c.obj
                0x80006782                t_get_clock
 .text.t_flash_prog
                0x80006786        0x4 CMakeFiles/app.dir/osbdm/jtag_eppc.c.obj
                0x80006786                t_flash_prog
 .text.t_write_dreg
                0x8000678a        0x4 CMakeFiles/app.dir/osbdm/jtag_eppc.c.obj
                0x8000678a                t_write_dreg
 .text.t_read_dreg
                0x8000678e        0x4 CMakeFiles/app.dir/osbdm/jtag_eppc.c.obj
                0x8000678e                t_read_dreg
 .text.t_set_clock
                0x80006792        0x2 CMakeFiles/app.dir/osbdm/jtag_eppc.c.obj
                0x80006792                t_set_clock
 .text.xchng16  0x80006794      0x102 CMakeFiles/app.dir/osbdm/jtag_eppc.c.obj
                0x80006794                xchng16
 .text.t_special_feature
                0x80006896      0x3a0 CMakeFiles/app.dir/osbdm/jtag_eppc.c.obj
                0x80006896                t_special_feature
 .text.t_config
                0x80006c36        0x4 CMakeFiles/app.dir/osbdm/jtag_eppc.c.obj
                0x80006c36                t_config
 .text.ByteSwap16
                0x80006c3a        0x8 CMakeFiles/app.dir/osbdm/util.c.obj
                0x80006c3a                ByteSwap16
 .text.getbuf4  0x80006c42       0x1e CMakeFiles/app.dir/osbdm/util.c.obj
                0x80006c42                getbuf4
 .text.getbuf2little
                0x80006c60        0xe CMakeFiles/app.dir/osbdm/util.c.obj
                0x80006c60                getbuf2little
 .text.__libc_init_array
                0x80006c6e       0x62 lib/libhpm_sdk_gcc_lib.a(initfini.c.obj)
                0x80006c6e                __libc_init_array
 .text._write_r
                0x80006cd0       0x1c lib/libhpm_sdk_gcc_lib.a(SEGGER_RTT_Syscalls_GCC.c.obj)
                0x80006cd0                _write_r
 .text._clean_up
                0x80006cec       0x42 lib/libhpm_sdk_lib.a(reset.c.obj)
                0x80006cec                _clean_up
 .text.c_startup
                0x80006d2e      0x64c lib/libhpm_sdk_lib.a(reset.c.obj)
                0x80006d2e                c_startup
 .text.reset_handler
                0x8000737a       0x12 lib/libhpm_sdk_lib.a(reset.c.obj)
                0x8000737a                reset_handler
 .text._init    0x8000738c        0x2 lib/libhpm_sdk_lib.a(reset.c.obj)
                0x8000738c                _init
 .text.syscall_handler
                0x8000738e        0x2 lib/libhpm_sdk_lib.a(trap.c.obj)
                0x8000738e                syscall_handler
 .text.mchtmr_isr
                0x80007390        0x2 lib/libhpm_sdk_lib.a(trap.c.obj)
                0x80007390                mchtmr_isr
 .text.swi_isr  0x80007392        0x2 lib/libhpm_sdk_lib.a(trap.c.obj)
                0x80007392                swi_isr
 .text.exception_handler
                0x80007394        0x4 lib/libhpm_sdk_lib.a(trap.c.obj)
                0x80007394                exception_handler
 .text.system_init
                0x80007398       0x36 lib/libhpm_sdk_lib.a(system.c.obj)
                0x80007398                system_init
 .text.sysctl_enable_group_resource
                0x800073ce       0x4c lib/libhpm_sdk_lib.a(hpm_sysctl_drv.c.obj)
                0x800073ce                sysctl_enable_group_resource
 .text.sysctl_check_group_resource_enable
                0x8000741a       0x1e lib/libhpm_sdk_lib.a(hpm_sysctl_drv.c.obj)
                0x8000741a                sysctl_check_group_resource_enable
 .text.sysctl_config_clock
                0x80007438       0x44 lib/libhpm_sdk_lib.a(hpm_sysctl_drv.c.obj)
                0x80007438                sysctl_config_clock
 .text.sysctl_config_cpu0_domain_clock
                0x8000747c       0x62 lib/libhpm_sdk_lib.a(hpm_sysctl_drv.c.obj)
                0x8000747c                sysctl_config_cpu0_domain_clock
 .text.l1c_dc_enable
                0x800074de       0x1a lib/libhpm_sdk_lib.a(hpm_l1c_drv.c.obj)
                0x800074de                l1c_dc_enable
 .text.l1c_ic_enable
                0x800074f8       0x12 lib/libhpm_sdk_lib.a(hpm_l1c_drv.c.obj)
                0x800074f8                l1c_ic_enable
 .text.l1c_dc_invalidate_all
                0x8000750a        0x8 lib/libhpm_sdk_lib.a(hpm_l1c_drv.c.obj)
                0x8000750a                l1c_dc_invalidate_all
 .text.get_frequency_for_source
                0x80007512       0x6a lib/libhpm_sdk_lib.a(hpm_clock_drv.c.obj)
                0x80007512                get_frequency_for_source
 .text.clock_get_frequency
                0x8000757c      0x1b8 lib/libhpm_sdk_lib.a(hpm_clock_drv.c.obj)
                0x8000757c                clock_get_frequency
 .text.clock_set_adc_source
                0x80007734       0x58 lib/libhpm_sdk_lib.a(hpm_clock_drv.c.obj)
                0x80007734                clock_set_adc_source
 .text.clock_set_source_divider
                0x8000778c       0xb2 lib/libhpm_sdk_lib.a(hpm_clock_drv.c.obj)
                0x8000778c                clock_set_source_divider
 .text.clock_add_to_group
                0x8000783e       0x1a lib/libhpm_sdk_lib.a(hpm_clock_drv.c.obj)
                0x8000783e                clock_add_to_group
 .text.clock_remove_from_group
                0x80007858       0x1a lib/libhpm_sdk_lib.a(hpm_clock_drv.c.obj)
                0x80007858                clock_remove_from_group
 .text.clock_check_in_group
                0x80007872        0xe lib/libhpm_sdk_lib.a(hpm_clock_drv.c.obj)
                0x80007872                clock_check_in_group
 .text.clock_connect_group_to_cpu
                0x80007880       0x10 lib/libhpm_sdk_lib.a(hpm_clock_drv.c.obj)
                0x80007880                clock_connect_group_to_cpu
 .text.clock_update_core_clock
                0x80007890      0x106 lib/libhpm_sdk_lib.a(hpm_clock_drv.c.obj)
                0x80007890                clock_update_core_clock
 .text.gptmr_channel_get_default_config
                0x80007996       0x28 lib/libhpm_sdk_lib.a(hpm_gptmr_drv.c.obj)
                0x80007996                gptmr_channel_get_default_config
 .text.gptmr_channel_config
                0x800079be       0xa2 lib/libhpm_sdk_lib.a(hpm_gptmr_drv.c.obj)
                0x800079be                gptmr_channel_config
 .text.pllctlv2_init_pll_with_freq
                0x80007a60       0x5c lib/libhpm_sdk_lib.a(hpm_pllctlv2_drv.c.obj)
                0x80007a60                pllctlv2_init_pll_with_freq
 .text.pllctlv2_set_postdiv
                0x80007abc       0x2a lib/libhpm_sdk_lib.a(hpm_pllctlv2_drv.c.obj)
                0x80007abc                pllctlv2_set_postdiv
 .text.pllctlv2_get_pll_postdiv_freq_in_hz
                0x80007ae6       0xe2 lib/libhpm_sdk_lib.a(hpm_pllctlv2_drv.c.obj)
                0x80007ae6                pllctlv2_get_pll_postdiv_freq_in_hz
 .text.usb_phy_init
                0x80007bc8       0xb0 lib/libhpm_sdk_lib.a(hpm_usb_drv.c.obj)
                0x80007bc8                usb_phy_init
 .text.usb_dcd_bus_reset
                0x80007c78       0x7a lib/libhpm_sdk_lib.a(hpm_usb_drv.c.obj)
                0x80007c78                usb_dcd_bus_reset
 .text.usb_dcd_init
                0x80007cf2       0x86 lib/libhpm_sdk_lib.a(hpm_usb_drv.c.obj)
                0x80007cf2                usb_dcd_init
 .text.usb_dcd_connect
                0x80007d78        0xe lib/libhpm_sdk_lib.a(hpm_usb_drv.c.obj)
                0x80007d78                usb_dcd_connect
 .text.usb_dcd_edpt_open
                0x80007d86       0x3a lib/libhpm_sdk_lib.a(hpm_usb_drv.c.obj)
                0x80007d86                usb_dcd_edpt_open
 .text.usb_dcd_edpt_xfer
                0x80007dc0       0x14 lib/libhpm_sdk_lib.a(hpm_usb_drv.c.obj)
                0x80007dc0                usb_dcd_edpt_xfer
 .text.usb_dcd_edpt_stall
                0x80007dd4       0x1c lib/libhpm_sdk_lib.a(hpm_usb_drv.c.obj)
                0x80007dd4                usb_dcd_edpt_stall
 .text.usb_dcd_edpt_clear_stall
                0x80007df0       0x3e lib/libhpm_sdk_lib.a(hpm_usb_drv.c.obj)
                0x80007df0                usb_dcd_edpt_clear_stall
 .text.usb_dcd_edpt_close
                0x80007e2e       0x68 lib/libhpm_sdk_lib.a(hpm_usb_drv.c.obj)
                0x80007e2e                usb_dcd_edpt_close
 .text.adc16_get_default_config
                0x80007e96       0x14 lib/libhpm_sdk_lib.a(hpm_adc16_drv.c.obj)
                0x80007e96                adc16_get_default_config
 .text.adc16_get_channel_default_config
                0x80007eaa       0x14 lib/libhpm_sdk_lib.a(hpm_adc16_drv.c.obj)
                0x80007eaa                adc16_get_channel_default_config
 .text.adc16_init
                0x80007ebe      0x282 lib/libhpm_sdk_lib.a(hpm_adc16_drv.c.obj)
                0x80007ebe                adc16_init
 .text.adc16_init_channel
                0x80008140       0x6a lib/libhpm_sdk_lib.a(hpm_adc16_drv.c.obj)
                0x80008140                adc16_init_channel
 .text.adc16_enable_oneshot_mode
                0x800081aa        0xe lib/libhpm_sdk_lib.a(hpm_adc16_drv.c.obj)
                0x800081aa                adc16_enable_oneshot_mode
 .text.adc16_get_oneshot_result
                0x800081b8       0x2a lib/libhpm_sdk_lib.a(hpm_adc16_drv.c.obj)
                0x800081b8                adc16_get_oneshot_result
 .text.pcfg_dcdc_set_voltage
                0x800081e2       0x28 lib/libhpm_sdk_lib.a(hpm_pcfg_drv.c.obj)
                0x800081e2                pcfg_dcdc_set_voltage
 .text._sbrk    0x8000820a       0x48 lib/libhpm_sdk_lib.a(hpm_sbrk.c.obj)
                0x8000820a                _sbrk
 .text.usb_device_qhd_get
                0x80008252        0x8 lib/libhpm_sdk_lib.a(hpm_usb_device.c.obj)
                0x80008252                usb_device_qhd_get
 .text.usb_device_qtd_get
                0x8000825a        0xe lib/libhpm_sdk_lib.a(hpm_usb_device.c.obj)
                0x8000825a                usb_device_qtd_get
 .text.usb_device_bus_reset
                0x80008268       0x66 lib/libhpm_sdk_lib.a(hpm_usb_device.c.obj)
                0x80008268                usb_device_bus_reset
 .text.usb_device_init
                0x800082ce       0x5a lib/libhpm_sdk_lib.a(hpm_usb_device.c.obj)
                0x800082ce                usb_device_init
 .text.usb_device_status_flags
                0x80008328        0x8 lib/libhpm_sdk_lib.a(hpm_usb_device.c.obj)
                0x80008328                usb_device_status_flags
 .text.usb_device_clear_status_flags
                0x80008330        0x8 lib/libhpm_sdk_lib.a(hpm_usb_device.c.obj)
                0x80008330                usb_device_clear_status_flags
 .text.usb_device_interrupts
                0x80008338        0x8 lib/libhpm_sdk_lib.a(hpm_usb_device.c.obj)
                0x80008338                usb_device_interrupts
 .text.usb_device_get_suspend_status
                0x80008340        0xc lib/libhpm_sdk_lib.a(hpm_usb_device.c.obj)
                0x80008340                usb_device_get_suspend_status
 .text.usb_device_get_address
                0x8000834c        0xa lib/libhpm_sdk_lib.a(hpm_usb_device.c.obj)
                0x8000834c                usb_device_get_address
 .text.usb_device_get_port_ccs
                0x80008356        0xa lib/libhpm_sdk_lib.a(hpm_usb_device.c.obj)
                0x80008356                usb_device_get_port_ccs
 .text.usb_device_get_edpt_complete_status
                0x80008360        0x8 lib/libhpm_sdk_lib.a(hpm_usb_device.c.obj)
                0x80008360                usb_device_get_edpt_complete_status
 .text.usb_device_clear_edpt_complete_status
                0x80008368        0x8 lib/libhpm_sdk_lib.a(hpm_usb_device.c.obj)
                0x80008368                usb_device_clear_edpt_complete_status
 .text.usb_device_get_setup_status
                0x80008370        0x8 lib/libhpm_sdk_lib.a(hpm_usb_device.c.obj)
                0x80008370                usb_device_get_setup_status
 .text.usb_device_clear_setup_status
                0x80008378        0x8 lib/libhpm_sdk_lib.a(hpm_usb_device.c.obj)
                0x80008378                usb_device_clear_setup_status
 .text.usb_device_edpt_open
                0x80008380       0x82 lib/libhpm_sdk_lib.a(hpm_usb_device.c.obj)
                0x80008380                usb_device_edpt_open
 .text.usb_device_edpt_xfer
                0x80008402      0x1d8 lib/libhpm_sdk_lib.a(hpm_usb_device.c.obj)
                0x80008402                usb_device_edpt_xfer
 .text.usb_device_edpt_stall
                0x800085da        0x6 lib/libhpm_sdk_lib.a(hpm_usb_device.c.obj)
                0x800085da                usb_device_edpt_stall
 .text.usb_device_edpt_clear_stall
                0x800085e0        0x6 lib/libhpm_sdk_lib.a(hpm_usb_device.c.obj)
                0x800085e0                usb_device_edpt_clear_stall
 .text.usb_device_edpt_close
                0x800085e6        0x6 lib/libhpm_sdk_lib.a(hpm_usb_device.c.obj)
                0x800085e6                usb_device_edpt_close
 .text.SEGGER_RTT_Write
                0x800085ec      0x2ac lib/libhpm_sdk_lib.a(SEGGER_RTT.c.obj)
                0x800085ec                SEGGER_RTT_Write
 .text.usbd_set_endpoint
                0x80008898       0xe2 lib/libhpm_sdk_lib.a(usbd_core.c.obj)
 .text.usbd_event_ep0_in_complete_handler
                0x8000897a       0xa8 lib/libhpm_sdk_lib.a(usbd_core.c.obj)
                0x8000897a                usbd_event_ep0_in_complete_handler
 .text.usbd_setup_request_handler
                0x80008a22     0x10a6 lib/libhpm_sdk_lib.a(usbd_core.c.obj)
 .text.usbd_event_ep0_out_complete_handler
                0x80009ac8       0x7c lib/libhpm_sdk_lib.a(usbd_core.c.obj)
                0x80009ac8                usbd_event_ep0_out_complete_handler
 .text.usbd_event_connect_handler
                0x80009b44       0x1e lib/libhpm_sdk_lib.a(usbd_core.c.obj)
                0x80009b44                usbd_event_connect_handler
 .text.usbd_event_disconnect_handler
                0x80009b62       0x1e lib/libhpm_sdk_lib.a(usbd_core.c.obj)
                0x80009b62                usbd_event_disconnect_handler
 .text.usbd_event_suspend_handler
                0x80009b80       0x1e lib/libhpm_sdk_lib.a(usbd_core.c.obj)
                0x80009b80                usbd_event_suspend_handler
 .text.usbd_event_reset_handler
                0x80009b9e       0xbc lib/libhpm_sdk_lib.a(usbd_core.c.obj)
                0x80009b9e                usbd_event_reset_handler
 .text.usbd_event_ep0_setup_complete_handler
                0x80009c5a      0x170 lib/libhpm_sdk_lib.a(usbd_core.c.obj)
                0x80009c5a                usbd_event_ep0_setup_complete_handler
 .text.usbd_event_ep_in_complete_handler
                0x80009dca       0x2c lib/libhpm_sdk_lib.a(usbd_core.c.obj)
                0x80009dca                usbd_event_ep_in_complete_handler
 .text.usbd_event_ep_out_complete_handler
                0x80009df6       0x2c lib/libhpm_sdk_lib.a(usbd_core.c.obj)
                0x80009df6                usbd_event_ep_out_complete_handler
 .text.usbd_desc_register
                0x80009e22       0x60 lib/libhpm_sdk_lib.a(usbd_core.c.obj)
                0x80009e22                usbd_desc_register
 .text.usbd_add_interface
                0x80009e82       0x34 lib/libhpm_sdk_lib.a(usbd_core.c.obj)
                0x80009e82                usbd_add_interface
 .text.usbd_add_endpoint
                0x80009eb6       0x62 lib/libhpm_sdk_lib.a(usbd_core.c.obj)
                0x80009eb6                usbd_add_endpoint
 .text.usbd_get_ep_mps
                0x80009f18       0x54 lib/libhpm_sdk_lib.a(usbd_core.c.obj)
                0x80009f18                usbd_get_ep_mps
 .text.usbd_initialize
                0x80009f6c       0x94 lib/libhpm_sdk_lib.a(usbd_core.c.obj)
                0x80009f6c                usbd_initialize
 .text.usbd_execute_test_mode
                0x8000a000       0x34 lib/libhpm_sdk_lib.a(usb_dc_hpm.c.obj)
                0x8000a000                usbd_execute_test_mode
 .text.usb_dc_init
                0x8000a034       0xac lib/libhpm_sdk_lib.a(usb_dc_hpm.c.obj)
                0x8000a034                usb_dc_init
 .text.usbd_set_address
                0x8000a0e0       0x26 lib/libhpm_sdk_lib.a(usb_dc_hpm.c.obj)
                0x8000a0e0                usbd_set_address
 .text.usbd_get_port_speed
                0x8000a106       0x3a lib/libhpm_sdk_lib.a(usb_dc_hpm.c.obj)
                0x8000a106                usbd_get_port_speed
 .text.usbd_ep_open
                0x8000a140       0xda lib/libhpm_sdk_lib.a(usb_dc_hpm.c.obj)
                0x8000a140                usbd_ep_open
 .text.usbd_ep_close
                0x8000a21a       0x54 lib/libhpm_sdk_lib.a(usb_dc_hpm.c.obj)
                0x8000a21a                usbd_ep_close
 .text.usbd_ep_set_stall
                0x8000a26e       0x26 lib/libhpm_sdk_lib.a(usb_dc_hpm.c.obj)
                0x8000a26e                usbd_ep_set_stall
 .text.usbd_ep_clear_stall
                0x8000a294       0x26 lib/libhpm_sdk_lib.a(usb_dc_hpm.c.obj)
                0x8000a294                usbd_ep_clear_stall
 .text.usbd_ep_start_write
                0x8000a2ba       0x5e lib/libhpm_sdk_lib.a(usb_dc_hpm.c.obj)
                0x8000a2ba                usbd_ep_start_write
 .text.usbd_ep_start_read
                0x8000a318       0x62 lib/libhpm_sdk_lib.a(usb_dc_hpm.c.obj)
                0x8000a318                usbd_ep_start_read
 .text.USBD_IRQHandler
                0x8000a37a      0x25e lib/libhpm_sdk_lib.a(usb_dc_hpm.c.obj)
                0x8000a37a                USBD_IRQHandler
 .text.__assert_func
                0x8000a5d8       0x3c D:/tools/HPMicro/sdk_env/toolchains/rv32imac_zicsr_zifencei_multilib_b_ext-win/bin/../lib/gcc/riscv32-unknown-elf/13.2.0/../../../../riscv32-unknown-elf/lib/rv32imac_zicsr_zifencei_zba_zbb_zbc_zbs/ilp32\libg_nano.a(lib_a-assert.o)
                0x8000a5d8                __assert_func
 .text.__errno  0x8000a614        0x6 D:/tools/HPMicro/sdk_env/toolchains/rv32imac_zicsr_zifencei_multilib_b_ext-win/bin/../lib/gcc/riscv32-unknown-elf/13.2.0/../../../../riscv32-unknown-elf/lib/rv32imac_zicsr_zifencei_zba_zbb_zbc_zbs/ilp32\libg_nano.a(lib_a-errno.o)
                0x8000a614                __errno
 .text.fprintf  0x8000a61a       0x26 D:/tools/HPMicro/sdk_env/toolchains/rv32imac_zicsr_zifencei_multilib_b_ext-win/bin/../lib/gcc/riscv32-unknown-elf/13.2.0/../../../../riscv32-unknown-elf/lib/rv32imac_zicsr_zifencei_zba_zbb_zbc_zbs/ilp32\libg_nano.a(lib_a-fprintf.o)
                0x8000a61a                fiprintf
                0x8000a61a                fprintf
 .text.memchr   0x8000a640       0x1a D:/tools/HPMicro/sdk_env/toolchains/rv32imac_zicsr_zifencei_multilib_b_ext-win/bin/../lib/gcc/riscv32-unknown-elf/13.2.0/../../../../riscv32-unknown-elf/lib/rv32imac_zicsr_zifencei_zba_zbb_zbc_zbs/ilp32\libg_nano.a(lib_a-memchr.o)
                0x8000a640                memchr
 .text.__cvt    0x8000a65a       0xee D:/tools/HPMicro/sdk_env/toolchains/rv32imac_zicsr_zifencei_multilib_b_ext-win/bin/../lib/gcc/riscv32-unknown-elf/13.2.0/../../../../riscv32-unknown-elf/lib/rv32imac_zicsr_zifencei_zba_zbb_zbc_zbs/ilp32\libg_nano.a(lib_a-nano-vfprintf_float.o)
                0x8000a65a                __cvt
 .text.__exponent
                0x8000a748       0x9c D:/tools/HPMicro/sdk_env/toolchains/rv32imac_zicsr_zifencei_multilib_b_ext-win/bin/../lib/gcc/riscv32-unknown-elf/13.2.0/../../../../riscv32-unknown-elf/lib/rv32imac_zicsr_zifencei_zba_zbb_zbc_zbs/ilp32\libg_nano.a(lib_a-nano-vfprintf_float.o)
                0x8000a748                __exponent
 .text._printf_float
                0x8000a7e4      0x4ae D:/tools/HPMicro/sdk_env/toolchains/rv32imac_zicsr_zifencei_multilib_b_ext-win/bin/../lib/gcc/riscv32-unknown-elf/13.2.0/../../../../riscv32-unknown-elf/lib/rv32imac_zicsr_zifencei_zba_zbb_zbc_zbs/ilp32\libg_nano.a(lib_a-nano-vfprintf_float.o)
                0x8000a7e4                _printf_float
 .text._printf_common
                0x8000ac92      0x108 D:/tools/HPMicro/sdk_env/toolchains/rv32imac_zicsr_zifencei_multilib_b_ext-win/bin/../lib/gcc/riscv32-unknown-elf/13.2.0/../../../../riscv32-unknown-elf/lib/rv32imac_zicsr_zifencei_zba_zbb_zbc_zbs/ilp32\libg_nano.a(lib_a-nano-vfprintf_i.o)
                0x8000ac92                _printf_common
 .text._printf_i
                0x8000ad9a      0x25c D:/tools/HPMicro/sdk_env/toolchains/rv32imac_zicsr_zifencei_multilib_b_ext-win/bin/../lib/gcc/riscv32-unknown-elf/13.2.0/../../../../riscv32-unknown-elf/lib/rv32imac_zicsr_zifencei_zba_zbb_zbc_zbs/ilp32\libg_nano.a(lib_a-nano-vfprintf_i.o)
                0x8000ad9a                _printf_i
 .text.__sfputc_r
                0x8000aff6       0x2a D:/tools/HPMicro/sdk_env/toolchains/rv32imac_zicsr_zifencei_multilib_b_ext-win/bin/../lib/gcc/riscv32-unknown-elf/13.2.0/../../../../riscv32-unknown-elf/lib/rv32imac_zicsr_zifencei_zba_zbb_zbc_zbs/ilp32\libg_nano.a(lib_a-nano-vfprintf.o)
 .text.__sfputs_r
                0x8000b020       0x42 D:/tools/HPMicro/sdk_env/toolchains/rv32imac_zicsr_zifencei_multilib_b_ext-win/bin/../lib/gcc/riscv32-unknown-elf/13.2.0/../../../../riscv32-unknown-elf/lib/rv32imac_zicsr_zifencei_zba_zbb_zbc_zbs/ilp32\libg_nano.a(lib_a-nano-vfprintf.o)
                0x8000b020                __sfputs_r
 .text._vfprintf_r
                0x8000b062      0x2a2 D:/tools/HPMicro/sdk_env/toolchains/rv32imac_zicsr_zifencei_multilib_b_ext-win/bin/../lib/gcc/riscv32-unknown-elf/13.2.0/../../../../riscv32-unknown-elf/lib/rv32imac_zicsr_zifencei_zba_zbb_zbc_zbs/ilp32\libg_nano.a(lib_a-nano-vfprintf.o)
                0x8000b062                _vfprintf_r
                0x8000b062                _vfiprintf_r
 .text._scanf_float
                0x8000b304      0x480 D:/tools/HPMicro/sdk_env/toolchains/rv32imac_zicsr_zifencei_multilib_b_ext-win/bin/../lib/gcc/riscv32-unknown-elf/13.2.0/../../../../riscv32-unknown-elf/lib/rv32imac_zicsr_zifencei_zba_zbb_zbc_zbs/ilp32\libg_nano.a(lib_a-nano-vfscanf_float.o)
                0x8000b304                _scanf_float
 .text.printf   0x8000b784       0x3c D:/tools/HPMicro/sdk_env/toolchains/rv32imac_zicsr_zifencei_multilib_b_ext-win/bin/../lib/gcc/riscv32-unknown-elf/13.2.0/../../../../riscv32-unknown-elf/lib/rv32imac_zicsr_zifencei_zba_zbb_zbc_zbs/ilp32\libg_nano.a(lib_a-printf.o)
                0x8000b784                iprintf
                0x8000b784                printf
 .text.nanf     0x8000b7c0        0xa D:/tools/HPMicro/sdk_env/toolchains/rv32imac_zicsr_zifencei_multilib_b_ext-win/bin/../lib/gcc/riscv32-unknown-elf/13.2.0/../../../../riscv32-unknown-elf/lib/rv32imac_zicsr_zifencei_zba_zbb_zbc_zbs/ilp32\libg_nano.a(lib_a-sf_nan.o)
                0x8000b7c0                nanf
 .text.sprintf  0x8000b7ca       0x42 D:/tools/HPMicro/sdk_env/toolchains/rv32imac_zicsr_zifencei_multilib_b_ext-win/bin/../lib/gcc/riscv32-unknown-elf/13.2.0/../../../../riscv32-unknown-elf/lib/rv32imac_zicsr_zifencei_zba_zbb_zbc_zbs/ilp32\libg_nano.a(lib_a-sprintf.o)
                0x8000b7ca                siprintf
                0x8000b7ca                sprintf
 .text.strlen   0x8000b80c       0x12 D:/tools/HPMicro/sdk_env/toolchains/rv32imac_zicsr_zifencei_multilib_b_ext-win/bin/../lib/gcc/riscv32-unknown-elf/13.2.0/../../../../riscv32-unknown-elf/lib/rv32imac_zicsr_zifencei_zba_zbb_zbc_zbs/ilp32\libg_nano.a(lib_a-strlen.o)
                0x8000b80c                strlen
 .text.strncmp  0x8000b81e       0x2c D:/tools/HPMicro/sdk_env/toolchains/rv32imac_zicsr_zifencei_multilib_b_ext-win/bin/../lib/gcc/riscv32-unknown-elf/13.2.0/../../../../riscv32-unknown-elf/lib/rv32imac_zicsr_zifencei_zba_zbb_zbc_zbs/ilp32\libg_nano.a(lib_a-strncmp.o)
                0x8000b81e                strncmp
 .text.sulp     0x8000b84a       0x50 D:/tools/HPMicro/sdk_env/toolchains/rv32imac_zicsr_zifencei_multilib_b_ext-win/bin/../lib/gcc/riscv32-unknown-elf/13.2.0/../../../../riscv32-unknown-elf/lib/rv32imac_zicsr_zifencei_zba_zbb_zbc_zbs/ilp32\libg_nano.a(lib_a-strtod.o)
 .text._strtod_l
                0x8000b89a      0xc5a D:/tools/HPMicro/sdk_env/toolchains/rv32imac_zicsr_zifencei_multilib_b_ext-win/bin/../lib/gcc/riscv32-unknown-elf/13.2.0/../../../../riscv32-unknown-elf/lib/rv32imac_zicsr_zifencei_zba_zbb_zbc_zbs/ilp32\libg_nano.a(lib_a-strtod.o)
                0x8000b89a                _strtod_l
 .text._strtod_r
                0x8000c4f4        0xc D:/tools/HPMicro/sdk_env/toolchains/rv32imac_zicsr_zifencei_multilib_b_ext-win/bin/../lib/gcc/riscv32-unknown-elf/13.2.0/../../../../riscv32-unknown-elf/lib/rv32imac_zicsr_zifencei_zba_zbb_zbc_zbs/ilp32\libg_nano.a(lib_a-strtod.o)
                0x8000c4f4                _strtod_r
 .text._strtol_l.isra.0
                0x8000c500      0x136 D:/tools/HPMicro/sdk_env/toolchains/rv32imac_zicsr_zifencei_multilib_b_ext-win/bin/../lib/gcc/riscv32-unknown-elf/13.2.0/../../../../riscv32-unknown-elf/lib/rv32imac_zicsr_zifencei_zba_zbb_zbc_zbs/ilp32\libg_nano.a(lib_a-strtol.o)
 .text._strtol_r
                0x8000c636        0x4 D:/tools/HPMicro/sdk_env/toolchains/rv32imac_zicsr_zifencei_multilib_b_ext-win/bin/../lib/gcc/riscv32-unknown-elf/13.2.0/../../../../riscv32-unknown-elf/lib/rv32imac_zicsr_zifencei_zba_zbb_zbc_zbs/ilp32\libg_nano.a(lib_a-strtol.o)
                0x8000c636                _strtol_r
 .text.__swbuf_r
                0x8000c63a       0xc6 D:/tools/HPMicro/sdk_env/toolchains/rv32imac_zicsr_zifencei_multilib_b_ext-win/bin/../lib/gcc/riscv32-unknown-elf/13.2.0/../../../../riscv32-unknown-elf/lib/rv32imac_zicsr_zifencei_zba_zbb_zbc_zbs/ilp32\libg_nano.a(lib_a-wbuf.o)
                0x8000c63a                __swbuf_r
 .text.__swsetup_r
                0x8000c700      0x102 D:/tools/HPMicro/sdk_env/toolchains/rv32imac_zicsr_zifencei_multilib_b_ext-win/bin/../lib/gcc/riscv32-unknown-elf/13.2.0/../../../../riscv32-unknown-elf/lib/rv32imac_zicsr_zifencei_zba_zbb_zbc_zbs/ilp32\libg_nano.a(lib_a-wsetup.o)
                0x8000c700                __swsetup_r
 .text.abort    0x8000c802       0x10 D:/tools/HPMicro/sdk_env/toolchains/rv32imac_zicsr_zifencei_multilib_b_ext-win/bin/../lib/gcc/riscv32-unknown-elf/13.2.0/../../../../riscv32-unknown-elf/lib/rv32imac_zicsr_zifencei_zba_zbb_zbc_zbs/ilp32\libg_nano.a(lib_a-abort.o)
                0x8000c802                abort
 .text.quorem   0x8000c812      0x12c D:/tools/HPMicro/sdk_env/toolchains/rv32imac_zicsr_zifencei_multilib_b_ext-win/bin/../lib/gcc/riscv32-unknown-elf/13.2.0/../../../../riscv32-unknown-elf/lib/rv32imac_zicsr_zifencei_zba_zbb_zbc_zbs/ilp32\libg_nano.a(lib_a-dtoa.o)
 .text._dtoa_r  0x8000c93e      0xc1a D:/tools/HPMicro/sdk_env/toolchains/rv32imac_zicsr_zifencei_multilib_b_ext-win/bin/../lib/gcc/riscv32-unknown-elf/13.2.0/../../../../riscv32-unknown-elf/lib/rv32imac_zicsr_zifencei_zba_zbb_zbc_zbs/ilp32\libg_nano.a(lib_a-dtoa.o)
                0x8000c93e                _dtoa_r
 .text.__sflush_r
                0x8000d558      0x13a D:/tools/HPMicro/sdk_env/toolchains/rv32imac_zicsr_zifencei_multilib_b_ext-win/bin/../lib/gcc/riscv32-unknown-elf/13.2.0/../../../../riscv32-unknown-elf/lib/rv32imac_zicsr_zifencei_zba_zbb_zbc_zbs/ilp32\libg_nano.a(lib_a-fflush.o)
                0x8000d558                __sflush_r
 .text._fflush_r
                0x8000d692       0x66 D:/tools/HPMicro/sdk_env/toolchains/rv32imac_zicsr_zifencei_multilib_b_ext-win/bin/../lib/gcc/riscv32-unknown-elf/13.2.0/../../../../riscv32-unknown-elf/lib/rv32imac_zicsr_zifencei_zba_zbb_zbc_zbs/ilp32\libg_nano.a(lib_a-fflush.o)
                0x8000d692                _fflush_r
 .text.std      0x8000d6f8       0x6a D:/tools/HPMicro/sdk_env/toolchains/rv32imac_zicsr_zifencei_multilib_b_ext-win/bin/../lib/gcc/riscv32-unknown-elf/13.2.0/../../../../riscv32-unknown-elf/lib/rv32imac_zicsr_zifencei_zba_zbb_zbc_zbs/ilp32\libg_nano.a(lib_a-findfp.o)
 .text._cleanup_r
                0x8000d762        0xa D:/tools/HPMicro/sdk_env/toolchains/rv32imac_zicsr_zifencei_multilib_b_ext-win/bin/../lib/gcc/riscv32-unknown-elf/13.2.0/../../../../riscv32-unknown-elf/lib/rv32imac_zicsr_zifencei_zba_zbb_zbc_zbs/ilp32\libg_nano.a(lib_a-findfp.o)
                0x8000d762                _cleanup_r
 .text.__sfmoreglue
                0x8000d76c       0x48 D:/tools/HPMicro/sdk_env/toolchains/rv32imac_zicsr_zifencei_multilib_b_ext-win/bin/../lib/gcc/riscv32-unknown-elf/13.2.0/../../../../riscv32-unknown-elf/lib/rv32imac_zicsr_zifencei_zba_zbb_zbc_zbs/ilp32\libg_nano.a(lib_a-findfp.o)
                0x8000d76c                __sfmoreglue
 .text.__sinit  0x8000d7b4       0x70 D:/tools/HPMicro/sdk_env/toolchains/rv32imac_zicsr_zifencei_multilib_b_ext-win/bin/../lib/gcc/riscv32-unknown-elf/13.2.0/../../../../riscv32-unknown-elf/lib/rv32imac_zicsr_zifencei_zba_zbb_zbc_zbs/ilp32\libg_nano.a(lib_a-findfp.o)
                0x8000d7b4                __sinit
 .text.__sfp    0x8000d824       0xa2 D:/tools/HPMicro/sdk_env/toolchains/rv32imac_zicsr_zifencei_multilib_b_ext-win/bin/../lib/gcc/riscv32-unknown-elf/13.2.0/../../../../riscv32-unknown-elf/lib/rv32imac_zicsr_zifencei_zba_zbb_zbc_zbs/ilp32\libg_nano.a(lib_a-findfp.o)
                0x8000d824                __sfp
 .text._fwalk_reent
                0x8000d8c6       0x6a D:/tools/HPMicro/sdk_env/toolchains/rv32imac_zicsr_zifencei_multilib_b_ext-win/bin/../lib/gcc/riscv32-unknown-elf/13.2.0/../../../../riscv32-unknown-elf/lib/rv32imac_zicsr_zifencei_zba_zbb_zbc_zbs/ilp32\libg_nano.a(lib_a-fwalk.o)
                0x8000d8c6                _fwalk_reent
 .text.rshift   0x8000d930       0xb2 D:/tools/HPMicro/sdk_env/toolchains/rv32imac_zicsr_zifencei_multilib_b_ext-win/bin/../lib/gcc/riscv32-unknown-elf/13.2.0/../../../../riscv32-unknown-elf/lib/rv32imac_zicsr_zifencei_zba_zbb_zbc_zbs/ilp32\libg_nano.a(lib_a-gdtoa-gethex.o)
 .text.__hexdig_fun
                0x8000d9e2       0x42 D:/tools/HPMicro/sdk_env/toolchains/rv32imac_zicsr_zifencei_multilib_b_ext-win/bin/../lib/gcc/riscv32-unknown-elf/13.2.0/../../../../riscv32-unknown-elf/lib/rv32imac_zicsr_zifencei_zba_zbb_zbc_zbs/ilp32\libg_nano.a(lib_a-gdtoa-gethex.o)
                0x8000d9e2                __hexdig_fun
 .text.__gethex
                0x8000da24      0x4d4 D:/tools/HPMicro/sdk_env/toolchains/rv32imac_zicsr_zifencei_multilib_b_ext-win/bin/../lib/gcc/riscv32-unknown-elf/13.2.0/../../../../riscv32-unknown-elf/lib/rv32imac_zicsr_zifencei_zba_zbb_zbc_zbs/ilp32\libg_nano.a(lib_a-gdtoa-gethex.o)
                0x8000da24                __gethex
 .text.L_shift  0x8000def8       0x2a D:/tools/HPMicro/sdk_env/toolchains/rv32imac_zicsr_zifencei_multilib_b_ext-win/bin/../lib/gcc/riscv32-unknown-elf/13.2.0/../../../../riscv32-unknown-elf/lib/rv32imac_zicsr_zifencei_zba_zbb_zbc_zbs/ilp32\libg_nano.a(lib_a-gdtoa-hexnan.o)
 .text.__match  0x8000df22       0x30 D:/tools/HPMicro/sdk_env/toolchains/rv32imac_zicsr_zifencei_multilib_b_ext-win/bin/../lib/gcc/riscv32-unknown-elf/13.2.0/../../../../riscv32-unknown-elf/lib/rv32imac_zicsr_zifencei_zba_zbb_zbc_zbs/ilp32\libg_nano.a(lib_a-gdtoa-hexnan.o)
                0x8000df22                __match
 .text.__hexnan
                0x8000df52      0x176 D:/tools/HPMicro/sdk_env/toolchains/rv32imac_zicsr_zifencei_multilib_b_ext-win/bin/../lib/gcc/riscv32-unknown-elf/13.2.0/../../../../riscv32-unknown-elf/lib/rv32imac_zicsr_zifencei_zba_zbb_zbc_zbs/ilp32\libg_nano.a(lib_a-gdtoa-hexnan.o)
                0x8000df52                __hexnan
 .text._localeconv_r
                0x8000e0c8        0x6 D:/tools/HPMicro/sdk_env/toolchains/rv32imac_zicsr_zifencei_multilib_b_ext-win/bin/../lib/gcc/riscv32-unknown-elf/13.2.0/../../../../riscv32-unknown-elf/lib/rv32imac_zicsr_zifencei_zba_zbb_zbc_zbs/ilp32\libg_nano.a(lib_a-localeconv.o)
                0x8000e0c8                _localeconv_r
 .text.__swhatbuf_r
                0x8000e0ce       0x5c D:/tools/HPMicro/sdk_env/toolchains/rv32imac_zicsr_zifencei_multilib_b_ext-win/bin/../lib/gcc/riscv32-unknown-elf/13.2.0/../../../../riscv32-unknown-elf/lib/rv32imac_zicsr_zifencei_zba_zbb_zbc_zbs/ilp32\libg_nano.a(lib_a-makebuf.o)
                0x8000e0ce                __swhatbuf_r
 .text.__smakebuf_r
                0x8000e12a       0xac D:/tools/HPMicro/sdk_env/toolchains/rv32imac_zicsr_zifencei_multilib_b_ext-win/bin/../lib/gcc/riscv32-unknown-elf/13.2.0/../../../../riscv32-unknown-elf/lib/rv32imac_zicsr_zifencei_zba_zbb_zbc_zbs/ilp32\libg_nano.a(lib_a-makebuf.o)
                0x8000e12a                __smakebuf_r
 .text.malloc   0x8000e1d6        0xa D:/tools/HPMicro/sdk_env/toolchains/rv32imac_zicsr_zifencei_multilib_b_ext-win/bin/../lib/gcc/riscv32-unknown-elf/13.2.0/../../../../riscv32-unknown-elf/lib/rv32imac_zicsr_zifencei_zba_zbb_zbc_zbs/ilp32\libg_nano.a(lib_a-malloc.o)
                0x8000e1d6                malloc
 .text.__ascii_mbtowc
                0x8000e1e0       0x3a D:/tools/HPMicro/sdk_env/toolchains/rv32imac_zicsr_zifencei_multilib_b_ext-win/bin/../lib/gcc/riscv32-unknown-elf/13.2.0/../../../../riscv32-unknown-elf/lib/rv32imac_zicsr_zifencei_zba_zbb_zbc_zbs/ilp32\libg_nano.a(lib_a-mbtowc_r.o)
                0x8000e1e0                __ascii_mbtowc
 .text._Balloc  0x8000e21a       0xaa D:/tools/HPMicro/sdk_env/toolchains/rv32imac_zicsr_zifencei_multilib_b_ext-win/bin/../lib/gcc/riscv32-unknown-elf/13.2.0/../../../../riscv32-unknown-elf/lib/rv32imac_zicsr_zifencei_zba_zbb_zbc_zbs/ilp32\libg_nano.a(lib_a-mprec.o)
                0x8000e21a                _Balloc
 .text._Bfree   0x8000e2c4       0x60 D:/tools/HPMicro/sdk_env/toolchains/rv32imac_zicsr_zifencei_multilib_b_ext-win/bin/../lib/gcc/riscv32-unknown-elf/13.2.0/../../../../riscv32-unknown-elf/lib/rv32imac_zicsr_zifencei_zba_zbb_zbc_zbs/ilp32\libg_nano.a(lib_a-mprec.o)
                0x8000e2c4                _Bfree
 .text.__multadd
                0x8000e324       0xba D:/tools/HPMicro/sdk_env/toolchains/rv32imac_zicsr_zifencei_multilib_b_ext-win/bin/../lib/gcc/riscv32-unknown-elf/13.2.0/../../../../riscv32-unknown-elf/lib/rv32imac_zicsr_zifencei_zba_zbb_zbc_zbs/ilp32\libg_nano.a(lib_a-mprec.o)
                0x8000e324                __multadd
 .text.__s2b    0x8000e3de       0xc2 D:/tools/HPMicro/sdk_env/toolchains/rv32imac_zicsr_zifencei_multilib_b_ext-win/bin/../lib/gcc/riscv32-unknown-elf/13.2.0/../../../../riscv32-unknown-elf/lib/rv32imac_zicsr_zifencei_zba_zbb_zbc_zbs/ilp32\libg_nano.a(lib_a-mprec.o)
                0x8000e3de                __s2b
 .text.__hi0bits
                0x8000e4a0       0x46 D:/tools/HPMicro/sdk_env/toolchains/rv32imac_zicsr_zifencei_multilib_b_ext-win/bin/../lib/gcc/riscv32-unknown-elf/13.2.0/../../../../riscv32-unknown-elf/lib/rv32imac_zicsr_zifencei_zba_zbb_zbc_zbs/ilp32\libg_nano.a(lib_a-mprec.o)
                0x8000e4a0                __hi0bits
 .text.__lo0bits
                0x8000e4e6       0x68 D:/tools/HPMicro/sdk_env/toolchains/rv32imac_zicsr_zifencei_multilib_b_ext-win/bin/../lib/gcc/riscv32-unknown-elf/13.2.0/../../../../riscv32-unknown-elf/lib/rv32imac_zicsr_zifencei_zba_zbb_zbc_zbs/ilp32\libg_nano.a(lib_a-mprec.o)
                0x8000e4e6                __lo0bits
 .text.__i2b    0x8000e54e       0x38 D:/tools/HPMicro/sdk_env/toolchains/rv32imac_zicsr_zifencei_multilib_b_ext-win/bin/../lib/gcc/riscv32-unknown-elf/13.2.0/../../../../riscv32-unknown-elf/lib/rv32imac_zicsr_zifencei_zba_zbb_zbc_zbs/ilp32\libg_nano.a(lib_a-mprec.o)
                0x8000e54e                __i2b
 .text.__multiply
                0x8000e586      0x178 D:/tools/HPMicro/sdk_env/toolchains/rv32imac_zicsr_zifencei_multilib_b_ext-win/bin/../lib/gcc/riscv32-unknown-elf/13.2.0/../../../../riscv32-unknown-elf/lib/rv32imac_zicsr_zifencei_zba_zbb_zbc_zbs/ilp32\libg_nano.a(lib_a-mprec.o)
                0x8000e586                __multiply
 .text.__pow5mult
                0x8000e6fe       0xda D:/tools/HPMicro/sdk_env/toolchains/rv32imac_zicsr_zifencei_multilib_b_ext-win/bin/../lib/gcc/riscv32-unknown-elf/13.2.0/../../../../riscv32-unknown-elf/lib/rv32imac_zicsr_zifencei_zba_zbb_zbc_zbs/ilp32\libg_nano.a(lib_a-mprec.o)
                0x8000e6fe                __pow5mult
 .text.__lshift
                0x8000e7d8      0x102 D:/tools/HPMicro/sdk_env/toolchains/rv32imac_zicsr_zifencei_multilib_b_ext-win/bin/../lib/gcc/riscv32-unknown-elf/13.2.0/../../../../riscv32-unknown-elf/lib/rv32imac_zicsr_zifencei_zba_zbb_zbc_zbs/ilp32\libg_nano.a(lib_a-mprec.o)
                0x8000e7d8                __lshift
 .text.__mcmp   0x8000e8da       0x36 D:/tools/HPMicro/sdk_env/toolchains/rv32imac_zicsr_zifencei_multilib_b_ext-win/bin/../lib/gcc/riscv32-unknown-elf/13.2.0/../../../../riscv32-unknown-elf/lib/rv32imac_zicsr_zifencei_zba_zbb_zbc_zbs/ilp32\libg_nano.a(lib_a-mprec.o)
                0x8000e8da                __mcmp
 .text.__mdiff  0x8000e910      0x16a D:/tools/HPMicro/sdk_env/toolchains/rv32imac_zicsr_zifencei_multilib_b_ext-win/bin/../lib/gcc/riscv32-unknown-elf/13.2.0/../../../../riscv32-unknown-elf/lib/rv32imac_zicsr_zifencei_zba_zbb_zbc_zbs/ilp32\libg_nano.a(lib_a-mprec.o)
                0x8000e910                __mdiff
 .text.__ulp    0x8000ea7a       0x44 D:/tools/HPMicro/sdk_env/toolchains/rv32imac_zicsr_zifencei_multilib_b_ext-win/bin/../lib/gcc/riscv32-unknown-elf/13.2.0/../../../../riscv32-unknown-elf/lib/rv32imac_zicsr_zifencei_zba_zbb_zbc_zbs/ilp32\libg_nano.a(lib_a-mprec.o)
                0x8000ea7a                __ulp
 .text.__b2d    0x8000eabe       0xb6 D:/tools/HPMicro/sdk_env/toolchains/rv32imac_zicsr_zifencei_multilib_b_ext-win/bin/../lib/gcc/riscv32-unknown-elf/13.2.0/../../../../riscv32-unknown-elf/lib/rv32imac_zicsr_zifencei_zba_zbb_zbc_zbs/ilp32\libg_nano.a(lib_a-mprec.o)
                0x8000eabe                __b2d
 .text.__d2b    0x8000eb74       0xdc D:/tools/HPMicro/sdk_env/toolchains/rv32imac_zicsr_zifencei_multilib_b_ext-win/bin/../lib/gcc/riscv32-unknown-elf/13.2.0/../../../../riscv32-unknown-elf/lib/rv32imac_zicsr_zifencei_zba_zbb_zbc_zbs/ilp32\libg_nano.a(lib_a-mprec.o)
                0x8000eb74                __d2b
 .text.__ratio  0x8000ec50       0x72 D:/tools/HPMicro/sdk_env/toolchains/rv32imac_zicsr_zifencei_multilib_b_ext-win/bin/../lib/gcc/riscv32-unknown-elf/13.2.0/../../../../riscv32-unknown-elf/lib/rv32imac_zicsr_zifencei_zba_zbb_zbc_zbs/ilp32\libg_nano.a(lib_a-mprec.o)
                0x8000ec50                __ratio
 .text.__copybits
                0x8000ecc2       0x4c D:/tools/HPMicro/sdk_env/toolchains/rv32imac_zicsr_zifencei_multilib_b_ext-win/bin/../lib/gcc/riscv32-unknown-elf/13.2.0/../../../../riscv32-unknown-elf/lib/rv32imac_zicsr_zifencei_zba_zbb_zbc_zbs/ilp32\libg_nano.a(lib_a-mprec.o)
                0x8000ecc2                __copybits
 .text.__any_on
                0x8000ed0e       0x44 D:/tools/HPMicro/sdk_env/toolchains/rv32imac_zicsr_zifencei_multilib_b_ext-win/bin/../lib/gcc/riscv32-unknown-elf/13.2.0/../../../../riscv32-unknown-elf/lib/rv32imac_zicsr_zifencei_zba_zbb_zbc_zbs/ilp32\libg_nano.a(lib_a-mprec.o)
                0x8000ed0e                __any_on
 .text._calloc_r
                0x8000ed52       0x34 D:/tools/HPMicro/sdk_env/toolchains/rv32imac_zicsr_zifencei_multilib_b_ext-win/bin/../lib/gcc/riscv32-unknown-elf/13.2.0/../../../../riscv32-unknown-elf/lib/rv32imac_zicsr_zifencei_zba_zbb_zbc_zbs/ilp32\libg_nano.a(lib_a-nano-callocr.o)
                0x8000ed52                _calloc_r
 .text._free_r  0x8000ed86       0xa6 D:/tools/HPMicro/sdk_env/toolchains/rv32imac_zicsr_zifencei_multilib_b_ext-win/bin/../lib/gcc/riscv32-unknown-elf/13.2.0/../../../../riscv32-unknown-elf/lib/rv32imac_zicsr_zifencei_zba_zbb_zbc_zbs/ilp32\libg_nano.a(lib_a-nano-freer.o)
                0x8000ed86                _free_r
 .text._malloc_r
                0x8000ee2c       0xd8 D:/tools/HPMicro/sdk_env/toolchains/rv32imac_zicsr_zifencei_multilib_b_ext-win/bin/../lib/gcc/riscv32-unknown-elf/13.2.0/../../../../riscv32-unknown-elf/lib/rv32imac_zicsr_zifencei_zba_zbb_zbc_zbs/ilp32\libg_nano.a(lib_a-nano-mallocr.o)
                0x8000ee2c                _malloc_r
 .text._realloc_r
                0x8000ef04       0x78 D:/tools/HPMicro/sdk_env/toolchains/rv32imac_zicsr_zifencei_multilib_b_ext-win/bin/../lib/gcc/riscv32-unknown-elf/13.2.0/../../../../riscv32-unknown-elf/lib/rv32imac_zicsr_zifencei_zba_zbb_zbc_zbs/ilp32\libg_nano.a(lib_a-nano-reallocr.o)
                0x8000ef04                _realloc_r
 .text.__ssputs_r
                0x8000ef7c       0xe8 D:/tools/HPMicro/sdk_env/toolchains/rv32imac_zicsr_zifencei_multilib_b_ext-win/bin/../lib/gcc/riscv32-unknown-elf/13.2.0/../../../../riscv32-unknown-elf/lib/rv32imac_zicsr_zifencei_zba_zbb_zbc_zbs/ilp32\libg_nano.a(lib_a-nano-svfprintf.o)
                0x8000ef7c                __ssputs_r
 .text._svfprintf_r
                0x8000f064      0x278 D:/tools/HPMicro/sdk_env/toolchains/rv32imac_zicsr_zifencei_multilib_b_ext-win/bin/../lib/gcc/riscv32-unknown-elf/13.2.0/../../../../riscv32-unknown-elf/lib/rv32imac_zicsr_zifencei_zba_zbb_zbc_zbs/ilp32\libg_nano.a(lib_a-nano-svfprintf.o)
                0x8000f064                _svfiprintf_r
                0x8000f064                _svfprintf_r
 .text._sbrk_r  0x8000f2dc       0x30 D:/tools/HPMicro/sdk_env/toolchains/rv32imac_zicsr_zifencei_multilib_b_ext-win/bin/../lib/gcc/riscv32-unknown-elf/13.2.0/../../../../riscv32-unknown-elf/lib/rv32imac_zicsr_zifencei_zba_zbb_zbc_zbs/ilp32\libg_nano.a(lib_a-sbrkr.o)
                0x8000f2dc                _sbrk_r
 .text._raise_r
                0x8000f30c       0x5e D:/tools/HPMicro/sdk_env/toolchains/rv32imac_zicsr_zifencei_multilib_b_ext-win/bin/../lib/gcc/riscv32-unknown-elf/13.2.0/../../../../riscv32-unknown-elf/lib/rv32imac_zicsr_zifencei_zba_zbb_zbc_zbs/ilp32\libg_nano.a(lib_a-signal.o)
                0x8000f30c                _raise_r
 .text.raise    0x8000f36a        0xa D:/tools/HPMicro/sdk_env/toolchains/rv32imac_zicsr_zifencei_multilib_b_ext-win/bin/../lib/gcc/riscv32-unknown-elf/13.2.0/../../../../riscv32-unknown-elf/lib/rv32imac_zicsr_zifencei_zba_zbb_zbc_zbs/ilp32\libg_nano.a(lib_a-signal.o)
                0x8000f36a                raise
 .text._kill_r  0x8000f374       0x30 D:/tools/HPMicro/sdk_env/toolchains/rv32imac_zicsr_zifencei_multilib_b_ext-win/bin/../lib/gcc/riscv32-unknown-elf/13.2.0/../../../../riscv32-unknown-elf/lib/rv32imac_zicsr_zifencei_zba_zbb_zbc_zbs/ilp32\libg_nano.a(lib_a-signalr.o)
                0x8000f374                _kill_r
 .text._getpid_r
                0x8000f3a4        0x2 D:/tools/HPMicro/sdk_env/toolchains/rv32imac_zicsr_zifencei_multilib_b_ext-win/bin/../lib/gcc/riscv32-unknown-elf/13.2.0/../../../../riscv32-unknown-elf/lib/rv32imac_zicsr_zifencei_zba_zbb_zbc_zbs/ilp32\libg_nano.a(lib_a-signalr.o)
                0x8000f3a4                _getpid_r
 .text.nan      0x8000f3a6        0xe D:/tools/HPMicro/sdk_env/toolchains/rv32imac_zicsr_zifencei_multilib_b_ext-win/bin/../lib/gcc/riscv32-unknown-elf/13.2.0/../../../../riscv32-unknown-elf/lib/rv32imac_zicsr_zifencei_zba_zbb_zbc_zbs/ilp32\libg_nano.a(lib_a-s_nan.o)
                0x8000f3a6                nan
 .text.__sread  0x8000f3b4       0x2e D:/tools/HPMicro/sdk_env/toolchains/rv32imac_zicsr_zifencei_multilib_b_ext-win/bin/../lib/gcc/riscv32-unknown-elf/13.2.0/../../../../riscv32-unknown-elf/lib/rv32imac_zicsr_zifencei_zba_zbb_zbc_zbs/ilp32\libg_nano.a(lib_a-stdio.o)
                0x8000f3b4                __sread
 .text.__swrite
                0x8000f3e2       0x4e D:/tools/HPMicro/sdk_env/toolchains/rv32imac_zicsr_zifencei_multilib_b_ext-win/bin/../lib/gcc/riscv32-unknown-elf/13.2.0/../../../../riscv32-unknown-elf/lib/rv32imac_zicsr_zifencei_zba_zbb_zbc_zbs/ilp32\libg_nano.a(lib_a-stdio.o)
                0x8000f3e2                __swrite
 .text.__sseek  0x8000f430       0x34 D:/tools/HPMicro/sdk_env/toolchains/rv32imac_zicsr_zifencei_multilib_b_ext-win/bin/../lib/gcc/riscv32-unknown-elf/13.2.0/../../../../riscv32-unknown-elf/lib/rv32imac_zicsr_zifencei_zba_zbb_zbc_zbs/ilp32\libg_nano.a(lib_a-stdio.o)
                0x8000f430                __sseek
 .text.__sclose
                0x8000f464        0x6 D:/tools/HPMicro/sdk_env/toolchains/rv32imac_zicsr_zifencei_multilib_b_ext-win/bin/../lib/gcc/riscv32-unknown-elf/13.2.0/../../../../riscv32-unknown-elf/lib/rv32imac_zicsr_zifencei_zba_zbb_zbc_zbs/ilp32\libg_nano.a(lib_a-stdio.o)
                0x8000f464                __sclose
 .text.__ascii_wctomb
                0x8000f46a       0x20 D:/tools/HPMicro/sdk_env/toolchains/rv32imac_zicsr_zifencei_multilib_b_ext-win/bin/../lib/gcc/riscv32-unknown-elf/13.2.0/../../../../riscv32-unknown-elf/lib/rv32imac_zicsr_zifencei_zba_zbb_zbc_zbs/ilp32\libg_nano.a(lib_a-wctomb_r.o)
                0x8000f46a                __ascii_wctomb
 .text._close_r
                0x8000f48a       0x2e D:/tools/HPMicro/sdk_env/toolchains/rv32imac_zicsr_zifencei_multilib_b_ext-win/bin/../lib/gcc/riscv32-unknown-elf/13.2.0/../../../../riscv32-unknown-elf/lib/rv32imac_zicsr_zifencei_zba_zbb_zbc_zbs/ilp32\libg_nano.a(lib_a-closer.o)
                0x8000f48a                _close_r
 .text._fstat_r
                0x8000f4b8       0x30 D:/tools/HPMicro/sdk_env/toolchains/rv32imac_zicsr_zifencei_multilib_b_ext-win/bin/../lib/gcc/riscv32-unknown-elf/13.2.0/../../../../riscv32-unknown-elf/lib/rv32imac_zicsr_zifencei_zba_zbb_zbc_zbs/ilp32\libg_nano.a(lib_a-fstatr.o)
                0x8000f4b8                _fstat_r
 .text._isatty_r
                0x8000f4e8       0x2e D:/tools/HPMicro/sdk_env/toolchains/rv32imac_zicsr_zifencei_multilib_b_ext-win/bin/../lib/gcc/riscv32-unknown-elf/13.2.0/../../../../riscv32-unknown-elf/lib/rv32imac_zicsr_zifencei_zba_zbb_zbc_zbs/ilp32\libg_nano.a(lib_a-isattyr.o)
                0x8000f4e8                _isatty_r
 .text._lseek_r
                0x8000f516       0x32 D:/tools/HPMicro/sdk_env/toolchains/rv32imac_zicsr_zifencei_multilib_b_ext-win/bin/../lib/gcc/riscv32-unknown-elf/13.2.0/../../../../riscv32-unknown-elf/lib/rv32imac_zicsr_zifencei_zba_zbb_zbc_zbs/ilp32\libg_nano.a(lib_a-lseekr.o)
                0x8000f516                _lseek_r
 .text.__malloc_lock
                0x8000f548        0x2 D:/tools/HPMicro/sdk_env/toolchains/rv32imac_zicsr_zifencei_multilib_b_ext-win/bin/../lib/gcc/riscv32-unknown-elf/13.2.0/../../../../riscv32-unknown-elf/lib/rv32imac_zicsr_zifencei_zba_zbb_zbc_zbs/ilp32\libg_nano.a(lib_a-mlock.o)
                0x8000f548                __malloc_lock
 .text.__malloc_unlock
                0x8000f54a        0x2 D:/tools/HPMicro/sdk_env/toolchains/rv32imac_zicsr_zifencei_multilib_b_ext-win/bin/../lib/gcc/riscv32-unknown-elf/13.2.0/../../../../riscv32-unknown-elf/lib/rv32imac_zicsr_zifencei_zba_zbb_zbc_zbs/ilp32\libg_nano.a(lib_a-mlock.o)
                0x8000f54a                __malloc_unlock
 .text._malloc_usable_size_r
                0x8000f54c       0x14 D:/tools/HPMicro/sdk_env/toolchains/rv32imac_zicsr_zifencei_multilib_b_ext-win/bin/../lib/gcc/riscv32-unknown-elf/13.2.0/../../../../riscv32-unknown-elf/lib/rv32imac_zicsr_zifencei_zba_zbb_zbc_zbs/ilp32\libg_nano.a(lib_a-nano-msizer.o)
                0x8000f54c                _malloc_usable_size_r
 .text._read_r  0x8000f560       0x32 D:/tools/HPMicro/sdk_env/toolchains/rv32imac_zicsr_zifencei_multilib_b_ext-win/bin/../lib/gcc/riscv32-unknown-elf/13.2.0/../../../../riscv32-unknown-elf/lib/rv32imac_zicsr_zifencei_zba_zbb_zbc_zbs/ilp32\libg_nano.a(lib_a-readr.o)
                0x8000f560                _read_r
 .text._close   0x8000f592       0x2a D:/tools/HPMicro/sdk_env/toolchains/rv32imac_zicsr_zifencei_multilib_b_ext-win/bin/../lib/gcc/riscv32-unknown-elf/13.2.0/../../../../riscv32-unknown-elf/lib/rv32imac_zicsr_zifencei_zba_zbb_zbc_zbs/ilp32\libgloss_nano.a(sys_close.o)
                0x8000f592                _close
 .text._exit    0x8000f5bc       0x22 D:/tools/HPMicro/sdk_env/toolchains/rv32imac_zicsr_zifencei_multilib_b_ext-win/bin/../lib/gcc/riscv32-unknown-elf/13.2.0/../../../../riscv32-unknown-elf/lib/rv32imac_zicsr_zifencei_zba_zbb_zbc_zbs/ilp32\libgloss_nano.a(sys_exit.o)
                0x8000f5bc                _exit
 .text._fstat   0x8000f5de       0x38 D:/tools/HPMicro/sdk_env/toolchains/rv32imac_zicsr_zifencei_multilib_b_ext-win/bin/../lib/gcc/riscv32-unknown-elf/13.2.0/../../../../riscv32-unknown-elf/lib/rv32imac_zicsr_zifencei_zba_zbb_zbc_zbs/ilp32\libgloss_nano.a(sys_fstat.o)
                0x8000f5de                _fstat
 .text._getpid  0x8000f616        0x4 D:/tools/HPMicro/sdk_env/toolchains/rv32imac_zicsr_zifencei_multilib_b_ext-win/bin/../lib/gcc/riscv32-unknown-elf/13.2.0/../../../../riscv32-unknown-elf/lib/rv32imac_zicsr_zifencei_zba_zbb_zbc_zbs/ilp32\libgloss_nano.a(sys_getpid.o)
                0x8000f616                _getpid
 .text._isatty  0x8000f61a       0x20 D:/tools/HPMicro/sdk_env/toolchains/rv32imac_zicsr_zifencei_multilib_b_ext-win/bin/../lib/gcc/riscv32-unknown-elf/13.2.0/../../../../riscv32-unknown-elf/lib/rv32imac_zicsr_zifencei_zba_zbb_zbc_zbs/ilp32\libgloss_nano.a(sys_isatty.o)
                0x8000f61a                _isatty
 .text._kill    0x8000f63a       0x14 D:/tools/HPMicro/sdk_env/toolchains/rv32imac_zicsr_zifencei_multilib_b_ext-win/bin/../lib/gcc/riscv32-unknown-elf/13.2.0/../../../../riscv32-unknown-elf/lib/rv32imac_zicsr_zifencei_zba_zbb_zbc_zbs/ilp32\libgloss_nano.a(sys_kill.o)
                0x8000f63a                _kill
 .text._lseek   0x8000f64e       0x2a D:/tools/HPMicro/sdk_env/toolchains/rv32imac_zicsr_zifencei_multilib_b_ext-win/bin/../lib/gcc/riscv32-unknown-elf/13.2.0/../../../../riscv32-unknown-elf/lib/rv32imac_zicsr_zifencei_zba_zbb_zbc_zbs/ilp32\libgloss_nano.a(sys_lseek.o)
                0x8000f64e                _lseek
 .text._read    0x8000f678       0x2a D:/tools/HPMicro/sdk_env/toolchains/rv32imac_zicsr_zifencei_multilib_b_ext-win/bin/../lib/gcc/riscv32-unknown-elf/13.2.0/../../../../riscv32-unknown-elf/lib/rv32imac_zicsr_zifencei_zba_zbb_zbc_zbs/ilp32\libgloss_nano.a(sys_read.o)
                0x8000f678                _read
 .text._conv_stat
                0x8000f6a2       0x4e D:/tools/HPMicro/sdk_env/toolchains/rv32imac_zicsr_zifencei_multilib_b_ext-win/bin/../lib/gcc/riscv32-unknown-elf/13.2.0/../../../../riscv32-unknown-elf/lib/rv32imac_zicsr_zifencei_zba_zbb_zbc_zbs/ilp32\libgloss_nano.a(sys_conv_stat.o)
                0x8000f6a2                _conv_stat
 *(.rodata)
 *fill*         0x8000f6f0        0x0 
 .rodata        0x8000f6f0       0x3c D:/tools/HPMicro/sdk_env/toolchains/rv32imac_zicsr_zifencei_multilib_b_ext-win/bin/../lib/gcc/riscv32-unknown-elf/13.2.0/rv32imac_zicsr_zifencei_zba_zbb_zbc_zbs/ilp32\libgcc.a(divdf3.o)
 .rodata        0x8000f72c      0x100 D:/tools/HPMicro/sdk_env/toolchains/rv32imac_zicsr_zifencei_multilib_b_ext-win/bin/../lib/gcc/riscv32-unknown-elf/13.2.0/rv32imac_zicsr_zifencei_zba_zbb_zbc_zbs/ilp32\libgcc.a(_clz.o)
                0x8000f72c                __clz_tab
 *(.rodata*)
 .rodata.__g_descriptor
                0x8000f82c       0x24 CMakeFiles/app.dir/application/source/usb_osbdm.c.obj
                0x8000f82c                __g_descriptor
 .rodata.str1.4
                0x8000f850      0x57a CMakeFiles/app.dir/application/source/usb_osbdm.c.obj
                                 0x3f (size before relaxing)
 *fill*         0x8000fdca        0x2 
 .rodata.__g_string_descriptors
                0x8000fdcc       0x10 CMakeFiles/app.dir/application/source/usb_osbdm.c.obj
 .rodata.__g_other_speed___g_config_descriptor_fs
                0x8000fddc       0x20 CMakeFiles/app.dir/application/source/usb_osbdm.c.obj
 .rodata.__g_other_speed_config_descriptor_hs
                0x8000fdfc       0x20 CMakeFiles/app.dir/application/source/usb_osbdm.c.obj
 .rodata.__g_device_quality_descriptor
                0x8000fe1c        0xa CMakeFiles/app.dir/application/source/usb_osbdm.c.obj
 *fill*         0x8000fe26        0x2 
 .rodata.__g_config_descriptor_fs
                0x8000fe28       0x20 CMakeFiles/app.dir/application/source/usb_osbdm.c.obj
 .rodata.__g_config_descriptor_hs
                0x8000fe48       0x20 CMakeFiles/app.dir/application/source/usb_osbdm.c.obj
 .rodata.__g_device_descriptor
                0x8000fe68       0x12 CMakeFiles/app.dir/application/source/usb_osbdm.c.obj
 .rodata.board_custom_init.str1.4
                0x8000fe7a       0x97 CMakeFiles/app.dir/board/source/board_custom.c.obj
 *fill*         0x8000fe7a        0x2 
 .rodata.debug_command_exec
                0x8000fe7c      0x274 CMakeFiles/app.dir/osbdm/cmd_processing.c.obj
 .rodata.t_special_feature
                0x800100f0       0xd4 CMakeFiles/app.dir/osbdm/jtag_eppc.c.obj
 .rodata.get_frequency_for_source
                0x800101c4       0x20 lib/libhpm_sdk_lib.a(hpm_clock_drv.c.obj)
 .rodata.clock_get_frequency
                0x800101e4       0x30 lib/libhpm_sdk_lib.a(hpm_clock_drv.c.obj)
 .rodata.clock_set_source_divider
                0x80010214       0x30 lib/libhpm_sdk_lib.a(hpm_clock_drv.c.obj)
 .rodata.clock_update_core_clock
                0x80010244       0x20 lib/libhpm_sdk_lib.a(hpm_clock_drv.c.obj)
 .rodata.SEGGER_RTT_ReadUpBufferNoLock.str1.4
                0x80010264        0x9 lib/libhpm_sdk_lib.a(SEGGER_RTT.c.obj)
 .rodata.usbd_set_endpoint.str1.4
                0x80010264       0x35 lib/libhpm_sdk_lib.a(usbd_core.c.obj)
 .rodata.usbd_setup_request_handler.str1.4
                0x80010264      0x225 lib/libhpm_sdk_lib.a(usbd_core.c.obj)
 .rodata.usbd_setup_request_handler
                0x80010264       0x68 lib/libhpm_sdk_lib.a(usbd_core.c.obj)
 .rodata.usbd_event_ep0_setup_complete_handler.str1.4
                0x800102cc       0x1b lib/libhpm_sdk_lib.a(usbd_core.c.obj)
 .rodata.usbd_initialize.str1.4
                0x800102cc        0xf lib/libhpm_sdk_lib.a(usbd_core.c.obj)
 .rodata.USBD_IRQHandler.str1.4
                0x800102cc       0x43 lib/libhpm_sdk_lib.a(usb_dc_hpm.c.obj)
 .rodata.__assert_func.str1.4
                0x800102cc       0x43 D:/tools/HPMicro/sdk_env/toolchains/rv32imac_zicsr_zifencei_multilib_b_ext-win/bin/../lib/gcc/riscv32-unknown-elf/13.2.0/../../../../riscv32-unknown-elf/lib/rv32imac_zicsr_zifencei_zba_zbb_zbc_zbs/ilp32\libg_nano.a(lib_a-assert.o)
 .rodata._printf_float.str1.4
                0x800102cc       0x12 D:/tools/HPMicro/sdk_env/toolchains/rv32imac_zicsr_zifencei_multilib_b_ext-win/bin/../lib/gcc/riscv32-unknown-elf/13.2.0/../../../../riscv32-unknown-elf/lib/rv32imac_zicsr_zifencei_zba_zbb_zbc_zbs/ilp32\libg_nano.a(lib_a-nano-vfprintf_float.o)
 .rodata._printf_i.str1.4
                0x800102cc       0x25 D:/tools/HPMicro/sdk_env/toolchains/rv32imac_zicsr_zifencei_multilib_b_ext-win/bin/../lib/gcc/riscv32-unknown-elf/13.2.0/../../../../riscv32-unknown-elf/lib/rv32imac_zicsr_zifencei_zba_zbb_zbc_zbs/ilp32\libg_nano.a(lib_a-nano-vfprintf_i.o)
 .rodata._printf_i
                0x800102cc       0x58 D:/tools/HPMicro/sdk_env/toolchains/rv32imac_zicsr_zifencei_multilib_b_ext-win/bin/../lib/gcc/riscv32-unknown-elf/13.2.0/../../../../riscv32-unknown-elf/lib/rv32imac_zicsr_zifencei_zba_zbb_zbc_zbs/ilp32\libg_nano.a(lib_a-nano-vfprintf_i.o)
 .rodata._vfprintf_r.str1.4
                0x80010324       0x13 D:/tools/HPMicro/sdk_env/toolchains/rv32imac_zicsr_zifencei_multilib_b_ext-win/bin/../lib/gcc/riscv32-unknown-elf/13.2.0/../../../../riscv32-unknown-elf/lib/rv32imac_zicsr_zifencei_zba_zbb_zbc_zbs/ilp32\libg_nano.a(lib_a-nano-vfprintf.o)
 .rodata._scanf_float.str1.4
                0x80010324        0x9 D:/tools/HPMicro/sdk_env/toolchains/rv32imac_zicsr_zifencei_multilib_b_ext-win/bin/../lib/gcc/riscv32-unknown-elf/13.2.0/../../../../riscv32-unknown-elf/lib/rv32imac_zicsr_zifencei_zba_zbb_zbc_zbs/ilp32\libg_nano.a(lib_a-nano-vfscanf_float.o)
 .rodata._scanf_float
                0x80010324       0x74 D:/tools/HPMicro/sdk_env/toolchains/rv32imac_zicsr_zifencei_multilib_b_ext-win/bin/../lib/gcc/riscv32-unknown-elf/13.2.0/../../../../riscv32-unknown-elf/lib/rv32imac_zicsr_zifencei_zba_zbb_zbc_zbs/ilp32\libg_nano.a(lib_a-nano-vfscanf_float.o)
 .rodata._strtod_l.str1.4
                0x80010398       0x11 D:/tools/HPMicro/sdk_env/toolchains/rv32imac_zicsr_zifencei_multilib_b_ext-win/bin/../lib/gcc/riscv32-unknown-elf/13.2.0/../../../../riscv32-unknown-elf/lib/rv32imac_zicsr_zifencei_zba_zbb_zbc_zbs/ilp32\libg_nano.a(lib_a-strtod.o)
 .rodata._strtod_l
                0x80010398       0x14 D:/tools/HPMicro/sdk_env/toolchains/rv32imac_zicsr_zifencei_multilib_b_ext-win/bin/../lib/gcc/riscv32-unknown-elf/13.2.0/../../../../riscv32-unknown-elf/lib/rv32imac_zicsr_zifencei_zba_zbb_zbc_zbs/ilp32\libg_nano.a(lib_a-strtod.o)
 .rodata.fpinan.0
                0x800103ac       0x14 D:/tools/HPMicro/sdk_env/toolchains/rv32imac_zicsr_zifencei_multilib_b_ext-win/bin/../lib/gcc/riscv32-unknown-elf/13.2.0/../../../../riscv32-unknown-elf/lib/rv32imac_zicsr_zifencei_zba_zbb_zbc_zbs/ilp32\libg_nano.a(lib_a-strtod.o)
 .rodata.fpi.1  0x800103c0       0x14 D:/tools/HPMicro/sdk_env/toolchains/rv32imac_zicsr_zifencei_multilib_b_ext-win/bin/../lib/gcc/riscv32-unknown-elf/13.2.0/../../../../riscv32-unknown-elf/lib/rv32imac_zicsr_zifencei_zba_zbb_zbc_zbs/ilp32\libg_nano.a(lib_a-strtod.o)
 *fill*         0x800103d4        0x4 
 .rodata.tinytens
                0x800103d8       0x28 D:/tools/HPMicro/sdk_env/toolchains/rv32imac_zicsr_zifencei_multilib_b_ext-win/bin/../lib/gcc/riscv32-unknown-elf/13.2.0/../../../../riscv32-unknown-elf/lib/rv32imac_zicsr_zifencei_zba_zbb_zbc_zbs/ilp32\libg_nano.a(lib_a-strtod.o)
 .rodata._ctype_
                0x80010400      0x101 D:/tools/HPMicro/sdk_env/toolchains/rv32imac_zicsr_zifencei_multilib_b_ext-win/bin/../lib/gcc/riscv32-unknown-elf/13.2.0/../../../../riscv32-unknown-elf/lib/rv32imac_zicsr_zifencei_zba_zbb_zbc_zbs/ilp32\libg_nano.a(lib_a-ctype_.o)
                0x80010400                _ctype_
 .rodata._dtoa_r.str1.4
                0x80010501       0x89 D:/tools/HPMicro/sdk_env/toolchains/rv32imac_zicsr_zifencei_multilib_b_ext-win/bin/../lib/gcc/riscv32-unknown-elf/13.2.0/../../../../riscv32-unknown-elf/lib/rv32imac_zicsr_zifencei_zba_zbb_zbc_zbs/ilp32\libg_nano.a(lib_a-dtoa.o)
 *fill*         0x80010501        0x3 
 .rodata.__sf_fake_stderr
                0x80010504       0x20 D:/tools/HPMicro/sdk_env/toolchains/rv32imac_zicsr_zifencei_multilib_b_ext-win/bin/../lib/gcc/riscv32-unknown-elf/13.2.0/../../../../riscv32-unknown-elf/lib/rv32imac_zicsr_zifencei_zba_zbb_zbc_zbs/ilp32\libg_nano.a(lib_a-findfp.o)
                0x80010504                __sf_fake_stderr
 .rodata.__sf_fake_stdout
                0x80010524       0x20 D:/tools/HPMicro/sdk_env/toolchains/rv32imac_zicsr_zifencei_multilib_b_ext-win/bin/../lib/gcc/riscv32-unknown-elf/13.2.0/../../../../riscv32-unknown-elf/lib/rv32imac_zicsr_zifencei_zba_zbb_zbc_zbs/ilp32\libg_nano.a(lib_a-findfp.o)
                0x80010524                __sf_fake_stdout
 .rodata.__sf_fake_stdin
                0x80010544       0x20 D:/tools/HPMicro/sdk_env/toolchains/rv32imac_zicsr_zifencei_multilib_b_ext-win/bin/../lib/gcc/riscv32-unknown-elf/13.2.0/../../../../riscv32-unknown-elf/lib/rv32imac_zicsr_zifencei_zba_zbb_zbc_zbs/ilp32\libg_nano.a(lib_a-findfp.o)
                0x80010544                __sf_fake_stdin
 .rodata.__gethex.str1.4
                0x80010564       0x65 D:/tools/HPMicro/sdk_env/toolchains/rv32imac_zicsr_zifencei_multilib_b_ext-win/bin/../lib/gcc/riscv32-unknown-elf/13.2.0/../../../../riscv32-unknown-elf/lib/rv32imac_zicsr_zifencei_zba_zbb_zbc_zbs/ilp32\libg_nano.a(lib_a-gdtoa-gethex.o)
 .rodata.str1.4
                0x80010564        0x5 D:/tools/HPMicro/sdk_env/toolchains/rv32imac_zicsr_zifencei_multilib_b_ext-win/bin/../lib/gcc/riscv32-unknown-elf/13.2.0/../../../../riscv32-unknown-elf/lib/rv32imac_zicsr_zifencei_zba_zbb_zbc_zbs/ilp32\libg_nano.a(lib_a-lnumeric.o)
 .rodata._C_numeric_locale
                0x80010564        0xc D:/tools/HPMicro/sdk_env/toolchains/rv32imac_zicsr_zifencei_multilib_b_ext-win/bin/../lib/gcc/riscv32-unknown-elf/13.2.0/../../../../riscv32-unknown-elf/lib/rv32imac_zicsr_zifencei_zba_zbb_zbc_zbs/ilp32\libg_nano.a(lib_a-lnumeric.o)
                0x80010564                _C_numeric_locale
 .rodata._setlocale_r.str1.4
                0x80010570        0xd D:/tools/HPMicro/sdk_env/toolchains/rv32imac_zicsr_zifencei_multilib_b_ext-win/bin/../lib/gcc/riscv32-unknown-elf/13.2.0/../../../../riscv32-unknown-elf/lib/rv32imac_zicsr_zifencei_zba_zbb_zbc_zbs/ilp32\libg_nano.a(lib_a-locale.o)
 .rodata.str1.4
                0x80010570        0x2 D:/tools/HPMicro/sdk_env/toolchains/rv32imac_zicsr_zifencei_multilib_b_ext-win/bin/../lib/gcc/riscv32-unknown-elf/13.2.0/../../../../riscv32-unknown-elf/lib/rv32imac_zicsr_zifencei_zba_zbb_zbc_zbs/ilp32\libg_nano.a(lib_a-locale.o)
 .rodata._Balloc.str1.4
                0x80010570       0x62 D:/tools/HPMicro/sdk_env/toolchains/rv32imac_zicsr_zifencei_multilib_b_ext-win/bin/../lib/gcc/riscv32-unknown-elf/13.2.0/../../../../riscv32-unknown-elf/lib/rv32imac_zicsr_zifencei_zba_zbb_zbc_zbs/ilp32\libg_nano.a(lib_a-mprec.o)
 .rodata.__multadd.str1.4
                0x80010570       0x11 D:/tools/HPMicro/sdk_env/toolchains/rv32imac_zicsr_zifencei_multilib_b_ext-win/bin/../lib/gcc/riscv32-unknown-elf/13.2.0/../../../../riscv32-unknown-elf/lib/rv32imac_zicsr_zifencei_zba_zbb_zbc_zbs/ilp32\libg_nano.a(lib_a-mprec.o)
 .rodata.p05.0  0x80010570        0xc D:/tools/HPMicro/sdk_env/toolchains/rv32imac_zicsr_zifencei_multilib_b_ext-win/bin/../lib/gcc/riscv32-unknown-elf/13.2.0/../../../../riscv32-unknown-elf/lib/rv32imac_zicsr_zifencei_zba_zbb_zbc_zbs/ilp32\libg_nano.a(lib_a-mprec.o)
 *fill*         0x8001057c        0x4 
 .rodata.__mprec_bigtens
                0x80010580       0x28 D:/tools/HPMicro/sdk_env/toolchains/rv32imac_zicsr_zifencei_multilib_b_ext-win/bin/../lib/gcc/riscv32-unknown-elf/13.2.0/../../../../riscv32-unknown-elf/lib/rv32imac_zicsr_zifencei_zba_zbb_zbc_zbs/ilp32\libg_nano.a(lib_a-mprec.o)
                0x80010580                __mprec_bigtens
 .rodata.__mprec_tens
                0x800105a8       0xc8 D:/tools/HPMicro/sdk_env/toolchains/rv32imac_zicsr_zifencei_multilib_b_ext-win/bin/../lib/gcc/riscv32-unknown-elf/13.2.0/../../../../riscv32-unknown-elf/lib/rv32imac_zicsr_zifencei_zba_zbb_zbc_zbs/ilp32\libg_nano.a(lib_a-mprec.o)
                0x800105a8                __mprec_tens
 .rodata._svfprintf_r.str1.4
                0x80010670       0x13 D:/tools/HPMicro/sdk_env/toolchains/rv32imac_zicsr_zifencei_multilib_b_ext-win/bin/../lib/gcc/riscv32-unknown-elf/13.2.0/../../../../riscv32-unknown-elf/lib/rv32imac_zicsr_zifencei_zba_zbb_zbc_zbs/ilp32\libg_nano.a(lib_a-nano-svfprintf.o)
 *(.srodata)
 *(.srodata*)
 .srodata.FIRMWARE_TYPE
                0x80010670        0x1 CMakeFiles/app.dir/osbdm/jtag_eppc.c.obj
                0x80010670                FIRMWARE_TYPE
 .srodata.TARGET_TYPE
                0x80010671        0x1 CMakeFiles/app.dir/osbdm/jtag_eppc.c.obj
                0x80010671                TARGET_TYPE
 *fill*         0x80010672        0x2 
 .srodata.s_wdgs
                0x80010674        0x8 lib/libhpm_sdk_lib.a(hpm_clock_drv.c.obj)
 .srodata.s_adc_clk_mux_node
                0x8001067c        0x8 lib/libhpm_sdk_lib.a(hpm_clock_drv.c.obj)
 *fill*         0x80010684        0x4 
 .srodata.cst8  0x80010688       0x90 lib/libhpm_sdk_lib.a(hpm_pllctlv2_drv.c.obj)
                                 0x18 (size before relaxing)
 .srodata._global_impure_ptr
                0x80010718        0x4 D:/tools/HPMicro/sdk_env/toolchains/rv32imac_zicsr_zifencei_multilib_b_ext-win/bin/../lib/gcc/riscv32-unknown-elf/13.2.0/../../../../riscv32-unknown-elf/lib/rv32imac_zicsr_zifencei_zba_zbb_zbc_zbs/ilp32\libg_nano.a(lib_a-impure.o)
                0x80010718                _global_impure_ptr
 .srodata.cst8  0x8001071c        0x8 D:/tools/HPMicro/sdk_env/toolchains/rv32imac_zicsr_zifencei_multilib_b_ext-win/bin/../lib/gcc/riscv32-unknown-elf/13.2.0/../../../../riscv32-unknown-elf/lib/rv32imac_zicsr_zifencei_zba_zbb_zbc_zbs/ilp32\libg_nano.a(lib_a-nano-vfprintf_float.o)
 .srodata.cst4  0x8001071c        0x4 D:/tools/HPMicro/sdk_env/toolchains/rv32imac_zicsr_zifencei_multilib_b_ext-win/bin/../lib/gcc/riscv32-unknown-elf/13.2.0/../../../../riscv32-unknown-elf/lib/rv32imac_zicsr_zifencei_zba_zbb_zbc_zbs/ilp32\libg_nano.a(lib_a-sf_nan.o)
 .srodata.cst8  0x80010720       0x48 D:/tools/HPMicro/sdk_env/toolchains/rv32imac_zicsr_zifencei_multilib_b_ext-win/bin/../lib/gcc/riscv32-unknown-elf/13.2.0/../../../../riscv32-unknown-elf/lib/rv32imac_zicsr_zifencei_zba_zbb_zbc_zbs/ilp32\libg_nano.a(lib_a-strtod.o)
 .srodata.cst8  0x80010720       0x48 D:/tools/HPMicro/sdk_env/toolchains/rv32imac_zicsr_zifencei_multilib_b_ext-win/bin/../lib/gcc/riscv32-unknown-elf/13.2.0/../../../../riscv32-unknown-elf/lib/rv32imac_zicsr_zifencei_zba_zbb_zbc_zbs/ilp32\libg_nano.a(lib_a-dtoa.o)
 .srodata.cst8  0x80010720        0x8 D:/tools/HPMicro/sdk_env/toolchains/rv32imac_zicsr_zifencei_multilib_b_ext-win/bin/../lib/gcc/riscv32-unknown-elf/13.2.0/../../../../riscv32-unknown-elf/lib/rv32imac_zicsr_zifencei_zba_zbb_zbc_zbs/ilp32\libg_nano.a(lib_a-s_nan.o)
 *(.hash)
 *(.dyn*)
 *(.gnu*)
 *(.pl*)
 *(.init)
 *(.fini)
                0x80010768                        . = ALIGN (0x8)
                0x80010720                        __usbh_class_info_start__ = .
 *(.usbh_class_info)
                0x80010720                        __usbh_class_info_end__ = .
                0x80010768                        . = ALIGN (0x4)
                0x80010720                        __fsymtab_start = .
 *(FSymTab)
                0x80010720                        __fsymtab_end = .
                0x80010768                        . = ALIGN (0x4)
                0x80010720                        __vsymtab_start = .
 *(VSymTab)
                0x80010720                        __vsymtab_end = .
                0x80010768                        . = ALIGN (0x4)
                0x80010768                        . = ALIGN (0x4)
                0x80010720                        __rt_init_start = .
 *(SORT_BY_NAME(.rti_fn*))
                0x80010720                        __rt_init_end = .
                0x80010768                        . = ALIGN (0x4)
                0x80010768                        . = ALIGN (0x4)
                0x80010720                        __rtmsymtab_start = .
 *(RTMSymTab)
                0x80010720                        __rtmsymtab_end = .
                0x80010768                        . = ALIGN (0x8)

.eh_frame       0x80010720       0x28
                0x80010720                        __eh_frame_start = .
 *(.eh_frame)
 .eh_frame      0x80010720        0x0 D:/tools/HPMicro/sdk_env/toolchains/rv32imac_zicsr_zifencei_multilib_b_ext-win/bin/../lib/gcc/riscv32-unknown-elf/13.2.0/rv32imac_zicsr_zifencei_zba_zbb_zbc_zbs/ilp32\libgcc.a(_divdi3.o)
                                 0x28 (size before relaxing)
 .eh_frame      0x80010720       0x28 D:/tools/HPMicro/sdk_env/toolchains/rv32imac_zicsr_zifencei_multilib_b_ext-win/bin/../lib/gcc/riscv32-unknown-elf/13.2.0/rv32imac_zicsr_zifencei_zba_zbb_zbc_zbs/ilp32\libgcc.a(_udivdi3.o)
                0x80010748                        __eh_frame_end = .

.eh_frame_hdr   0x80010748        0x0
 *(.eh_frame_hdr)
                0x00000000                        __eh_frame_hdr_start = (SIZEOF (.eh_frame_hdr) > 0x0)?ADDR (.eh_frame_hdr):0x0
                0x00000000                        __eh_frame_hdr_end = (SIZEOF (.eh_frame_hdr) > 0x0)?.:0x0

.rel            0x80010748        0x0
 *(.rel*)
 .rela.start    0x80010748        0x0 CMakeFiles/app.dir/application/source/main.c.obj
 .rela.vector_table
                0x80010748        0x0 CMakeFiles/app.dir/application/source/main.c.obj
 .rela.text.__libc_init_array
                0x80010748        0x0 CMakeFiles/app.dir/application/source/main.c.obj
 .rela.text.c_startup
                0x80010748        0x0 CMakeFiles/app.dir/application/source/main.c.obj
 .rela.isr_vector
                0x80010748        0x0 CMakeFiles/app.dir/application/source/main.c.obj
 .rela.fw_info_table
                0x80010748        0x0 CMakeFiles/app.dir/application/source/main.c.obj
 .rela.text._sbrk
                0x80010748        0x0 CMakeFiles/app.dir/application/source/main.c.obj
 .rela.text._vfprintf_r
                0x80010748        0x0 CMakeFiles/app.dir/application/source/main.c.obj
 .rela.text._svfprintf_r
                0x80010748        0x0 CMakeFiles/app.dir/application/source/main.c.obj
                [!provide]                        PROVIDE (__etext = .)
                [!provide]                        PROVIDE (_etext = .)
                0x80010748                        PROVIDE (etext = .)
                0x80010748                        __data_load_addr__ = etext

.data           0x00080000      0x1e8 load address 0x80010748
                0x00080000                        . = ALIGN (0x8)
                0x00080000                        __data_start__ = .
                0x00080800                        __global_pointer$ = (. + 0x800)
 *(.data)
 *(.data*)
 .data.impure_data
                0x00080000       0x60 D:/tools/HPMicro/sdk_env/toolchains/rv32imac_zicsr_zifencei_multilib_b_ext-win/bin/../lib/gcc/riscv32-unknown-elf/13.2.0/../../../../riscv32-unknown-elf/lib/rv32imac_zicsr_zifencei_zba_zbb_zbc_zbs/ilp32\libg_nano.a(lib_a-impure.o)
 .data.__global_locale
                0x00080060      0x16c D:/tools/HPMicro/sdk_env/toolchains/rv32imac_zicsr_zifencei_multilib_b_ext-win/bin/../lib/gcc/riscv32-unknown-elf/13.2.0/../../../../riscv32-unknown-elf/lib/rv32imac_zicsr_zifencei_zba_zbb_zbc_zbs/ilp32\libg_nano.a(lib_a-locale.o)
                0x00080060                __global_locale
 *(.sdata)
 *(.sdata*)
 .sdata.__g_osbdm_ep_out
                0x000801cc        0x8 CMakeFiles/app.dir/application/source/usb_osbdm.c.obj
 .sdata.__g_osbdm_ep_in
                0x000801d4        0x8 CMakeFiles/app.dir/application/source/usb_osbdm.c.obj
 .sdata._impure_ptr
                0x000801dc        0x4 D:/tools/HPMicro/sdk_env/toolchains/rv32imac_zicsr_zifencei_multilib_b_ext-win/bin/../lib/gcc/riscv32-unknown-elf/13.2.0/../../../../riscv32-unknown-elf/lib/rv32imac_zicsr_zifencei_zba_zbb_zbc_zbs/ilp32\libg_nano.a(lib_a-impure.o)
                0x000801dc                _impure_ptr
 .sdata.numempty
                0x000801e0        0x2 D:/tools/HPMicro/sdk_env/toolchains/rv32imac_zicsr_zifencei_multilib_b_ext-win/bin/../lib/gcc/riscv32-unknown-elf/13.2.0/../../../../riscv32-unknown-elf/lib/rv32imac_zicsr_zifencei_zba_zbb_zbc_zbs/ilp32\libg_nano.a(lib_a-lnumeric.o)
 *(.jcr)
 *(.dynamic)
 *(.got*)
 *(.got)
 *(.gcc_except_table)
 *(.gcc_except_table.*)
                0x000801e8                        . = ALIGN (0x8)
 *fill*         0x000801e2        0x6 
                0x000801e8                        PROVIDE (__preinit_array_start = .)
 *(.preinit_array)
                0x000801e8                        PROVIDE (__preinit_array_end = .)
                0x000801e8                        . = ALIGN (0x8)
                0x000801e8                        PROVIDE (__init_array_start = .)
 *(SORT_BY_INIT_PRIORITY(.init_array.*))
 *(.init_array)
                0x000801e8                        PROVIDE (__init_array_end = .)
                0x000801e8                        . = ALIGN (0x8)
                [!provide]                        PROVIDE (__finit_array_start = .)
 *(SORT_BY_INIT_PRIORITY(.finit_array.*))
 *(.finit_array)
                [!provide]                        PROVIDE (__finit_array_end = .)
                0x000801e8                        . = ALIGN (0x8)
 *crtbegin*.o(.ctors)
 *(EXCLUDE_FILE(*crtend*.o) .ctors)
 *(SORT_BY_NAME(.ctors.*))
 *(.ctors)
                0x000801e8                        . = ALIGN (0x8)
 *crtbegin*.o(.dtors)
 *(EXCLUDE_FILE(*crtend*.o) .dtors)
 *(SORT_BY_NAME(.dtors.*))
 *(.dtors)
                0x000801e8                        . = ALIGN (0x8)
                0x000801e8                        __data_end__ = .
                [!provide]                        PROVIDE (__edata = .)
                [!provide]                        PROVIDE (_edata = .)
                [!provide]                        PROVIDE (edata = .)
                0x80010930                        __fast_load_addr__ = (etext + SIZEOF (.data))

.fast           0x00000340        0x0 load address 0x80010930
                0x00000340                        . = ALIGN (0x8)
                0x00000340                        PROVIDE (__ramfunc_start__ = .)
 *(.fast)
 *(.fast.*)
                0x00000340                        . = ALIGN (0x8)
                0x00000340                        PROVIDE (__ramfunc_end__ = .)
                0x80010930                        __tdata_load_addr__ = ((etext + SIZEOF (.data)) + SIZEOF (.fast))

.tdata          0x000801e8        0x0 load address 0x80010930
                0x000801e8                        . = ALIGN (0x8)